{
  "by_benchmark": {
    "math500": {
      "methods": {
        "naive_source_reuse": {
          "acceptance_cycles": 3958,
          "acceptance_survival_by_position": {
            "1": 1.0,
            "10": 0.32112177867609903,
            "11": 0.2887822132390096,
            "12": 0.25922182920667003,
            "13": 0.23041940373926226,
            "14": 0.2046488125315816,
            "15": 0.17710965133906012,
            "16": 0.15336028297119758,
            "2": 0.8825164224355735,
            "3": 0.7599797877716018,
            "4": 0.6488125315816069,
            "5": 0.5649317837291561,
            "6": 0.4954522486104093,
            "7": 0.4418898433552299,
            "8": 0.3969176351692774,
            "9": 0.35977766548762
          },
          "accuracy": 0.46875,
          "accuracy_delta_vs_native_ar": 0.0,
          "accuracy_delta_vs_native_ar_ci95": [
            -0.0625,
            0.0625
          ],
          "accuracy_delta_vs_source_reuse": 0.0,
          "accuracy_delta_vs_source_reuse_ci95": [
            0.0,
            0.0
          ],
          "allocated_memory_before_bytes": 27778658304,
          "cap_hit_rate": 0.53125,
          "end_to_end_speedup_vs_native_ar": 3.0828864088168477,
          "end_to_end_speedup_vs_native_ar_ci95": [
            2.9021177439628905,
            3.2776903972902627
          ],
          "end_to_end_speedup_vs_source_reuse": 1.0,
          "end_to_end_speedup_vs_source_reuse_ci95": [
            1.0,
            1.0
          ],
          "end_to_end_tokens_per_second": 137.72725275987688,
          "exact_sequence_match_rate_vs_native_ar": 0.328125,
          "exact_sequence_match_rate_vs_source_reuse": 1.0,
          "mean_acceptance_length": 7.656775400509753,
          "mean_draft_calls": 61.84375,
          "mean_input_tokens": 100.421875,
          "mean_target_calls": 61.84375,
          "output_tokens": 28285,
          "peak_allocated_memory_bytes": 28144651264,
          "peak_reserved_memory_bytes": 28397535232,
          "profile_accounted_fraction": 1.0,
          "profile_region_request_shares": {
            "draft": 0.08488771260596752,
            "prefill_full_target": 0.008818967351758304,
            "prefill_source_trunk": 0.007234925644922036,
            "unattributed_runtime": 0.009632314431384823,
            "verification_full_target": 0.502642434781422,
            "verification_source_trunk": 0.3867836451845453
          },
          "profile_region_totals_ms": {
            "draft": 17433.361248016357,
            "prefill_full_target": 1811.148386001587,
            "prefill_source_trunk": 1485.8342685699463,
            "unattributed_runtime": 1978.185204686597,
            "verification_full_target": 103227.50931930542,
            "verification_source_trunk": 79433.62831115723
          },
          "requests": 64,
          "reserved_memory_before_bytes": 28397535232,
          "speedup_vs_native_ar": 3.126863036344774,
          "speedup_vs_native_ar_ci95": [
            2.9404335047122236,
            3.3282103476175715
          ],
          "speedup_vs_source_reuse": 1.0,
          "speedup_vs_source_reuse_ci95": [
            1.0,
            1.0
          ],
          "throughput_tokens_per_second": 140.10867370822754,
          "ttft_p50_seconds": 0.04857617197558284,
          "ttft_p95_seconds": 0.06233917515492066
        },
        "native_ar": {
          "acceptance_cycles": 28063,
          "acceptance_survival_by_position": {
            "1": 1.0
          },
          "accuracy": 0.46875,
          "accuracy_delta_vs_native_ar": 0.0,
          "accuracy_delta_vs_native_ar_ci95": [
            0.0,
            0.0
          ],
          "accuracy_delta_vs_source_reuse": 0.0,
          "accuracy_delta_vs_source_reuse_ci95": [
            -0.0625,
            0.0625
          ],
          "allocated_memory_before_bytes": 27778658304,
          "cap_hit_rate": 0.53125,
          "end_to_end_speedup_vs_native_ar": 1.0,
          "end_to_end_speedup_vs_native_ar_ci95": [
            1.0,
            1.0
          ],
          "end_to_end_speedup_vs_source_reuse": 0.324371341461063,
          "end_to_end_speedup_vs_source_reuse_ci95": [
            0.3050928791296096,
            0.34457595751353887
          ],
          "end_to_end_tokens_per_second": 44.67477373346816,
          "exact_sequence_match_rate_vs_native_ar": 1.0,
          "exact_sequence_match_rate_vs_source_reuse": 0.328125,
          "mean_acceptance_length": 1.0,
          "mean_draft_calls": 0.0,
          "mean_input_tokens": 100.421875,
          "mean_target_calls": 438.484375,
          "output_tokens": 28063,
          "peak_allocated_memory_bytes": 27932407808,
          "peak_reserved_memory_bytes": 28397535232,
          "profile_accounted_fraction": 1.0,
          "profile_region_request_shares": {
            "unattributed_runtime": 1.0
          },
          "profile_region_totals_ms": {
            "unattributed_runtime": 628162.1070411056
          },
          "requests": 64,
          "reserved_memory_before_bytes": 28397535232,
          "speedup_vs_native_ar": 1.0,
          "speedup_vs_native_ar_ci95": [
            1.0,
            1.0
          ],
          "speedup_vs_source_reuse": 0.3198093387451263,
          "speedup_vs_source_reuse_ci95": [
            0.300461778501256,
            0.34008590855677506
          ],
          "throughput_tokens_per_second": 44.808062291084916,
          "ttft_p50_seconds": 0.025666575995273888,
          "ttft_p95_seconds": 0.03528187199262901
        },
        "native_target_dflash": {
          "acceptance_cycles": 3863,
          "acceptance_survival_by_position": {
            "1": 1.0,
            "10": 0.3310898265596687,
            "11": 0.2943308309603935,
            "12": 0.26171369402019157,
            "13": 0.2332384157390629,
            "14": 0.21097592544654414,
            "15": 0.18586590732591252,
            "16": 0.16463888169816204,
            "2": 0.90163085684701,
            "3": 0.779704892570541,
            "4": 0.6634739839502977,
            "5": 0.585555267926482,
            "6": 0.5185089308827336,
            "7": 0.4589697126585555,
            "8": 0.4105617395806368,
            "9": 0.368366554491328
          },
          "accuracy": 0.46875,
          "accuracy_delta_vs_native_ar": 0.0,
          "accuracy_delta_vs_native_ar_ci95": [
            -0.0625,
            0.0625
          ],
          "accuracy_delta_vs_source_reuse": 0.0,
          "accuracy_delta_vs_source_reuse_ci95": [
            0.0,
            0.0
          ],
          "allocated_memory_before_bytes": 27778658304,
          "cap_hit_rate": 0.53125,
          "end_to_end_speedup_vs_native_ar": 5.145423693462214,
          "end_to_end_speedup_vs_native_ar_ci95": [
            4.841350100184253,
            5.4792462006350116
          ],
          "end_to_end_speedup_vs_source_reuse": 1.669027985833876,
          "end_to_end_speedup_vs_source_reuse_ci95": [
            1.6394362536455473,
            1.698699781015023
          ],
          "end_to_end_tokens_per_second": 229.87063926825044,
          "exact_sequence_match_rate_vs_native_ar": 0.328125,
          "exact_sequence_match_rate_vs_source_reuse": 1.0,
          "mean_acceptance_length": 7.857222719631354,
          "mean_draft_calls": 60.359375,
          "mean_input_tokens": 100.421875,
          "mean_target_calls": 60.359375,
          "output_tokens": 28285,
          "peak_allocated_memory_bytes": 28057703936,
          "peak_reserved_memory_bytes": 28397535232,
          "profile_accounted_fraction": 1.0,
          "profile_region_request_shares": {
            "unattributed_runtime": 1.0
          },
          "profile_region_totals_ms": {
            "unattributed_runtime": 123047.46743664145
          },
          "requests": 64,
          "reserved_memory_before_bytes": 28397535232,
          "speedup_vs_native_ar": 5.222875254797348,
          "speedup_vs_native_ar_ci95": [
            4.908232752537874,
            5.568941361521039
          ],
          "speedup_vs_source_reuse": 1.670324281585023,
          "speedup_vs_source_reuse_ci95": [
            1.6401117386782142,
            1.7005741096925004
          ],
          "throughput_tokens_per_second": 234.02691975552557,
          "ttft_p50_seconds": 0.025745927006937563,
          "ttft_p95_seconds": 0.03579765810864046
        },
        "relay_f": {
          "acceptance_cycles": 4373,
          "acceptance_survival_by_position": {
            "1": 1.0,
            "10": 0.265950148639378,
            "11": 0.2346215412760119,
            "12": 0.20695174937114108,
            "13": 0.17699519780471074,
            "14": 0.15504230505373887,
            "15": 0.13308941230276697,
            "16": 0.11113651955179511,
            "2": 0.855934141321747,
            "3": 0.717813857763549,
            "4": 0.6018751429224789,
            "5": 0.5216098788017379,
            "6": 0.45346444088726273,
            "7": 0.393780013720558,
            "8": 0.35124628401554997,
            "9": 0.3048250628858907
          },
          "accuracy": 0.46875,
          "accuracy_delta_vs_native_ar": 0.0,
          "accuracy_delta_vs_native_ar_ci95": [
            -0.0625,
            0.0625
          ],
          "accuracy_delta_vs_source_reuse": 0.0,
          "accuracy_delta_vs_source_reuse_ci95": [
            0.0,
            0.0
          ],
          "allocated_memory_before_bytes": 27778658304,
          "cap_hit_rate": 0.53125,
          "end_to_end_speedup_vs_native_ar": 4.703938893682637,
          "end_to_end_speedup_vs_native_ar_ci95": [
            4.416901853097353,
            5.010405235817667
          ],
          "end_to_end_speedup_vs_source_reuse": 1.5258229690947056,
          "end_to_end_speedup_vs_source_reuse_ci95": [
            1.495761053528705,
            1.5557672756777023
          ],
          "end_to_end_tokens_per_second": 210.14740573133233,
          "exact_sequence_match_rate_vs_native_ar": 0.328125,
          "exact_sequence_match_rate_vs_source_reuse": 1.0,
          "mean_acceptance_length": 6.852934394961148,
          "mean_draft_calls": 68.328125,
          "mean_input_tokens": 100.421875,
          "mean_target_calls": 68.328125,
          "output_tokens": 28285,
          "peak_allocated_memory_bytes": 28143322624,
          "peak_reserved_memory_bytes": 28397535232,
          "profile_accounted_fraction": 1.0,
          "profile_region_request_shares": {
            "draft": 0.1384690318381832,
            "prefill_full_target": 0.013192126601378595,
            "prefill_relay": 9.823245964040518e-05,
            "relay": 0.007800566136048547,
            "unattributed_runtime": 0.010762710059460761,
            "verification_full_target": 0.8296773329052884
          },
          "profile_region_totals_ms": {
            "draft": 18637.37766313553,
            "prefill_full_target": 1775.607458114624,
            "prefill_relay": 13.22169603407383,
            "relay": 1049.924991413951,
            "unattributed_runtime": 1448.6177118029445,
            "verification_full_target": 111671.24942398071
          },
          "requests": 64,
          "reserved_memory_before_bytes": 28397535232,
          "speedup_vs_native_ar": 4.757090081799328,
          "speedup_vs_native_ar_ci95": [
            4.46259135461471,
            5.071877192298363
          ],
          "speedup_vs_source_reuse": 1.521361833411242,
          "speedup_vs_source_reuse_ci95": [
            1.4907993292721868,
            1.551545263378219
          ],
          "throughput_tokens_per_second": 213.15598870956651,
          "ttft_p50_seconds": 0.025720071513205767,
          "ttft_p95_seconds": 0.03525382778607308
        }
      },
      "paired_requests": 64
    }
  },
  "methods": {
    "naive_source_reuse": {
      "acceptance_cycles": 3958,
      "acceptance_survival_by_position": {
        "1": 1.0,
        "10": 0.32112177867609903,
        "11": 0.2887822132390096,
        "12": 0.25922182920667003,
        "13": 0.23041940373926226,
        "14": 0.2046488125315816,
        "15": 0.17710965133906012,
        "16": 0.15336028297119758,
        "2": 0.8825164224355735,
        "3": 0.7599797877716018,
        "4": 0.6488125315816069,
        "5": 0.5649317837291561,
        "6": 0.4954522486104093,
        "7": 0.4418898433552299,
        "8": 0.3969176351692774,
        "9": 0.35977766548762
      },
      "accuracy": 0.46875,
      "accuracy_delta_vs_native_ar": 0.0,
      "accuracy_delta_vs_native_ar_ci95": [
        -0.0625,
        0.0625
      ],
      "accuracy_delta_vs_source_reuse": 0.0,
      "accuracy_delta_vs_source_reuse_ci95": [
        0.0,
        0.0
      ],
      "allocated_memory_before_bytes": 27778658304,
      "cap_hit_rate": 0.53125,
      "end_to_end_speedup_vs_native_ar": 3.0828864088168477,
      "end_to_end_speedup_vs_native_ar_ci95": [
        2.9021177439628905,
        3.2776903972902627
      ],
      "end_to_end_speedup_vs_source_reuse": 1.0,
      "end_to_end_speedup_vs_source_reuse_ci95": [
        1.0,
        1.0
      ],
      "end_to_end_tokens_per_second": 137.72725275987688,
      "exact_sequence_match_rate_vs_native_ar": 0.328125,
      "exact_sequence_match_rate_vs_source_reuse": 1.0,
      "mean_acceptance_length": 7.656775400509753,
      "mean_draft_calls": 61.84375,
      "mean_input_tokens": 100.421875,
      "mean_target_calls": 61.84375,
      "output_tokens": 28285,
      "peak_allocated_memory_bytes": 28144651264,
      "peak_reserved_memory_bytes": 28397535232,
      "profile_accounted_fraction": 1.0,
      "profile_region_request_shares": {
        "draft": 0.08488771260596752,
        "prefill_full_target": 0.008818967351758304,
        "prefill_source_trunk": 0.007234925644922036,
        "unattributed_runtime": 0.009632314431384823,
        "verification_full_target": 0.502642434781422,
        "verification_source_trunk": 0.3867836451845453
      },
      "profile_region_totals_ms": {
        "draft": 17433.361248016357,
        "prefill_full_target": 1811.148386001587,
        "prefill_source_trunk": 1485.8342685699463,
        "unattributed_runtime": 1978.185204686597,
        "verification_full_target": 103227.50931930542,
        "verification_source_trunk": 79433.62831115723
      },
      "requests": 64,
      "reserved_memory_before_bytes": 28397535232,
      "speedup_vs_native_ar": 3.126863036344774,
      "speedup_vs_native_ar_ci95": [
        2.9404335047122236,
        3.3282103476175715
      ],
      "speedup_vs_source_reuse": 1.0,
      "speedup_vs_source_reuse_ci95": [
        1.0,
        1.0
      ],
      "throughput_tokens_per_second": 140.10867370822754,
      "ttft_p50_seconds": 0.04857617197558284,
      "ttft_p95_seconds": 0.06233917515492066
    },
    "native_ar": {
      "acceptance_cycles": 28063,
      "acceptance_survival_by_position": {
        "1": 1.0
      },
      "accuracy": 0.46875,
      "accuracy_delta_vs_native_ar": 0.0,
      "accuracy_delta_vs_native_ar_ci95": [
        0.0,
        0.0
      ],
      "accuracy_delta_vs_source_reuse": 0.0,
      "accuracy_delta_vs_source_reuse_ci95": [
        -0.0625,
        0.0625
      ],
      "allocated_memory_before_bytes": 27778658304,
      "cap_hit_rate": 0.53125,
      "end_to_end_speedup_vs_native_ar": 1.0,
      "end_to_end_speedup_vs_native_ar_ci95": [
        1.0,
        1.0
      ],
      "end_to_end_speedup_vs_source_reuse": 0.324371341461063,
      "end_to_end_speedup_vs_source_reuse_ci95": [
        0.3050928791296096,
        0.34457595751353887
      ],
      "end_to_end_tokens_per_second": 44.67477373346816,
      "exact_sequence_match_rate_vs_native_ar": 1.0,
      "exact_sequence_match_rate_vs_source_reuse": 0.328125,
      "mean_acceptance_length": 1.0,
      "mean_draft_calls": 0.0,
      "mean_input_tokens": 100.421875,
      "mean_target_calls": 438.484375,
      "output_tokens": 28063,
      "peak_allocated_memory_bytes": 27932407808,
      "peak_reserved_memory_bytes": 28397535232,
      "profile_accounted_fraction": 1.0,
      "profile_region_request_shares": {
        "unattributed_runtime": 1.0
      },
      "profile_region_totals_ms": {
        "unattributed_runtime": 628162.1070411056
      },
      "requests": 64,
      "reserved_memory_before_bytes": 28397535232,
      "speedup_vs_native_ar": 1.0,
      "speedup_vs_native_ar_ci95": [
        1.0,
        1.0
      ],
      "speedup_vs_source_reuse": 0.3198093387451263,
      "speedup_vs_source_reuse_ci95": [
        0.300461778501256,
        0.34008590855677506
      ],
      "throughput_tokens_per_second": 44.808062291084916,
      "ttft_p50_seconds": 0.025666575995273888,
      "ttft_p95_seconds": 0.03528187199262901
    },
    "native_target_dflash": {
      "acceptance_cycles": 3863,
      "acceptance_survival_by_position": {
        "1": 1.0,
        "10": 0.3310898265596687,
        "11": 0.2943308309603935,
        "12": 0.26171369402019157,
        "13": 0.2332384157390629,
        "14": 0.21097592544654414,
        "15": 0.18586590732591252,
        "16": 0.16463888169816204,
        "2": 0.90163085684701,
        "3": 0.779704892570541,
        "4": 0.6634739839502977,
        "5": 0.585555267926482,
        "6": 0.5185089308827336,
        "7": 0.4589697126585555,
        "8": 0.4105617395806368,
        "9": 0.368366554491328
      },
      "accuracy": 0.46875,
      "accuracy_delta_vs_native_ar": 0.0,
      "accuracy_delta_vs_native_ar_ci95": [
        -0.0625,
        0.0625
      ],
      "accuracy_delta_vs_source_reuse": 0.0,
      "accuracy_delta_vs_source_reuse_ci95": [
        0.0,
        0.0
      ],
      "allocated_memory_before_bytes": 27778658304,
      "cap_hit_rate": 0.53125,
      "end_to_end_speedup_vs_native_ar": 5.145423693462214,
      "end_to_end_speedup_vs_native_ar_ci95": [
        4.841350100184253,
        5.4792462006350116
      ],
      "end_to_end_speedup_vs_source_reuse": 1.669027985833876,
      "end_to_end_speedup_vs_source_reuse_ci95": [
        1.6394362536455473,
        1.698699781015023
      ],
      "end_to_end_tokens_per_second": 229.87063926825044,
      "exact_sequence_match_rate_vs_native_ar": 0.328125,
      "exact_sequence_match_rate_vs_source_reuse": 1.0,
      "mean_acceptance_length": 7.857222719631354,
      "mean_draft_calls": 60.359375,
      "mean_input_tokens": 100.421875,
      "mean_target_calls": 60.359375,
      "output_tokens": 28285,
      "peak_allocated_memory_bytes": 28057703936,
      "peak_reserved_memory_bytes": 28397535232,
      "profile_accounted_fraction": 1.0,
      "profile_region_request_shares": {
        "unattributed_runtime": 1.0
      },
      "profile_region_totals_ms": {
        "unattributed_runtime": 123047.46743664145
      },
      "requests": 64,
      "reserved_memory_before_bytes": 28397535232,
      "speedup_vs_native_ar": 5.222875254797348,
      "speedup_vs_native_ar_ci95": [
        4.908232752537874,
        5.568941361521039
      ],
      "speedup_vs_source_reuse": 1.670324281585023,
      "speedup_vs_source_reuse_ci95": [
        1.6401117386782142,
        1.7005741096925004
      ],
      "throughput_tokens_per_second": 234.02691975552557,
      "ttft_p50_seconds": 0.025745927006937563,
      "ttft_p95_seconds": 0.03579765810864046
    },
    "relay_f": {
      "acceptance_cycles": 4373,
      "acceptance_survival_by_position": {
        "1": 1.0,
        "10": 0.265950148639378,
        "11": 0.2346215412760119,
        "12": 0.20695174937114108,
        "13": 0.17699519780471074,
        "14": 0.15504230505373887,
        "15": 0.13308941230276697,
        "16": 0.11113651955179511,
        "2": 0.855934141321747,
        "3": 0.717813857763549,
        "4": 0.6018751429224789,
        "5": 0.5216098788017379,
        "6": 0.45346444088726273,
        "7": 0.393780013720558,
        "8": 0.35124628401554997,
        "9": 0.3048250628858907
      },
      "accuracy": 0.46875,
      "accuracy_delta_vs_native_ar": 0.0,
      "accuracy_delta_vs_native_ar_ci95": [
        -0.0625,
        0.0625
      ],
      "accuracy_delta_vs_source_reuse": 0.0,
      "accuracy_delta_vs_source_reuse_ci95": [
        0.0,
        0.0
      ],
      "allocated_memory_before_bytes": 27778658304,
      "cap_hit_rate": 0.53125,
      "end_to_end_speedup_vs_native_ar": 4.703938893682637,
      "end_to_end_speedup_vs_native_ar_ci95": [
        4.416901853097353,
        5.010405235817667
      ],
      "end_to_end_speedup_vs_source_reuse": 1.5258229690947056,
      "end_to_end_speedup_vs_source_reuse_ci95": [
        1.495761053528705,
        1.5557672756777023
      ],
      "end_to_end_tokens_per_second": 210.14740573133233,
      "exact_sequence_match_rate_vs_native_ar": 0.328125,
      "exact_sequence_match_rate_vs_source_reuse": 1.0,
      "mean_acceptance_length": 6.852934394961148,
      "mean_draft_calls": 68.328125,
      "mean_input_tokens": 100.421875,
      "mean_target_calls": 68.328125,
      "output_tokens": 28285,
      "peak_allocated_memory_bytes": 28143322624,
      "peak_reserved_memory_bytes": 28397535232,
      "profile_accounted_fraction": 1.0,
      "profile_region_request_shares": {
        "draft": 0.1384690318381832,
        "prefill_full_target": 0.013192126601378595,
        "prefill_relay": 9.823245964040518e-05,
        "relay": 0.007800566136048547,
        "unattributed_runtime": 0.010762710059460761,
        "verification_full_target": 0.8296773329052884
      },
      "profile_region_totals_ms": {
        "draft": 18637.37766313553,
        "prefill_full_target": 1775.607458114624,
        "prefill_relay": 13.22169603407383,
        "relay": 1049.924991413951,
        "unattributed_runtime": 1448.6177118029445,
        "verification_full_target": 111671.24942398071
      },
      "requests": 64,
      "reserved_memory_before_bytes": 28397535232,
      "speedup_vs_native_ar": 4.757090081799328,
      "speedup_vs_native_ar_ci95": [
        4.46259135461471,
        5.071877192298363
      ],
      "speedup_vs_source_reuse": 1.521361833411242,
      "speedup_vs_source_reuse_ci95": [
        1.4907993292721868,
        1.551545263378219
      ],
      "throughput_tokens_per_second": 213.15598870956651,
      "ttft_p50_seconds": 0.025720071513205767,
      "ttft_p95_seconds": 0.03525382778607308
    }
  },
  "paired_requests": 64,
  "scorer": "relayspec_internal"
}
