{
  "by_benchmark": {
    "math500": {
      "methods": {
        "naive_source_reuse": {
          "acceptance_cycles": 295,
          "acceptance_survival_by_position": {
            "1": 1.0,
            "10": 0.31186440677966104,
            "11": 0.2847457627118644,
            "12": 0.26440677966101694,
            "13": 0.22372881355932203,
            "14": 0.17966101694915254,
            "15": 0.16271186440677965,
            "16": 0.1423728813559322,
            "2": 0.8745762711864407,
            "3": 0.7389830508474576,
            "4": 0.6508474576271186,
            "5": 0.5559322033898305,
            "6": 0.5050847457627119,
            "7": 0.44745762711864406,
            "8": 0.4067796610169492,
            "9": 0.36271186440677966
          },
          "accuracy": 0.0,
          "accuracy_delta_vs_native_ar": 0.0,
          "accuracy_delta_vs_native_ar_ci95": [
            0.0,
            0.0
          ],
          "accuracy_delta_vs_source_reuse": 0.0,
          "accuracy_delta_vs_source_reuse_ci95": [
            0.0,
            0.0
          ],
          "allocated_memory_before_bytes": 27778656256,
          "cap_hit_rate": 1.0,
          "end_to_end_speedup_vs_native_ar": 2.9920452295767643,
          "end_to_end_speedup_vs_native_ar_ci95": [
            2.463942816322741,
            3.658106882294499
          ],
          "end_to_end_speedup_vs_source_reuse": 1.0,
          "end_to_end_speedup_vs_source_reuse_ci95": [
            1.0,
            1.0
          ],
          "end_to_end_tokens_per_second": 134.53146758211633,
          "exact_sequence_match_rate_vs_native_ar": 0.625,
          "exact_sequence_match_rate_vs_source_reuse": 1.0,
          "mean_acceptance_length": 7.653443634436998,
          "mean_draft_calls": 36.875,
          "mean_input_tokens": 92.375,
          "mean_target_calls": 36.875,
          "output_tokens": 2048,
          "peak_allocated_memory_bytes": 27962038272,
          "peak_reserved_memory_bytes": 28152168448,
          "profile_accounted_fraction": 1.0,
          "profile_region_request_shares": {
            "draft": 0.08455960886348726,
            "prefill_full_target": 0.013837379147987931,
            "prefill_source_trunk": 0.011851068516470659,
            "unattributed_runtime": 0.010434326800832026,
            "verification_full_target": 0.49769347030508015,
            "verification_source_trunk": 0.38162414636614195
          },
          "profile_region_totals_ms": {
            "draft": 1287.2681913375854,
            "prefill_full_target": 210.64924812316895,
            "prefill_source_trunk": 180.41123580932617,
            "unattributed_runtime": 158.84388739801943,
            "verification_full_target": 7576.489318847656,
            "verification_source_trunk": 5809.5423011779785
          },
          "requests": 8,
          "reserved_memory_before_bytes": 28152168448,
          "speedup_vs_native_ar": 3.0607769033152934,
          "speedup_vs_native_ar_ci95": [
            2.5088693095622503,
            3.763690466338327
          ],
          "speedup_vs_source_reuse": 1.0,
          "speedup_vs_source_reuse_ci95": [
            1.0,
            1.0
          ],
          "throughput_tokens_per_second": 138.30408771910777,
          "ttft_p50_seconds": 0.04788119101431221,
          "ttft_p95_seconds": 0.053978307801298794
        },
        "native_ar": {
          "acceptance_cycles": 2048,
          "acceptance_survival_by_position": {
            "1": 1.0
          },
          "accuracy": 0.0,
          "accuracy_delta_vs_native_ar": 0.0,
          "accuracy_delta_vs_native_ar_ci95": [
            0.0,
            0.0
          ],
          "accuracy_delta_vs_source_reuse": 0.0,
          "accuracy_delta_vs_source_reuse_ci95": [
            0.0,
            0.0
          ],
          "allocated_memory_before_bytes": 27778656256,
          "cap_hit_rate": 1.0,
          "end_to_end_speedup_vs_native_ar": 1.0,
          "end_to_end_speedup_vs_native_ar_ci95": [
            1.0,
            1.0
          ],
          "end_to_end_speedup_vs_source_reuse": 0.3342195465880219,
          "end_to_end_speedup_vs_source_reuse_ci95": [
            0.27336544503608196,
            0.40585357475642586
          ],
          "end_to_end_tokens_per_second": 44.963046097116084,
          "exact_sequence_match_rate_vs_native_ar": 1.0,
          "exact_sequence_match_rate_vs_source_reuse": 0.625,
          "mean_acceptance_length": 1.0,
          "mean_draft_calls": 0.0,
          "mean_input_tokens": 92.375,
          "mean_target_calls": 256.0,
          "output_tokens": 2048,
          "peak_allocated_memory_bytes": 27851814912,
          "peak_reserved_memory_bytes": 28152168448,
          "profile_accounted_fraction": 1.0,
          "profile_region_request_shares": {
            "unattributed_runtime": 1.0
          },
          "profile_region_totals_ms": {
            "unattributed_runtime": 45548.51545370184
          },
          "requests": 8,
          "reserved_memory_before_bytes": 28152168448,
          "speedup_vs_native_ar": 1.0,
          "speedup_vs_native_ar_ci95": [
            1.0,
            1.0
          ],
          "speedup_vs_source_reuse": 0.32671443610177725,
          "speedup_vs_source_reuse_ci95": [
            0.2656966701636128,
            0.39858592732162473
          ],
          "throughput_tokens_per_second": 45.18594202971903,
          "ttft_p50_seconds": 0.02574170206207782,
          "ttft_p95_seconds": 0.03236352723324671
        },
        "native_target_dflash": {
          "acceptance_cycles": 293,
          "acceptance_survival_by_position": {
            "1": 1.0,
            "10": 0.2935153583617747,
            "11": 0.2525597269624573,
            "12": 0.2354948805460751,
            "13": 0.20477815699658702,
            "14": 0.18771331058020477,
            "15": 0.17747440273037543,
            "16": 0.15017064846416384,
            "2": 0.9044368600682594,
            "3": 0.7986348122866894,
            "4": 0.6757679180887372,
            "5": 0.5802047781569966,
            "6": 0.5051194539249146,
            "7": 0.4402730375426621,
            "8": 0.3924914675767918,
            "9": 0.3583617747440273
          },
          "accuracy": 0.0,
          "accuracy_delta_vs_native_ar": 0.0,
          "accuracy_delta_vs_native_ar_ci95": [
            0.0,
            0.0
          ],
          "accuracy_delta_vs_source_reuse": 0.0,
          "accuracy_delta_vs_source_reuse_ci95": [
            0.0,
            0.0
          ],
          "allocated_memory_before_bytes": 27778656256,
          "cap_hit_rate": 1.0,
          "end_to_end_speedup_vs_native_ar": 4.9295272299457125,
          "end_to_end_speedup_vs_native_ar_ci95": [
            4.180588562432796,
            5.873676282479995
          ],
          "end_to_end_speedup_vs_source_reuse": 1.6475443556857634,
          "end_to_end_speedup_vs_source_reuse_ci95": [
            1.565373498396103,
            1.7255631237248474
          ],
          "end_to_end_tokens_per_second": 221.64656007703803,
          "exact_sequence_match_rate_vs_native_ar": 0.625,
          "exact_sequence_match_rate_vs_source_reuse": 1.0,
          "mean_acceptance_length": 7.594209922714296,
          "mean_draft_calls": 36.625,
          "mean_input_tokens": 92.375,
          "mean_target_calls": 36.625,
          "output_tokens": 2048,
          "peak_allocated_memory_bytes": 27921566720,
          "peak_reserved_memory_bytes": 28152168448,
          "profile_accounted_fraction": 1.0,
          "profile_region_request_shares": {
            "unattributed_runtime": 1.0
          },
          "profile_region_totals_ms": {
            "unattributed_runtime": 9239.93586585857
          },
          "requests": 8,
          "reserved_memory_before_bytes": 28152168448,
          "speedup_vs_native_ar": 5.047475251357371,
          "speedup_vs_native_ar_ci95": [
            4.265504603854944,
            6.041476049962761
          ],
          "speedup_vs_source_reuse": 1.6490830304848998,
          "speedup_vs_source_reuse_ci95": [
            1.5636721593458625,
            1.7296962791315877
          ],
          "throughput_tokens_per_second": 228.07492410427565,
          "ttft_p50_seconds": 0.025859209010377526,
          "ttft_p95_seconds": 0.031093920650891956
        },
        "relay_p": {
          "acceptance_cycles": 317,
          "acceptance_survival_by_position": {
            "1": 1.0,
            "10": 0.2744479495268139,
            "11": 0.24605678233438485,
            "12": 0.21766561514195584,
            "13": 0.1829652996845426,
            "14": 0.17034700315457413,
            "15": 0.14195583596214512,
            "16": 0.11041009463722397,
            "2": 0.8517350157728707,
            "3": 0.7003154574132492,
            "4": 0.6025236593059937,
            "5": 0.5205047318611987,
            "6": 0.4479495268138801,
            "7": 0.39747634069400634,
            "8": 0.3627760252365931,
            "9": 0.30914826498422715
          },
          "accuracy": 0.0,
          "accuracy_delta_vs_native_ar": 0.0,
          "accuracy_delta_vs_native_ar_ci95": [
            0.0,
            0.0
          ],
          "accuracy_delta_vs_source_reuse": 0.0,
          "accuracy_delta_vs_source_reuse_ci95": [
            0.0,
            0.0
          ],
          "allocated_memory_before_bytes": 27778656256,
          "cap_hit_rate": 1.0,
          "end_to_end_speedup_vs_native_ar": 4.702356349130822,
          "end_to_end_speedup_vs_native_ar_ci95": [
            3.8645443383382228,
            5.7571764241064205
          ],
          "end_to_end_speedup_vs_source_reuse": 1.5716194069018092,
          "end_to_end_speedup_vs_source_reuse_ci95": [
            1.5027390166158447,
            1.638469831361909
          ],
          "end_to_end_tokens_per_second": 211.43226529103566,
          "exact_sequence_match_rate_vs_native_ar": 0.625,
          "exact_sequence_match_rate_vs_source_reuse": 1.0,
          "mean_acceptance_length": 7.109146133160734,
          "mean_draft_calls": 39.625,
          "mean_input_tokens": 92.375,
          "mean_target_calls": 39.625,
          "output_tokens": 2048,
          "peak_allocated_memory_bytes": 27968194560,
          "peak_reserved_memory_bytes": 28152168448,
          "profile_accounted_fraction": 1.0,
          "profile_region_request_shares": {
            "draft": 0.13781152710721098,
            "prefill_full_target": 0.021983752456909422,
            "prefill_relay": 0.00016172916174387862,
            "relay": 0.007978119032617127,
            "unattributed_runtime": 0.011429362508070607,
            "verification_full_target": 0.820635509733448
          },
          "profile_region_totals_ms": {
            "draft": 1334.886173248291,
            "prefill_full_target": 212.94160079956055,
            "prefill_relay": 1.5665599703788757,
            "relay": 77.27859206497669,
            "unattributed_runtime": 110.70843129977584,
            "verification_full_target": 7948.935899734497
          },
          "requests": 8,
          "reserved_memory_before_bytes": 28152168448,
          "speedup_vs_native_ar": 4.792144307759588,
          "speedup_vs_native_ar_ci95": [
            3.922320868188342,
            5.895243911508425
          ],
          "speedup_vs_source_reuse": 1.5656627252280153,
          "speedup_vs_source_reuse_ci95": [
            1.4950806290383964,
            1.6336967339954487
          ],
          "throughput_tokens_per_second": 216.53755488847276,
          "ttft_p50_seconds": 0.02586470905225724,
          "ttft_p95_seconds": 0.03181094100000336
        }
      },
      "paired_requests": 8
    }
  },
  "methods": {
    "naive_source_reuse": {
      "acceptance_cycles": 295,
      "acceptance_survival_by_position": {
        "1": 1.0,
        "10": 0.31186440677966104,
        "11": 0.2847457627118644,
        "12": 0.26440677966101694,
        "13": 0.22372881355932203,
        "14": 0.17966101694915254,
        "15": 0.16271186440677965,
        "16": 0.1423728813559322,
        "2": 0.8745762711864407,
        "3": 0.7389830508474576,
        "4": 0.6508474576271186,
        "5": 0.5559322033898305,
        "6": 0.5050847457627119,
        "7": 0.44745762711864406,
        "8": 0.4067796610169492,
        "9": 0.36271186440677966
      },
      "accuracy": 0.0,
      "accuracy_delta_vs_native_ar": 0.0,
      "accuracy_delta_vs_native_ar_ci95": [
        0.0,
        0.0
      ],
      "accuracy_delta_vs_source_reuse": 0.0,
      "accuracy_delta_vs_source_reuse_ci95": [
        0.0,
        0.0
      ],
      "allocated_memory_before_bytes": 27778656256,
      "cap_hit_rate": 1.0,
      "end_to_end_speedup_vs_native_ar": 2.9920452295767643,
      "end_to_end_speedup_vs_native_ar_ci95": [
        2.463942816322741,
        3.658106882294499
      ],
      "end_to_end_speedup_vs_source_reuse": 1.0,
      "end_to_end_speedup_vs_source_reuse_ci95": [
        1.0,
        1.0
      ],
      "end_to_end_tokens_per_second": 134.53146758211633,
      "exact_sequence_match_rate_vs_native_ar": 0.625,
      "exact_sequence_match_rate_vs_source_reuse": 1.0,
      "mean_acceptance_length": 7.653443634436998,
      "mean_draft_calls": 36.875,
      "mean_input_tokens": 92.375,
      "mean_target_calls": 36.875,
      "output_tokens": 2048,
      "peak_allocated_memory_bytes": 27962038272,
      "peak_reserved_memory_bytes": 28152168448,
      "profile_accounted_fraction": 1.0,
      "profile_region_request_shares": {
        "draft": 0.08455960886348726,
        "prefill_full_target": 0.013837379147987931,
        "prefill_source_trunk": 0.011851068516470659,
        "unattributed_runtime": 0.010434326800832026,
        "verification_full_target": 0.49769347030508015,
        "verification_source_trunk": 0.38162414636614195
      },
      "profile_region_totals_ms": {
        "draft": 1287.2681913375854,
        "prefill_full_target": 210.64924812316895,
        "prefill_source_trunk": 180.41123580932617,
        "unattributed_runtime": 158.84388739801943,
        "verification_full_target": 7576.489318847656,
        "verification_source_trunk": 5809.5423011779785
      },
      "requests": 8,
      "reserved_memory_before_bytes": 28152168448,
      "speedup_vs_native_ar": 3.0607769033152934,
      "speedup_vs_native_ar_ci95": [
        2.5088693095622503,
        3.763690466338327
      ],
      "speedup_vs_source_reuse": 1.0,
      "speedup_vs_source_reuse_ci95": [
        1.0,
        1.0
      ],
      "throughput_tokens_per_second": 138.30408771910777,
      "ttft_p50_seconds": 0.04788119101431221,
      "ttft_p95_seconds": 0.053978307801298794
    },
    "native_ar": {
      "acceptance_cycles": 2048,
      "acceptance_survival_by_position": {
        "1": 1.0
      },
      "accuracy": 0.0,
      "accuracy_delta_vs_native_ar": 0.0,
      "accuracy_delta_vs_native_ar_ci95": [
        0.0,
        0.0
      ],
      "accuracy_delta_vs_source_reuse": 0.0,
      "accuracy_delta_vs_source_reuse_ci95": [
        0.0,
        0.0
      ],
      "allocated_memory_before_bytes": 27778656256,
      "cap_hit_rate": 1.0,
      "end_to_end_speedup_vs_native_ar": 1.0,
      "end_to_end_speedup_vs_native_ar_ci95": [
        1.0,
        1.0
      ],
      "end_to_end_speedup_vs_source_reuse": 0.3342195465880219,
      "end_to_end_speedup_vs_source_reuse_ci95": [
        0.27336544503608196,
        0.40585357475642586
      ],
      "end_to_end_tokens_per_second": 44.963046097116084,
      "exact_sequence_match_rate_vs_native_ar": 1.0,
      "exact_sequence_match_rate_vs_source_reuse": 0.625,
      "mean_acceptance_length": 1.0,
      "mean_draft_calls": 0.0,
      "mean_input_tokens": 92.375,
      "mean_target_calls": 256.0,
      "output_tokens": 2048,
      "peak_allocated_memory_bytes": 27851814912,
      "peak_reserved_memory_bytes": 28152168448,
      "profile_accounted_fraction": 1.0,
      "profile_region_request_shares": {
        "unattributed_runtime": 1.0
      },
      "profile_region_totals_ms": {
        "unattributed_runtime": 45548.51545370184
      },
      "requests": 8,
      "reserved_memory_before_bytes": 28152168448,
      "speedup_vs_native_ar": 1.0,
      "speedup_vs_native_ar_ci95": [
        1.0,
        1.0
      ],
      "speedup_vs_source_reuse": 0.32671443610177725,
      "speedup_vs_source_reuse_ci95": [
        0.2656966701636128,
        0.39858592732162473
      ],
      "throughput_tokens_per_second": 45.18594202971903,
      "ttft_p50_seconds": 0.02574170206207782,
      "ttft_p95_seconds": 0.03236352723324671
    },
    "native_target_dflash": {
      "acceptance_cycles": 293,
      "acceptance_survival_by_position": {
        "1": 1.0,
        "10": 0.2935153583617747,
        "11": 0.2525597269624573,
        "12": 0.2354948805460751,
        "13": 0.20477815699658702,
        "14": 0.18771331058020477,
        "15": 0.17747440273037543,
        "16": 0.15017064846416384,
        "2": 0.9044368600682594,
        "3": 0.7986348122866894,
        "4": 0.6757679180887372,
        "5": 0.5802047781569966,
        "6": 0.5051194539249146,
        "7": 0.4402730375426621,
        "8": 0.3924914675767918,
        "9": 0.3583617747440273
      },
      "accuracy": 0.0,
      "accuracy_delta_vs_native_ar": 0.0,
      "accuracy_delta_vs_native_ar_ci95": [
        0.0,
        0.0
      ],
      "accuracy_delta_vs_source_reuse": 0.0,
      "accuracy_delta_vs_source_reuse_ci95": [
        0.0,
        0.0
      ],
      "allocated_memory_before_bytes": 27778656256,
      "cap_hit_rate": 1.0,
      "end_to_end_speedup_vs_native_ar": 4.9295272299457125,
      "end_to_end_speedup_vs_native_ar_ci95": [
        4.180588562432796,
        5.873676282479995
      ],
      "end_to_end_speedup_vs_source_reuse": 1.6475443556857634,
      "end_to_end_speedup_vs_source_reuse_ci95": [
        1.565373498396103,
        1.7255631237248474
      ],
      "end_to_end_tokens_per_second": 221.64656007703803,
      "exact_sequence_match_rate_vs_native_ar": 0.625,
      "exact_sequence_match_rate_vs_source_reuse": 1.0,
      "mean_acceptance_length": 7.594209922714296,
      "mean_draft_calls": 36.625,
      "mean_input_tokens": 92.375,
      "mean_target_calls": 36.625,
      "output_tokens": 2048,
      "peak_allocated_memory_bytes": 27921566720,
      "peak_reserved_memory_bytes": 28152168448,
      "profile_accounted_fraction": 1.0,
      "profile_region_request_shares": {
        "unattributed_runtime": 1.0
      },
      "profile_region_totals_ms": {
        "unattributed_runtime": 9239.93586585857
      },
      "requests": 8,
      "reserved_memory_before_bytes": 28152168448,
      "speedup_vs_native_ar": 5.047475251357371,
      "speedup_vs_native_ar_ci95": [
        4.265504603854944,
        6.041476049962761
      ],
      "speedup_vs_source_reuse": 1.6490830304848998,
      "speedup_vs_source_reuse_ci95": [
        1.5636721593458625,
        1.7296962791315877
      ],
      "throughput_tokens_per_second": 228.07492410427565,
      "ttft_p50_seconds": 0.025859209010377526,
      "ttft_p95_seconds": 0.031093920650891956
    },
    "relay_p": {
      "acceptance_cycles": 317,
      "acceptance_survival_by_position": {
        "1": 1.0,
        "10": 0.2744479495268139,
        "11": 0.24605678233438485,
        "12": 0.21766561514195584,
        "13": 0.1829652996845426,
        "14": 0.17034700315457413,
        "15": 0.14195583596214512,
        "16": 0.11041009463722397,
        "2": 0.8517350157728707,
        "3": 0.7003154574132492,
        "4": 0.6025236593059937,
        "5": 0.5205047318611987,
        "6": 0.4479495268138801,
        "7": 0.39747634069400634,
        "8": 0.3627760252365931,
        "9": 0.30914826498422715
      },
      "accuracy": 0.0,
      "accuracy_delta_vs_native_ar": 0.0,
      "accuracy_delta_vs_native_ar_ci95": [
        0.0,
        0.0
      ],
      "accuracy_delta_vs_source_reuse": 0.0,
      "accuracy_delta_vs_source_reuse_ci95": [
        0.0,
        0.0
      ],
      "allocated_memory_before_bytes": 27778656256,
      "cap_hit_rate": 1.0,
      "end_to_end_speedup_vs_native_ar": 4.702356349130822,
      "end_to_end_speedup_vs_native_ar_ci95": [
        3.8645443383382228,
        5.7571764241064205
      ],
      "end_to_end_speedup_vs_source_reuse": 1.5716194069018092,
      "end_to_end_speedup_vs_source_reuse_ci95": [
        1.5027390166158447,
        1.638469831361909
      ],
      "end_to_end_tokens_per_second": 211.43226529103566,
      "exact_sequence_match_rate_vs_native_ar": 0.625,
      "exact_sequence_match_rate_vs_source_reuse": 1.0,
      "mean_acceptance_length": 7.109146133160734,
      "mean_draft_calls": 39.625,
      "mean_input_tokens": 92.375,
      "mean_target_calls": 39.625,
      "output_tokens": 2048,
      "peak_allocated_memory_bytes": 27968194560,
      "peak_reserved_memory_bytes": 28152168448,
      "profile_accounted_fraction": 1.0,
      "profile_region_request_shares": {
        "draft": 0.13781152710721098,
        "prefill_full_target": 0.021983752456909422,
        "prefill_relay": 0.00016172916174387862,
        "relay": 0.007978119032617127,
        "unattributed_runtime": 0.011429362508070607,
        "verification_full_target": 0.820635509733448
      },
      "profile_region_totals_ms": {
        "draft": 1334.886173248291,
        "prefill_full_target": 212.94160079956055,
        "prefill_relay": 1.5665599703788757,
        "relay": 77.27859206497669,
        "unattributed_runtime": 110.70843129977584,
        "verification_full_target": 7948.935899734497
      },
      "requests": 8,
      "reserved_memory_before_bytes": 28152168448,
      "speedup_vs_native_ar": 4.792144307759588,
      "speedup_vs_native_ar_ci95": [
        3.922320868188342,
        5.895243911508425
      ],
      "speedup_vs_source_reuse": 1.5656627252280153,
      "speedup_vs_source_reuse_ci95": [
        1.4950806290383964,
        1.6336967339954487
      ],
      "throughput_tokens_per_second": 216.53755488847276,
      "ttft_p50_seconds": 0.02586470905225724,
      "ttft_p95_seconds": 0.03181094100000336
    }
  },
  "paired_requests": 8,
  "scorer": "relayspec_internal"
}
