{
  "by_benchmark": {
    "math500": {
      "methods": {
        "naive_source_reuse": {
          "acceptance_cycles": 5967,
          "acceptance_survival_by_position": {
            "1": 1.0,
            "10": 0.07005195240489358,
            "11": 0.04005362828892241,
            "12": 0.02145131556896263,
            "13": 0.010558069381598794,
            "14": 0.005195240489358137,
            "15": 0.002011060834590246,
            "16": 0.0006703536115300822,
            "17": 0.0005027652086475615,
            "2": 0.8712921065862242,
            "3": 0.726998491704374,
            "4": 0.5904139433551199,
            "5": 0.4653929948047595,
            "6": 0.363499245852187,
            "7": 0.26177308530249704,
            "8": 0.18149824032176973,
            "9": 0.1168091168091168
          },
          "accuracy": 0.484375,
          "accuracy_delta_vs_native_ar": 0.015625,
          "accuracy_delta_vs_native_ar_ci95": [
            -0.03125,
            0.0625
          ],
          "accuracy_delta_vs_source_reuse": 0.0,
          "accuracy_delta_vs_source_reuse_ci95": [
            0.0,
            0.0
          ],
          "allocated_memory_before_bytes": 27778658304,
          "cap_hit_rate": 0.53125,
          "end_to_end_speedup_vs_native_ar": 1.9824455149822278,
          "end_to_end_speedup_vs_native_ar_ci95": [
            1.898863917726197,
            2.06749382326799
          ],
          "end_to_end_speedup_vs_source_reuse": 1.0,
          "end_to_end_speedup_vs_source_reuse_ci95": [
            1.0,
            1.0
          ],
          "end_to_end_tokens_per_second": 88.73652085985877,
          "exact_sequence_match_rate_vs_native_ar": 0.328125,
          "exact_sequence_match_rate_vs_source_reuse": 1.0,
          "mean_acceptance_length": 4.868861014904352,
          "mean_draft_calls": 93.234375,
          "mean_input_tokens": 100.421875,
          "mean_target_calls": 93.234375,
          "output_tokens": 28156,
          "peak_allocated_memory_bytes": 28157299712,
          "peak_reserved_memory_bytes": 28399632384,
          "profile_accounted_fraction": 1.0,
          "profile_region_request_shares": {
            "draft": 0.08580879992827166,
            "prefill_full_target": 0.005770629702820333,
            "prefill_source_trunk": 0.004693738422685472,
            "unattributed_runtime": 0.010051162364939144,
            "verification_full_target": 0.5026322910778103,
            "verification_source_trunk": 0.39104337850347315
          },
          "profile_region_totals_ms": {
            "draft": 27227.037384033203,
            "prefill_full_target": 1831.0144271850586,
            "prefill_source_trunk": 1489.3180141448975,
            "unattributed_runtime": 3189.222710164264,
            "verification_full_target": 159484.67046546936,
            "verification_source_trunk": 124077.63183021545
          },
          "requests": 64,
          "reserved_memory_before_bytes": 28399632384,
          "speedup_vs_native_ar": 1.9986470075858733,
          "speedup_vs_native_ar_ci95": [
            1.913644695581287,
            2.0855763851351097
          ],
          "speedup_vs_source_reuse": 1.0,
          "speedup_vs_source_reuse_ci95": [
            1.0,
            1.0
          ],
          "throughput_tokens_per_second": 89.73084552490567,
          "ttft_p50_seconds": 0.04848828061949462,
          "ttft_p95_seconds": 0.06197638758458197
        },
        "native_ar": {
          "acceptance_cycles": 28063,
          "acceptance_survival_by_position": {
            "1": 1.0
          },
          "accuracy": 0.46875,
          "accuracy_delta_vs_native_ar": 0.0,
          "accuracy_delta_vs_native_ar_ci95": [
            0.0,
            0.0
          ],
          "accuracy_delta_vs_source_reuse": -0.015625,
          "accuracy_delta_vs_source_reuse_ci95": [
            -0.0625,
            0.03125
          ],
          "allocated_memory_before_bytes": 27778658304,
          "cap_hit_rate": 0.53125,
          "end_to_end_speedup_vs_native_ar": 1.0,
          "end_to_end_speedup_vs_native_ar_ci95": [
            1.0,
            1.0
          ],
          "end_to_end_speedup_vs_source_reuse": 0.5044274823406507,
          "end_to_end_speedup_vs_source_reuse_ci95": [
            0.4836773822660043,
            0.5266306819989861
          ],
          "end_to_end_tokens_per_second": 44.7611398090072,
          "exact_sequence_match_rate_vs_native_ar": 1.0,
          "exact_sequence_match_rate_vs_source_reuse": 0.328125,
          "mean_acceptance_length": 1.0,
          "mean_draft_calls": 0.0,
          "mean_input_tokens": 100.421875,
          "mean_target_calls": 438.484375,
          "output_tokens": 28063,
          "peak_allocated_memory_bytes": 27932407808,
          "peak_reserved_memory_bytes": 28399632384,
          "profile_accounted_fraction": 1.0,
          "profile_region_request_shares": {
            "unattributed_runtime": 1.0
          },
          "profile_region_totals_ms": {
            "unattributed_runtime": 626950.0758859795
          },
          "requests": 64,
          "reserved_memory_before_bytes": 28399632384,
          "speedup_vs_native_ar": 1.0,
          "speedup_vs_native_ar_ci95": [
            1.0,
            1.0
          ],
          "speedup_vs_source_reuse": 0.5003384770819937,
          "speedup_vs_source_reuse_ci95": [
            0.4794837566890009,
            0.5225630454461895
          ],
          "throughput_tokens_per_second": 44.895794597210944,
          "ttft_p50_seconds": 0.025648811017163098,
          "ttft_p95_seconds": 0.034795314515940846
        },
        "native_target_dflash": {
          "acceptance_cycles": 4151,
          "acceptance_survival_by_position": {
            "1": 1.0,
            "10": 0.27077812575283067,
            "11": 0.23247410262587329,
            "12": 0.20043363045049387,
            "13": 0.17224765116839316,
            "14": 0.13972536738135388,
            "15": 0.11370754035172248,
            "16": 0.08985786557456035,
            "17": 0.06841724885569742,
            "18": 0.05203565405926283,
            "19": 0.036376776680317996,
            "2": 0.8927969164056854,
            "20": 0.02409058058299205,
            "21": 0.015417971573114912,
            "22": 0.008672609009877139,
            "23": 0.00481811611659841,
            "24": 0.0021681522524692846,
            "25": 0.000963623223319682,
            "26": 0.0002409058058299205,
            "3": 0.7581305709467598,
            "4": 0.6374367622259697,
            "5": 0.5475788966514094,
            "6": 0.4736208142616237,
            "7": 0.4136352686099735,
            "8": 0.36135870874488074,
            "9": 0.31317754757889665
          },
          "accuracy": 0.484375,
          "accuracy_delta_vs_native_ar": 0.015625,
          "accuracy_delta_vs_native_ar_ci95": [
            -0.03125,
            0.0625
          ],
          "accuracy_delta_vs_source_reuse": 0.0,
          "accuracy_delta_vs_source_reuse_ci95": [
            0.0,
            0.0
          ],
          "allocated_memory_before_bytes": 27778658304,
          "cap_hit_rate": 0.53125,
          "end_to_end_speedup_vs_native_ar": 4.640136918656832,
          "end_to_end_speedup_vs_native_ar_ci95": [
            4.342994119107322,
            4.97381243358169
          ],
          "end_to_end_speedup_vs_source_reuse": 2.340612583593971,
          "end_to_end_speedup_vs_source_reuse_ci95": [
            2.27347389146589,
            2.4161848994731305
          ],
          "end_to_end_tokens_per_second": 207.69781734893434,
          "exact_sequence_match_rate_vs_native_ar": 0.328125,
          "exact_sequence_match_rate_vs_source_reuse": 1.0,
          "mean_acceptance_length": 7.338633950672976,
          "mean_draft_calls": 64.859375,
          "mean_input_tokens": 100.421875,
          "mean_target_calls": 64.859375,
          "output_tokens": 28156,
          "peak_allocated_memory_bytes": 28080091648,
          "peak_reserved_memory_bytes": 28399632384,
          "profile_accounted_fraction": 1.0,
          "profile_region_request_shares": {
            "unattributed_runtime": 1.0
          },
          "profile_region_totals_ms": {
            "unattributed_runtime": 135562.3297316488
          },
          "requests": 64,
          "reserved_memory_before_bytes": 28399632384,
          "speedup_vs_native_ar": 4.7021936157681825,
          "speedup_vs_native_ar_ci95": [
            4.395854175365426,
            5.045983524065621
          ],
          "speedup_vs_source_reuse": 2.352688392658126,
          "speedup_vs_source_reuse_ci95": [
            2.2839051236386076,
            2.4303691588574834
          ],
          "throughput_tokens_per_second": 211.10871872984495,
          "ttft_p50_seconds": 0.02566139050759375,
          "ttft_p95_seconds": 0.03556993784150108
        },
        "relay_f": {
          "acceptance_cycles": 6803,
          "acceptance_survival_by_position": {
            "1": 1.0,
            "10": 0.040129354696457446,
            "11": 0.019403204468616788,
            "12": 0.00984859620755549,
            "13": 0.004556813170660003,
            "14": 0.002057915625459356,
            "15": 0.001175951785976775,
            "16": 0.00029398794649419373,
            "17": 0.00014699397324709687,
            "18": 0.00014699397324709687,
            "2": 0.8397765691606645,
            "3": 0.6664706747023372,
            "4": 0.5202116713214758,
            "5": 0.38703513155960606,
            "6": 0.2785535793032486,
            "7": 0.18491841834484787,
            "8": 0.11980008819638395,
            "9": 0.06835219755990005
          },
          "accuracy": 0.484375,
          "accuracy_delta_vs_native_ar": 0.015625,
          "accuracy_delta_vs_native_ar_ci95": [
            -0.03125,
            0.0625
          ],
          "accuracy_delta_vs_source_reuse": 0.0,
          "accuracy_delta_vs_source_reuse_ci95": [
            0.0,
            0.0
          ],
          "allocated_memory_before_bytes": 27778658304,
          "cap_hit_rate": 0.53125,
          "end_to_end_speedup_vs_native_ar": 2.934746172695994,
          "end_to_end_speedup_vs_native_ar_ci95": [
            2.8137539515410377,
            3.057024000731161
          ],
          "end_to_end_speedup_vs_source_reuse": 1.4803666232019008,
          "end_to_end_speedup_vs_source_reuse_ci95": [
            1.4592999693551771,
            1.5006766905508926
          ],
          "end_to_end_tokens_per_second": 131.36258373999416,
          "exact_sequence_match_rate_vs_native_ar": 0.328125,
          "exact_sequence_match_rate_vs_source_reuse": 1.0,
          "mean_acceptance_length": 4.240287088267615,
          "mean_draft_calls": 106.296875,
          "mean_input_tokens": 100.421875,
          "mean_target_calls": 106.296875,
          "output_tokens": 28156,
          "peak_allocated_memory_bytes": 28165553664,
          "peak_reserved_memory_bytes": 28399632384,
          "profile_accounted_fraction": 1.0,
          "profile_region_request_shares": {
            "draft": 0.14000035989297893,
            "prefill_full_target": 0.008296717216590721,
            "prefill_relay": 6.121455339600789e-05,
            "relay": 0.007821896089814134,
            "unattributed_runtime": 0.011046427217232674,
            "verification_full_target": 0.8327733850299875
          },
          "profile_region_totals_ms": {
            "draft": 30007.404094219208,
            "prefill_full_target": 1778.3021869659424,
            "prefill_relay": 13.120607987046242,
            "relay": 1676.5299527049065,
            "unattributed_runtime": 2367.6696656942368,
            "verification_full_target": 178495.0231742859
          },
          "requests": 64,
          "reserved_memory_before_bytes": 28399632384,
          "speedup_vs_native_ar": 2.952163780826743,
          "speedup_vs_native_ar_ci95": [
            2.8296226566429485,
            3.0760265020471804
          ],
          "speedup_vs_source_reuse": 1.4770811301954734,
          "speedup_vs_source_reuse_ci95": [
            1.4557395628055634,
            1.4975139852950177
          ],
          "throughput_tokens_per_second": 132.53973872132312,
          "ttft_p50_seconds": 0.025732761481776834,
          "ttft_p95_seconds": 0.034830702550243585
        }
      },
      "paired_requests": 64
    }
  },
  "methods": {
    "naive_source_reuse": {
      "acceptance_cycles": 5967,
      "acceptance_survival_by_position": {
        "1": 1.0,
        "10": 0.07005195240489358,
        "11": 0.04005362828892241,
        "12": 0.02145131556896263,
        "13": 0.010558069381598794,
        "14": 0.005195240489358137,
        "15": 0.002011060834590246,
        "16": 0.0006703536115300822,
        "17": 0.0005027652086475615,
        "2": 0.8712921065862242,
        "3": 0.726998491704374,
        "4": 0.5904139433551199,
        "5": 0.4653929948047595,
        "6": 0.363499245852187,
        "7": 0.26177308530249704,
        "8": 0.18149824032176973,
        "9": 0.1168091168091168
      },
      "accuracy": 0.484375,
      "accuracy_delta_vs_native_ar": 0.015625,
      "accuracy_delta_vs_native_ar_ci95": [
        -0.03125,
        0.0625
      ],
      "accuracy_delta_vs_source_reuse": 0.0,
      "accuracy_delta_vs_source_reuse_ci95": [
        0.0,
        0.0
      ],
      "allocated_memory_before_bytes": 27778658304,
      "cap_hit_rate": 0.53125,
      "end_to_end_speedup_vs_native_ar": 1.9824455149822278,
      "end_to_end_speedup_vs_native_ar_ci95": [
        1.898863917726197,
        2.06749382326799
      ],
      "end_to_end_speedup_vs_source_reuse": 1.0,
      "end_to_end_speedup_vs_source_reuse_ci95": [
        1.0,
        1.0
      ],
      "end_to_end_tokens_per_second": 88.73652085985877,
      "exact_sequence_match_rate_vs_native_ar": 0.328125,
      "exact_sequence_match_rate_vs_source_reuse": 1.0,
      "mean_acceptance_length": 4.868861014904352,
      "mean_draft_calls": 93.234375,
      "mean_input_tokens": 100.421875,
      "mean_target_calls": 93.234375,
      "output_tokens": 28156,
      "peak_allocated_memory_bytes": 28157299712,
      "peak_reserved_memory_bytes": 28399632384,
      "profile_accounted_fraction": 1.0,
      "profile_region_request_shares": {
        "draft": 0.08580879992827166,
        "prefill_full_target": 0.005770629702820333,
        "prefill_source_trunk": 0.004693738422685472,
        "unattributed_runtime": 0.010051162364939144,
        "verification_full_target": 0.5026322910778103,
        "verification_source_trunk": 0.39104337850347315
      },
      "profile_region_totals_ms": {
        "draft": 27227.037384033203,
        "prefill_full_target": 1831.0144271850586,
        "prefill_source_trunk": 1489.3180141448975,
        "unattributed_runtime": 3189.222710164264,
        "verification_full_target": 159484.67046546936,
        "verification_source_trunk": 124077.63183021545
      },
      "requests": 64,
      "reserved_memory_before_bytes": 28399632384,
      "speedup_vs_native_ar": 1.9986470075858733,
      "speedup_vs_native_ar_ci95": [
        1.913644695581287,
        2.0855763851351097
      ],
      "speedup_vs_source_reuse": 1.0,
      "speedup_vs_source_reuse_ci95": [
        1.0,
        1.0
      ],
      "throughput_tokens_per_second": 89.73084552490567,
      "ttft_p50_seconds": 0.04848828061949462,
      "ttft_p95_seconds": 0.06197638758458197
    },
    "native_ar": {
      "acceptance_cycles": 28063,
      "acceptance_survival_by_position": {
        "1": 1.0
      },
      "accuracy": 0.46875,
      "accuracy_delta_vs_native_ar": 0.0,
      "accuracy_delta_vs_native_ar_ci95": [
        0.0,
        0.0
      ],
      "accuracy_delta_vs_source_reuse": -0.015625,
      "accuracy_delta_vs_source_reuse_ci95": [
        -0.0625,
        0.03125
      ],
      "allocated_memory_before_bytes": 27778658304,
      "cap_hit_rate": 0.53125,
      "end_to_end_speedup_vs_native_ar": 1.0,
      "end_to_end_speedup_vs_native_ar_ci95": [
        1.0,
        1.0
      ],
      "end_to_end_speedup_vs_source_reuse": 0.5044274823406507,
      "end_to_end_speedup_vs_source_reuse_ci95": [
        0.4836773822660043,
        0.5266306819989861
      ],
      "end_to_end_tokens_per_second": 44.7611398090072,
      "exact_sequence_match_rate_vs_native_ar": 1.0,
      "exact_sequence_match_rate_vs_source_reuse": 0.328125,
      "mean_acceptance_length": 1.0,
      "mean_draft_calls": 0.0,
      "mean_input_tokens": 100.421875,
      "mean_target_calls": 438.484375,
      "output_tokens": 28063,
      "peak_allocated_memory_bytes": 27932407808,
      "peak_reserved_memory_bytes": 28399632384,
      "profile_accounted_fraction": 1.0,
      "profile_region_request_shares": {
        "unattributed_runtime": 1.0
      },
      "profile_region_totals_ms": {
        "unattributed_runtime": 626950.0758859795
      },
      "requests": 64,
      "reserved_memory_before_bytes": 28399632384,
      "speedup_vs_native_ar": 1.0,
      "speedup_vs_native_ar_ci95": [
        1.0,
        1.0
      ],
      "speedup_vs_source_reuse": 0.5003384770819937,
      "speedup_vs_source_reuse_ci95": [
        0.4794837566890009,
        0.5225630454461895
      ],
      "throughput_tokens_per_second": 44.895794597210944,
      "ttft_p50_seconds": 0.025648811017163098,
      "ttft_p95_seconds": 0.034795314515940846
    },
    "native_target_dflash": {
      "acceptance_cycles": 4151,
      "acceptance_survival_by_position": {
        "1": 1.0,
        "10": 0.27077812575283067,
        "11": 0.23247410262587329,
        "12": 0.20043363045049387,
        "13": 0.17224765116839316,
        "14": 0.13972536738135388,
        "15": 0.11370754035172248,
        "16": 0.08985786557456035,
        "17": 0.06841724885569742,
        "18": 0.05203565405926283,
        "19": 0.036376776680317996,
        "2": 0.8927969164056854,
        "20": 0.02409058058299205,
        "21": 0.015417971573114912,
        "22": 0.008672609009877139,
        "23": 0.00481811611659841,
        "24": 0.0021681522524692846,
        "25": 0.000963623223319682,
        "26": 0.0002409058058299205,
        "3": 0.7581305709467598,
        "4": 0.6374367622259697,
        "5": 0.5475788966514094,
        "6": 0.4736208142616237,
        "7": 0.4136352686099735,
        "8": 0.36135870874488074,
        "9": 0.31317754757889665
      },
      "accuracy": 0.484375,
      "accuracy_delta_vs_native_ar": 0.015625,
      "accuracy_delta_vs_native_ar_ci95": [
        -0.03125,
        0.0625
      ],
      "accuracy_delta_vs_source_reuse": 0.0,
      "accuracy_delta_vs_source_reuse_ci95": [
        0.0,
        0.0
      ],
      "allocated_memory_before_bytes": 27778658304,
      "cap_hit_rate": 0.53125,
      "end_to_end_speedup_vs_native_ar": 4.640136918656832,
      "end_to_end_speedup_vs_native_ar_ci95": [
        4.342994119107322,
        4.97381243358169
      ],
      "end_to_end_speedup_vs_source_reuse": 2.340612583593971,
      "end_to_end_speedup_vs_source_reuse_ci95": [
        2.27347389146589,
        2.4161848994731305
      ],
      "end_to_end_tokens_per_second": 207.69781734893434,
      "exact_sequence_match_rate_vs_native_ar": 0.328125,
      "exact_sequence_match_rate_vs_source_reuse": 1.0,
      "mean_acceptance_length": 7.338633950672976,
      "mean_draft_calls": 64.859375,
      "mean_input_tokens": 100.421875,
      "mean_target_calls": 64.859375,
      "output_tokens": 28156,
      "peak_allocated_memory_bytes": 28080091648,
      "peak_reserved_memory_bytes": 28399632384,
      "profile_accounted_fraction": 1.0,
      "profile_region_request_shares": {
        "unattributed_runtime": 1.0
      },
      "profile_region_totals_ms": {
        "unattributed_runtime": 135562.3297316488
      },
      "requests": 64,
      "reserved_memory_before_bytes": 28399632384,
      "speedup_vs_native_ar": 4.7021936157681825,
      "speedup_vs_native_ar_ci95": [
        4.395854175365426,
        5.045983524065621
      ],
      "speedup_vs_source_reuse": 2.352688392658126,
      "speedup_vs_source_reuse_ci95": [
        2.2839051236386076,
        2.4303691588574834
      ],
      "throughput_tokens_per_second": 211.10871872984495,
      "ttft_p50_seconds": 0.02566139050759375,
      "ttft_p95_seconds": 0.03556993784150108
    },
    "relay_f": {
      "acceptance_cycles": 6803,
      "acceptance_survival_by_position": {
        "1": 1.0,
        "10": 0.040129354696457446,
        "11": 0.019403204468616788,
        "12": 0.00984859620755549,
        "13": 0.004556813170660003,
        "14": 0.002057915625459356,
        "15": 0.001175951785976775,
        "16": 0.00029398794649419373,
        "17": 0.00014699397324709687,
        "18": 0.00014699397324709687,
        "2": 0.8397765691606645,
        "3": 0.6664706747023372,
        "4": 0.5202116713214758,
        "5": 0.38703513155960606,
        "6": 0.2785535793032486,
        "7": 0.18491841834484787,
        "8": 0.11980008819638395,
        "9": 0.06835219755990005
      },
      "accuracy": 0.484375,
      "accuracy_delta_vs_native_ar": 0.015625,
      "accuracy_delta_vs_native_ar_ci95": [
        -0.03125,
        0.0625
      ],
      "accuracy_delta_vs_source_reuse": 0.0,
      "accuracy_delta_vs_source_reuse_ci95": [
        0.0,
        0.0
      ],
      "allocated_memory_before_bytes": 27778658304,
      "cap_hit_rate": 0.53125,
      "end_to_end_speedup_vs_native_ar": 2.934746172695994,
      "end_to_end_speedup_vs_native_ar_ci95": [
        2.8137539515410377,
        3.057024000731161
      ],
      "end_to_end_speedup_vs_source_reuse": 1.4803666232019008,
      "end_to_end_speedup_vs_source_reuse_ci95": [
        1.4592999693551771,
        1.5006766905508926
      ],
      "end_to_end_tokens_per_second": 131.36258373999416,
      "exact_sequence_match_rate_vs_native_ar": 0.328125,
      "exact_sequence_match_rate_vs_source_reuse": 1.0,
      "mean_acceptance_length": 4.240287088267615,
      "mean_draft_calls": 106.296875,
      "mean_input_tokens": 100.421875,
      "mean_target_calls": 106.296875,
      "output_tokens": 28156,
      "peak_allocated_memory_bytes": 28165553664,
      "peak_reserved_memory_bytes": 28399632384,
      "profile_accounted_fraction": 1.0,
      "profile_region_request_shares": {
        "draft": 0.14000035989297893,
        "prefill_full_target": 0.008296717216590721,
        "prefill_relay": 6.121455339600789e-05,
        "relay": 0.007821896089814134,
        "unattributed_runtime": 0.011046427217232674,
        "verification_full_target": 0.8327733850299875
      },
      "profile_region_totals_ms": {
        "draft": 30007.404094219208,
        "prefill_full_target": 1778.3021869659424,
        "prefill_relay": 13.120607987046242,
        "relay": 1676.5299527049065,
        "unattributed_runtime": 2367.6696656942368,
        "verification_full_target": 178495.0231742859
      },
      "requests": 64,
      "reserved_memory_before_bytes": 28399632384,
      "speedup_vs_native_ar": 2.952163780826743,
      "speedup_vs_native_ar_ci95": [
        2.8296226566429485,
        3.0760265020471804
      ],
      "speedup_vs_source_reuse": 1.4770811301954734,
      "speedup_vs_source_reuse_ci95": [
        1.4557395628055634,
        1.4975139852950177
      ],
      "throughput_tokens_per_second": 132.53973872132312,
      "ttft_p50_seconds": 0.025732761481776834,
      "ttft_p95_seconds": 0.034830702550243585
    }
  },
  "paired_requests": 64,
  "scorer": "relayspec_internal"
}
