{
  "benchmarks": {
    "humaneval": {
      "relay_eagle3": {
        "base_pass_at_1": 0.8719512195121951,
        "base_passed": 143,
        "plus_pass_at_1": 0.823170731707317,
        "plus_passed": 135,
        "result_file": "humaneval-relay_eagle3-sanitized-full.eval_results.json",
        "samples": 164
      },
      "source_reuse_eagle3": {
        "base_pass_at_1": 0.8719512195121951,
        "base_passed": 143,
        "plus_pass_at_1": 0.823170731707317,
        "plus_passed": 135,
        "result_file": "humaneval-source_reuse_eagle3-sanitized-full.eval_results.json",
        "samples": 164
      }
    },
    "mbpp": {
      "relay_eagle3": {
        "base_pass_at_1": 0.8306878306878307,
        "base_passed": 314,
        "plus_pass_at_1": 0.7195767195767195,
        "plus_passed": 272,
        "result_file": "mbpp-relay_eagle3-sanitized-full.eval_results.json",
        "samples": 378
      },
      "source_reuse_eagle3": {
        "base_pass_at_1": 0.8306878306878307,
        "base_passed": 314,
        "plus_pass_at_1": 0.7195767195767195,
        "plus_passed": 272,
        "result_file": "mbpp-source_reuse_eagle3-sanitized-full.eval_results.json",
        "samples": 378
      }
    }
  },
  "evalplus_revision": "26d6d00bb1fd0fa37f39c99d5290da67891d1c5e",
  "paired_quality": {
    "humaneval": {
      "relay_eagle3": {
        "base": {
          "accuracy_delta": 0.0,
          "accuracy_delta_ci95": [
            0.0,
            0.0
          ],
          "bootstrap_samples": 10000,
          "bootstrap_seed": 1729,
          "candidate_accuracy": 0.8719512195121951,
          "candidate_only_passes": 0,
          "paired_tasks": 164,
          "reference_accuracy": 0.8719512195121951,
          "reference_only_passes": 0
        },
        "plus": {
          "accuracy_delta": 0.0,
          "accuracy_delta_ci95": [
            0.0,
            0.0
          ],
          "bootstrap_samples": 10000,
          "bootstrap_seed": 1729,
          "candidate_accuracy": 0.823170731707317,
          "candidate_only_passes": 0,
          "paired_tasks": 164,
          "reference_accuracy": 0.823170731707317,
          "reference_only_passes": 0
        }
      }
    },
    "mbpp": {
      "relay_eagle3": {
        "base": {
          "accuracy_delta": 0.0,
          "accuracy_delta_ci95": [
            0.0,
            0.0
          ],
          "bootstrap_samples": 10000,
          "bootstrap_seed": 1729,
          "candidate_accuracy": 0.8306878306878307,
          "candidate_only_passes": 0,
          "paired_tasks": 378,
          "reference_accuracy": 0.8306878306878307,
          "reference_only_passes": 0
        },
        "plus": {
          "accuracy_delta": 0.0,
          "accuracy_delta_ci95": [
            0.0,
            0.0
          ],
          "bootstrap_samples": 10000,
          "bootstrap_seed": 1729,
          "candidate_accuracy": 0.7195767195767195,
          "candidate_only_passes": 0,
          "paired_tasks": 378,
          "reference_accuracy": 0.7195767195767195,
          "reference_only_passes": 0
        }
      }
    }
  },
  "reference_method": "source_reuse_eagle3",
  "scorer": "EvalPlus base and plus tests"
}
