{
  "ar": {
    "tps": 11.135707906846834,
    "exact_ar": 32,
    "device_joules_per_token": 3.7670048338871043,
    "peak_allocated_GiB": 26.068480968475342
  },
  "native": {
    "tps": 70.8796845678579,
    "exact_ar": 7,
    "device_joules_per_token": 0.6071555025982218,
    "peak_allocated_GiB": 26.169132709503174
  },
  "source": {
    "tps": 50.73336965650088,
    "exact_ar": 7,
    "device_joules_per_token": 0.8363129131726432,
    "peak_allocated_GiB": 26.35141372680664
  },
  "relay": {
    "tps": 60.91689798939007,
    "exact_ar": 7,
    "device_joules_per_token": 0.7048452114648837,
    "peak_allocated_GiB": 26.192472457885742
  }
}
