Loading weights:   0%|          | 0/399 [00:00<?, ?it/s]Loading weights: 100%|██████████| 399/399 [00:00<00:00, 9095.21it/s]
Loading weights:   0%|          | 0/398 [00:00<?, ?it/s]Loading weights: 100%|██████████| 398/398 [00:00<00:00, 12047.73it/s]
Loading weights:   0%|          | 0/58 [00:00<?, ?it/s]Loading weights: 100%|██████████| 58/58 [00:00<00:00, 8765.21it/s]
Loading weights:   0%|          | 0/58 [00:00<?, ?it/s]Loading weights: 100%|██████████| 58/58 [00:00<00:00, 6548.13it/s]
{"method": "ar", "repeat": 0, "problem_id": "gsm8k/76a1374ec79f5b38", "output_tokens": 212, "seconds": 18.96269392297836}
{"method": "native", "repeat": 0, "problem_id": "gsm8k/76a1374ec79f5b38", "output_tokens": 204, "seconds": 3.264784087019507}
{"method": "source", "repeat": 0, "problem_id": "gsm8k/76a1374ec79f5b38", "output_tokens": 204, "seconds": 4.515160918992478}
{"method": "relay", "repeat": 0, "problem_id": "gsm8k/76a1374ec79f5b38", "output_tokens": 204, "seconds": 3.6708061969839036}
{"method": "native", "repeat": 0, "problem_id": "gsm8k/3b97984f83ca28b3", "output_tokens": 350, "seconds": 5.934711896989029}
{"method": "source", "repeat": 0, "problem_id": "gsm8k/3b97984f83ca28b3", "output_tokens": 350, "seconds": 8.797617589007132}
{"method": "relay", "repeat": 0, "problem_id": "gsm8k/3b97984f83ca28b3", "output_tokens": 350, "seconds": 6.25891502405284}
{"method": "ar", "repeat": 0, "problem_id": "gsm8k/3b97984f83ca28b3", "output_tokens": 333, "seconds": 29.868343307985924}
{"method": "source", "repeat": 0, "problem_id": "gsm8k/fc77826e4c9d29a9", "output_tokens": 253, "seconds": 6.759027807042003}
{"method": "relay", "repeat": 0, "problem_id": "gsm8k/fc77826e4c9d29a9", "output_tokens": 253, "seconds": 4.947592435986735}
{"method": "ar", "repeat": 0, "problem_id": "gsm8k/fc77826e4c9d29a9", "output_tokens": 280, "seconds": 25.090568008017726}
{"method": "native", "repeat": 0, "problem_id": "gsm8k/fc77826e4c9d29a9", "output_tokens": 253, "seconds": 4.727974759007338}
{"method": "relay", "repeat": 0, "problem_id": "gsm8k/a1f065b6912ef1a6", "output_tokens": 322, "seconds": 4.969525232969318}
{"method": "ar", "repeat": 0, "problem_id": "gsm8k/a1f065b6912ef1a6", "output_tokens": 322, "seconds": 28.857693341968115}
{"method": "native", "repeat": 0, "problem_id": "gsm8k/a1f065b6912ef1a6", "output_tokens": 322, "seconds": 5.136472150043119}
{"method": "source", "repeat": 0, "problem_id": "gsm8k/a1f065b6912ef1a6", "output_tokens": 322, "seconds": 6.112210660008714}
{"method": "ar", "repeat": 0, "problem_id": "gsm8k/6b14d2eb20ae834c", "output_tokens": 252, "seconds": 22.618724572996143}
{"method": "native", "repeat": 0, "problem_id": "gsm8k/6b14d2eb20ae834c", "output_tokens": 252, "seconds": 4.19179306802107}
{"method": "source", "repeat": 0, "problem_id": "gsm8k/6b14d2eb20ae834c", "output_tokens": 252, "seconds": 5.1156507130363025}
{"method": "relay", "repeat": 0, "problem_id": "gsm8k/6b14d2eb20ae834c", "output_tokens": 252, "seconds": 4.998352397989947}
{"method": "native", "repeat": 0, "problem_id": "gsm8k/1fbc3423c0dba9cb", "output_tokens": 226, "seconds": 3.5606555760023184}
{"method": "source", "repeat": 0, "problem_id": "gsm8k/1fbc3423c0dba9cb", "output_tokens": 226, "seconds": 5.060664121003356}
{"method": "relay", "repeat": 0, "problem_id": "gsm8k/1fbc3423c0dba9cb", "output_tokens": 226, "seconds": 3.8681959600071423}
{"method": "ar", "repeat": 0, "problem_id": "gsm8k/1fbc3423c0dba9cb", "output_tokens": 224, "seconds": 20.06777558400063}
{"method": "source", "repeat": 0, "problem_id": "gsm8k/2bbdc98e5efd30ec", "output_tokens": 289, "seconds": 7.941823394969106}
{"method": "relay", "repeat": 0, "problem_id": "gsm8k/2bbdc98e5efd30ec", "output_tokens": 289, "seconds": 6.855732652009465}
{"method": "ar", "repeat": 0, "problem_id": "gsm8k/2bbdc98e5efd30ec", "output_tokens": 289, "seconds": 25.917650207993574}
{"method": "native", "repeat": 0, "problem_id": "gsm8k/2bbdc98e5efd30ec", "output_tokens": 289, "seconds": 5.513642572972458}
{"method": "relay", "repeat": 0, "problem_id": "gsm8k/a9af7c4405652723", "output_tokens": 219, "seconds": 2.972921642009169}
{"method": "ar", "repeat": 0, "problem_id": "gsm8k/a9af7c4405652723", "output_tokens": 316, "seconds": 28.347778583003674}
{"method": "native", "repeat": 0, "problem_id": "gsm8k/a9af7c4405652723", "output_tokens": 219, "seconds": 2.50467324903002}
{"method": "source", "repeat": 0, "problem_id": "gsm8k/a9af7c4405652723", "output_tokens": 219, "seconds": 3.3772108150296845}
{"method": "ar", "repeat": 0, "problem_id": "math500/32", "output_tokens": 462, "seconds": 41.475038246950135}
{"method": "native", "repeat": 0, "problem_id": "math500/32", "output_tokens": 462, "seconds": 7.98190043901559}
{"method": "source", "repeat": 0, "problem_id": "math500/32", "output_tokens": 462, "seconds": 11.026984044990968}
{"method": "relay", "repeat": 0, "problem_id": "math500/32", "output_tokens": 462, "seconds": 8.629904764005914}
{"method": "native", "repeat": 0, "problem_id": "math500/33", "output_tokens": 943, "seconds": 11.599502969009336}
{"method": "source", "repeat": 0, "problem_id": "math500/33", "output_tokens": 943, "seconds": 16.026787290989887}
{"method": "relay", "repeat": 0, "problem_id": "math500/33", "output_tokens": 943, "seconds": 12.762192878988571}
{"method": "ar", "repeat": 0, "problem_id": "math500/33", "output_tokens": 916, "seconds": 82.57527998299338}
{"method": "source", "repeat": 0, "problem_id": "math500/34", "output_tokens": 685, "seconds": 8.704340748023242}
{"method": "relay", "repeat": 0, "problem_id": "math500/34", "output_tokens": 685, "seconds": 6.387306474032812}
{"method": "ar", "repeat": 0, "problem_id": "math500/34", "output_tokens": 685, "seconds": 61.53826802095864}
{"method": "native", "repeat": 0, "problem_id": "math500/34", "output_tokens": 685, "seconds": 6.457061852968764}
{"method": "relay", "repeat": 0, "problem_id": "math500/35", "output_tokens": 392, "seconds": 4.2471282060141675}
{"method": "ar", "repeat": 0, "problem_id": "math500/35", "output_tokens": 353, "seconds": 31.612586145987734}
{"method": "native", "repeat": 0, "problem_id": "math500/35", "output_tokens": 392, "seconds": 3.9699830960016698}
{"method": "source", "repeat": 0, "problem_id": "math500/35", "output_tokens": 392, "seconds": 5.988006359024439}
{"method": "ar", "repeat": 0, "problem_id": "math500/36", "output_tokens": 1164, "seconds": 104.99394613399636}
{"method": "native", "repeat": 0, "problem_id": "math500/36", "output_tokens": 1410, "seconds": 14.248551477037836}
{"method": "source", "repeat": 0, "problem_id": "math500/36", "output_tokens": 1410, "seconds": 18.860744117992}
{"method": "relay", "repeat": 0, "problem_id": "math500/36", "output_tokens": 1410, "seconds": 15.104484069044702}
{"method": "native", "repeat": 0, "problem_id": "math500/37", "output_tokens": 270, "seconds": 4.6197311579599045}
{"method": "source", "repeat": 0, "problem_id": "math500/37", "output_tokens": 270, "seconds": 7.234563024016097}
{"method": "relay", "repeat": 0, "problem_id": "math500/37", "output_tokens": 270, "seconds": 5.383450362016447}
{"method": "ar", "repeat": 0, "problem_id": "math500/37", "output_tokens": 262, "seconds": 23.42210101702949}
{"method": "source", "repeat": 0, "problem_id": "math500/38", "output_tokens": 189, "seconds": 4.131763633049559}
{"method": "relay", "repeat": 0, "problem_id": "math500/38", "output_tokens": 189, "seconds": 2.689915703027509}
{"method": "ar", "repeat": 0, "problem_id": "math500/38", "output_tokens": 189, "seconds": 16.890038148965687}
{"method": "native", "repeat": 0, "problem_id": "math500/38", "output_tokens": 189, "seconds": 2.6912700409884565}
{"method": "relay", "repeat": 0, "problem_id": "math500/39", "output_tokens": 438, "seconds": 4.234913906955626}
{"method": "ar", "repeat": 0, "problem_id": "math500/39", "output_tokens": 475, "seconds": 42.545668720966205}
{"method": "native", "repeat": 0, "problem_id": "math500/39", "output_tokens": 438, "seconds": 4.1622860609786585}
{"method": "source", "repeat": 0, "problem_id": "math500/39", "output_tokens": 438, "seconds": 5.067263991048094}
{"method": "ar", "repeat": 0, "problem_id": "HumanEval/32", "output_tokens": 734, "seconds": 66.25445821502944}
{"method": "native", "repeat": 0, "problem_id": "HumanEval/32", "output_tokens": 819, "seconds": 16.378607948019635}
{"method": "source", "repeat": 0, "problem_id": "HumanEval/32", "output_tokens": 819, "seconds": 22.44339560501976}
{"method": "relay", "repeat": 0, "problem_id": "HumanEval/32", "output_tokens": 819, "seconds": 20.052000999974553}
{"method": "native", "repeat": 0, "problem_id": "HumanEval/33", "output_tokens": 460, "seconds": 6.107260619988665}
{"method": "source", "repeat": 0, "problem_id": "HumanEval/33", "output_tokens": 460, "seconds": 8.928378232987598}
{"method": "relay", "repeat": 0, "problem_id": "HumanEval/33", "output_tokens": 460, "seconds": 9.358094542985782}
{"method": "ar", "repeat": 0, "problem_id": "HumanEval/33", "output_tokens": 461, "seconds": 41.42192905698903}
{"method": "source", "repeat": 0, "problem_id": "HumanEval/34", "output_tokens": 250, "seconds": 6.6656397670158185}
{"method": "relay", "repeat": 0, "problem_id": "HumanEval/34", "output_tokens": 250, "seconds": 7.596663008036558}
{"method": "ar", "repeat": 0, "problem_id": "HumanEval/34", "output_tokens": 265, "seconds": 23.73522878799122}
{"method": "native", "repeat": 0, "problem_id": "HumanEval/34", "output_tokens": 250, "seconds": 5.049171578022651}
{"method": "relay", "repeat": 0, "problem_id": "HumanEval/35", "output_tokens": 324, "seconds": 7.356126114027575}
{"method": "ar", "repeat": 0, "problem_id": "HumanEval/35", "output_tokens": 202, "seconds": 18.121385673002806}
{"method": "native", "repeat": 0, "problem_id": "HumanEval/35", "output_tokens": 324, "seconds": 6.0512784459860995}
{"method": "source", "repeat": 0, "problem_id": "HumanEval/35", "output_tokens": 324, "seconds": 8.769396269985009}
{"method": "ar", "repeat": 0, "problem_id": "HumanEval/36", "output_tokens": 891, "seconds": 80.25004169699969}
{"method": "native", "repeat": 0, "problem_id": "HumanEval/36", "output_tokens": 396, "seconds": 5.856463970034383}
{"method": "source", "repeat": 0, "problem_id": "HumanEval/36", "output_tokens": 396, "seconds": 8.970215601031668}
{"method": "relay", "repeat": 0, "problem_id": "HumanEval/36", "output_tokens": 396, "seconds": 7.451402342005167}
{"method": "native", "repeat": 0, "problem_id": "HumanEval/37", "output_tokens": 406, "seconds": 5.676704546029214}
{"method": "source", "repeat": 0, "problem_id": "HumanEval/37", "output_tokens": 406, "seconds": 8.059771566011477}
{"method": "relay", "repeat": 0, "problem_id": "HumanEval/37", "output_tokens": 406, "seconds": 8.025775543006603}
{"method": "ar", "repeat": 0, "problem_id": "HumanEval/37", "output_tokens": 447, "seconds": 40.132804875960574}
{"method": "source", "repeat": 0, "problem_id": "HumanEval/38", "output_tokens": 687, "seconds": 13.74987587297801}
{"method": "relay", "repeat": 0, "problem_id": "HumanEval/38", "output_tokens": 687, "seconds": 13.064667222031858}
{"method": "ar", "repeat": 0, "problem_id": "HumanEval/38", "output_tokens": 663, "seconds": 59.68582550395513}
{"method": "native", "repeat": 0, "problem_id": "HumanEval/38", "output_tokens": 687, "seconds": 9.461977433995344}
{"method": "relay", "repeat": 0, "problem_id": "HumanEval/39", "output_tokens": 644, "seconds": 11.629102281003725}
{"method": "ar", "repeat": 0, "problem_id": "HumanEval/39", "output_tokens": 623, "seconds": 55.97313016199041}
{"method": "native", "repeat": 0, "problem_id": "HumanEval/39", "output_tokens": 644, "seconds": 8.931362092960626}
{"method": "source", "repeat": 0, "problem_id": "HumanEval/39", "output_tokens": 644, "seconds": 12.204627308994532}
{"method": "ar", "repeat": 0, "problem_id": "mtbench/32", "output_tokens": 335, "seconds": 29.996381357021164}
{"method": "native", "repeat": 0, "problem_id": "mtbench/32", "output_tokens": 335, "seconds": 3.6770156789571047}
{"method": "source", "repeat": 0, "problem_id": "mtbench/32", "output_tokens": 335, "seconds": 5.703241919982247}
{"method": "relay", "repeat": 0, "problem_id": "mtbench/32", "output_tokens": 335, "seconds": 4.330062954046298}
{"method": "native", "repeat": 0, "problem_id": "mtbench/33", "output_tokens": 399, "seconds": 7.710973599983845}
{"method": "source", "repeat": 0, "problem_id": "mtbench/33", "output_tokens": 399, "seconds": 10.510686124034692}
{"method": "relay", "repeat": 0, "problem_id": "mtbench/33", "output_tokens": 399, "seconds": 7.822180883958936}
{"method": "ar", "repeat": 0, "problem_id": "mtbench/33", "output_tokens": 402, "seconds": 35.96659196499968}
{"method": "source", "repeat": 0, "problem_id": "mtbench/34", "output_tokens": 419, "seconds": 9.001439557003323}
{"method": "relay", "repeat": 0, "problem_id": "mtbench/34", "output_tokens": 419, "seconds": 6.765115791000426}
{"method": "ar", "repeat": 0, "problem_id": "mtbench/34", "output_tokens": 394, "seconds": 35.30182909802534}
{"method": "native", "repeat": 0, "problem_id": "mtbench/34", "output_tokens": 419, "seconds": 6.00651169102639}
{"method": "relay", "repeat": 0, "problem_id": "mtbench/35", "output_tokens": 251, "seconds": 3.401544902997557}
{"method": "ar", "repeat": 0, "problem_id": "mtbench/35", "output_tokens": 250, "seconds": 22.323068439029157}
{"method": "native", "repeat": 0, "problem_id": "mtbench/35", "output_tokens": 251, "seconds": 3.1664804790052585}
{"method": "source", "repeat": 0, "problem_id": "mtbench/35", "output_tokens": 251, "seconds": 4.776359066017903}
{"method": "ar", "repeat": 0, "problem_id": "mtbench/36", "output_tokens": 319, "seconds": 28.51156200899277}
{"method": "native", "repeat": 0, "problem_id": "mtbench/36", "output_tokens": 319, "seconds": 4.806614481029101}
{"method": "source", "repeat": 0, "problem_id": "mtbench/36", "output_tokens": 319, "seconds": 6.4477615900104865}
{"method": "relay", "repeat": 0, "problem_id": "mtbench/36", "output_tokens": 319, "seconds": 5.201075089047663}
{"method": "native", "repeat": 0, "problem_id": "mtbench/37", "output_tokens": 322, "seconds": 3.654201910016127}
{"method": "source", "repeat": 0, "problem_id": "mtbench/37", "output_tokens": 322, "seconds": 5.430335626995657}
{"method": "relay", "repeat": 0, "problem_id": "mtbench/37", "output_tokens": 322, "seconds": 3.860366986016743}
{"method": "ar", "repeat": 0, "problem_id": "mtbench/37", "output_tokens": 312, "seconds": 27.891989608004224}
{"method": "source", "repeat": 0, "problem_id": "mtbench/38", "output_tokens": 175, "seconds": 3.6214947000262327}
{"method": "relay", "repeat": 0, "problem_id": "mtbench/38", "output_tokens": 175, "seconds": 2.5984925710363314}
{"method": "ar", "repeat": 0, "problem_id": "mtbench/38", "output_tokens": 175, "seconds": 15.651649243023712}
{"method": "native", "repeat": 0, "problem_id": "mtbench/38", "output_tokens": 175, "seconds": 2.5914132180041634}
{"method": "relay", "repeat": 0, "problem_id": "mtbench/39", "output_tokens": 201, "seconds": 1.9635465280152857}
{"method": "ar", "repeat": 0, "problem_id": "mtbench/39", "output_tokens": 201, "seconds": 17.939853517047595}
{"method": "native", "repeat": 0, "problem_id": "mtbench/39", "output_tokens": 201, "seconds": 2.1035245489911176}
{"method": "source", "repeat": 0, "problem_id": "mtbench/39", "output_tokens": 201, "seconds": 2.3100834850338288}
{"method": "native", "repeat": 1, "problem_id": "gsm8k/76a1374ec79f5b38", "output_tokens": 204, "seconds": 3.261553815973457}
{"method": "source", "repeat": 1, "problem_id": "gsm8k/76a1374ec79f5b38", "output_tokens": 204, "seconds": 4.509588494955096}
{"method": "relay", "repeat": 1, "problem_id": "gsm8k/76a1374ec79f5b38", "output_tokens": 204, "seconds": 3.663025480986107}
{"method": "ar", "repeat": 1, "problem_id": "gsm8k/76a1374ec79f5b38", "output_tokens": 212, "seconds": 18.94729121902492}
{"method": "source", "repeat": 1, "problem_id": "gsm8k/3b97984f83ca28b3", "output_tokens": 350, "seconds": 8.79378262301907}
{"method": "relay", "repeat": 1, "problem_id": "gsm8k/3b97984f83ca28b3", "output_tokens": 350, "seconds": 6.253983961010817}
{"method": "ar", "repeat": 1, "problem_id": "gsm8k/3b97984f83ca28b3", "output_tokens": 333, "seconds": 29.842373905994464}
{"method": "native", "repeat": 1, "problem_id": "gsm8k/3b97984f83ca28b3", "output_tokens": 350, "seconds": 5.92841034498997}
{"method": "relay", "repeat": 1, "problem_id": "gsm8k/fc77826e4c9d29a9", "output_tokens": 253, "seconds": 4.945126553997397}
{"method": "ar", "repeat": 1, "problem_id": "gsm8k/fc77826e4c9d29a9", "output_tokens": 280, "seconds": 25.057803014002275}
{"method": "native", "repeat": 1, "problem_id": "gsm8k/fc77826e4c9d29a9", "output_tokens": 253, "seconds": 4.72559625597205}
{"method": "source", "repeat": 1, "problem_id": "gsm8k/fc77826e4c9d29a9", "output_tokens": 253, "seconds": 6.743871426035184}
{"method": "ar", "repeat": 1, "problem_id": "gsm8k/a1f065b6912ef1a6", "output_tokens": 322, "seconds": 28.8448527950095}
{"method": "native", "repeat": 1, "problem_id": "gsm8k/a1f065b6912ef1a6", "output_tokens": 322, "seconds": 5.128019975032657}
{"method": "source", "repeat": 1, "problem_id": "gsm8k/a1f065b6912ef1a6", "output_tokens": 322, "seconds": 6.112031942000613}
{"method": "relay", "repeat": 1, "problem_id": "gsm8k/a1f065b6912ef1a6", "output_tokens": 322, "seconds": 4.96453727997141}
{"method": "native", "repeat": 1, "problem_id": "gsm8k/6b14d2eb20ae834c", "output_tokens": 252, "seconds": 4.184152681031264}
{"method": "source", "repeat": 1, "problem_id": "gsm8k/6b14d2eb20ae834c", "output_tokens": 252, "seconds": 5.113903289020527}
{"method": "relay", "repeat": 1, "problem_id": "gsm8k/6b14d2eb20ae834c", "output_tokens": 252, "seconds": 4.994267582020257}
{"method": "ar", "repeat": 1, "problem_id": "gsm8k/6b14d2eb20ae834c", "output_tokens": 252, "seconds": 22.609578821982723}
{"method": "source", "repeat": 1, "problem_id": "gsm8k/1fbc3423c0dba9cb", "output_tokens": 226, "seconds": 5.058679028006736}
{"method": "relay", "repeat": 1, "problem_id": "gsm8k/1fbc3423c0dba9cb", "output_tokens": 226, "seconds": 3.868712371971924}
{"method": "ar", "repeat": 1, "problem_id": "gsm8k/1fbc3423c0dba9cb", "output_tokens": 224, "seconds": 20.05357232299866}
{"method": "native", "repeat": 1, "problem_id": "gsm8k/1fbc3423c0dba9cb", "output_tokens": 226, "seconds": 3.569956319988705}
{"method": "relay", "repeat": 1, "problem_id": "gsm8k/2bbdc98e5efd30ec", "output_tokens": 289, "seconds": 6.85826258698944}
{"method": "ar", "repeat": 1, "problem_id": "gsm8k/2bbdc98e5efd30ec", "output_tokens": 289, "seconds": 25.90674784302246}
{"method": "native", "repeat": 1, "problem_id": "gsm8k/2bbdc98e5efd30ec", "output_tokens": 289, "seconds": 5.5130888359854}
{"method": "source", "repeat": 1, "problem_id": "gsm8k/2bbdc98e5efd30ec", "output_tokens": 289, "seconds": 7.945237860025372}
{"method": "ar", "repeat": 1, "problem_id": "gsm8k/a9af7c4405652723", "output_tokens": 316, "seconds": 28.3380910489941}
{"method": "native", "repeat": 1, "problem_id": "gsm8k/a9af7c4405652723", "output_tokens": 219, "seconds": 2.5118062459514476}
{"method": "source", "repeat": 1, "problem_id": "gsm8k/a9af7c4405652723", "output_tokens": 219, "seconds": 3.36863511899719}
{"method": "relay", "repeat": 1, "problem_id": "gsm8k/a9af7c4405652723", "output_tokens": 219, "seconds": 2.9756485549733043}
{"method": "native", "repeat": 1, "problem_id": "math500/32", "output_tokens": 462, "seconds": 7.979163618001621}
{"method": "source", "repeat": 1, "problem_id": "math500/32", "output_tokens": 462, "seconds": 11.025889254990034}
{"method": "relay", "repeat": 1, "problem_id": "math500/32", "output_tokens": 462, "seconds": 8.627416230970994}
{"method": "ar", "repeat": 1, "problem_id": "math500/32", "output_tokens": 462, "seconds": 41.45341197995003}
{"method": "source", "repeat": 1, "problem_id": "math500/33", "output_tokens": 943, "seconds": 16.008174148970284}
{"method": "relay", "repeat": 1, "problem_id": "math500/33", "output_tokens": 943, "seconds": 12.745731864008121}
{"method": "ar", "repeat": 1, "problem_id": "math500/33", "output_tokens": 916, "seconds": 82.51743048900971}
{"method": "native", "repeat": 1, "problem_id": "math500/33", "output_tokens": 943, "seconds": 11.58391984301852}
{"method": "relay", "repeat": 1, "problem_id": "math500/34", "output_tokens": 685, "seconds": 6.3825965889845975}
{"method": "ar", "repeat": 1, "problem_id": "math500/34", "output_tokens": 685, "seconds": 61.51406738400692}
{"method": "native", "repeat": 1, "problem_id": "math500/34", "output_tokens": 685, "seconds": 6.449972718022764}
{"method": "source", "repeat": 1, "problem_id": "math500/34", "output_tokens": 685, "seconds": 8.70659826498013}
{"method": "ar", "repeat": 1, "problem_id": "math500/35", "output_tokens": 353, "seconds": 31.61642179300543}
{"method": "native", "repeat": 1, "problem_id": "math500/35", "output_tokens": 392, "seconds": 3.9717255589785054}
{"method": "source", "repeat": 1, "problem_id": "math500/35", "output_tokens": 392, "seconds": 5.992362504999619}
{"method": "relay", "repeat": 1, "problem_id": "math500/35", "output_tokens": 392, "seconds": 4.247069383971393}
{"method": "native", "repeat": 1, "problem_id": "math500/36", "output_tokens": 1410, "seconds": 14.238582901016343}
{"method": "source", "repeat": 1, "problem_id": "math500/36", "output_tokens": 1410, "seconds": 18.871223963971715}
{"method": "relay", "repeat": 1, "problem_id": "math500/36", "output_tokens": 1410, "seconds": 15.110117696982343}
{"method": "ar", "repeat": 1, "problem_id": "math500/36", "output_tokens": 1164, "seconds": 104.99848510499578}
{"method": "source", "repeat": 1, "problem_id": "math500/37", "output_tokens": 270, "seconds": 7.242033615009859}
{"method": "relay", "repeat": 1, "problem_id": "math500/37", "output_tokens": 270, "seconds": 5.3892187849851325}
{"method": "ar", "repeat": 1, "problem_id": "math500/37", "output_tokens": 262, "seconds": 23.43467640003655}
{"method": "native", "repeat": 1, "problem_id": "math500/37", "output_tokens": 270, "seconds": 4.626681718975306}
{"method": "relay", "repeat": 1, "problem_id": "math500/38", "output_tokens": 189, "seconds": 2.6857423759647645}
{"method": "ar", "repeat": 1, "problem_id": "math500/38", "output_tokens": 189, "seconds": 16.897188177041244}
{"method": "native", "repeat": 1, "problem_id": "math500/38", "output_tokens": 189, "seconds": 2.6907253590179607}
{"method": "source", "repeat": 1, "problem_id": "math500/38", "output_tokens": 189, "seconds": 4.13556892296765}
{"method": "ar", "repeat": 1, "problem_id": "math500/39", "output_tokens": 475, "seconds": 42.57254406501306}
{"method": "native", "repeat": 1, "problem_id": "math500/39", "output_tokens": 438, "seconds": 4.1576556119835}
{"method": "source", "repeat": 1, "problem_id": "math500/39", "output_tokens": 438, "seconds": 5.0709746679640375}
{"method": "relay", "repeat": 1, "problem_id": "math500/39", "output_tokens": 438, "seconds": 4.233379714016337}
{"method": "native", "repeat": 1, "problem_id": "HumanEval/32", "output_tokens": 819, "seconds": 16.380606535996776}
{"method": "source", "repeat": 1, "problem_id": "HumanEval/32", "output_tokens": 819, "seconds": 22.45057506999001}
{"method": "relay", "repeat": 1, "problem_id": "HumanEval/32", "output_tokens": 819, "seconds": 20.061697375960648}
{"method": "ar", "repeat": 1, "problem_id": "HumanEval/32", "output_tokens": 734, "seconds": 66.28190401295433}
{"method": "source", "repeat": 1, "problem_id": "HumanEval/33", "output_tokens": 460, "seconds": 8.9357962939539}
{"method": "relay", "repeat": 1, "problem_id": "HumanEval/33", "output_tokens": 460, "seconds": 9.370731904986314}
{"method": "ar", "repeat": 1, "problem_id": "HumanEval/33", "output_tokens": 461, "seconds": 41.42753745999653}
{"method": "native", "repeat": 1, "problem_id": "HumanEval/33", "output_tokens": 460, "seconds": 6.10698111099191}
{"method": "relay", "repeat": 1, "problem_id": "HumanEval/34", "output_tokens": 250, "seconds": 7.601455896976404}
{"method": "ar", "repeat": 1, "problem_id": "HumanEval/34", "output_tokens": 265, "seconds": 23.73747849999927}
{"method": "native", "repeat": 1, "problem_id": "HumanEval/34", "output_tokens": 250, "seconds": 5.04766101698624}
{"method": "source", "repeat": 1, "problem_id": "HumanEval/34", "output_tokens": 250, "seconds": 6.669432195019908}
{"method": "ar", "repeat": 1, "problem_id": "HumanEval/35", "output_tokens": 202, "seconds": 18.098930242995266}
{"method": "native", "repeat": 1, "problem_id": "HumanEval/35", "output_tokens": 324, "seconds": 6.046876562992111}
{"method": "source", "repeat": 1, "problem_id": "HumanEval/35", "output_tokens": 324, "seconds": 8.735026869981084}
{"method": "relay", "repeat": 1, "problem_id": "HumanEval/35", "output_tokens": 324, "seconds": 7.360901807027403}
{"method": "native", "repeat": 1, "problem_id": "HumanEval/36", "output_tokens": 396, "seconds": 5.855900208989624}
{"method": "source", "repeat": 1, "problem_id": "HumanEval/36", "output_tokens": 396, "seconds": 8.978256374015473}
{"method": "relay", "repeat": 1, "problem_id": "HumanEval/36", "output_tokens": 396, "seconds": 7.461143986030947}
{"method": "ar", "repeat": 1, "problem_id": "HumanEval/36", "output_tokens": 891, "seconds": 80.295079057978}
{"method": "source", "repeat": 1, "problem_id": "HumanEval/37", "output_tokens": 406, "seconds": 8.063434270967264}
{"method": "relay", "repeat": 1, "problem_id": "HumanEval/37", "output_tokens": 406, "seconds": 8.028606990992557}
{"method": "ar", "repeat": 1, "problem_id": "HumanEval/37", "output_tokens": 447, "seconds": 40.144768810947426}
{"method": "native", "repeat": 1, "problem_id": "HumanEval/37", "output_tokens": 406, "seconds": 5.678418249997776}
{"method": "relay", "repeat": 1, "problem_id": "HumanEval/38", "output_tokens": 687, "seconds": 13.07729530200595}
{"method": "ar", "repeat": 1, "problem_id": "HumanEval/38", "output_tokens": 663, "seconds": 59.73250621295301}
{"method": "native", "repeat": 1, "problem_id": "HumanEval/38", "output_tokens": 687, "seconds": 9.474055372003932}
{"method": "source", "repeat": 1, "problem_id": "HumanEval/38", "output_tokens": 687, "seconds": 13.776035621995106}
{"method": "ar", "repeat": 1, "problem_id": "HumanEval/39", "output_tokens": 623, "seconds": 56.04794869502075}
{"method": "native", "repeat": 1, "problem_id": "HumanEval/39", "output_tokens": 644, "seconds": 8.94488437200198}
{"method": "source", "repeat": 1, "problem_id": "HumanEval/39", "output_tokens": 644, "seconds": 12.229495364998002}
{"method": "relay", "repeat": 1, "problem_id": "HumanEval/39", "output_tokens": 644, "seconds": 11.650216787995305}
{"method": "native", "repeat": 1, "problem_id": "mtbench/32", "output_tokens": 335, "seconds": 3.671947515977081}
{"method": "source", "repeat": 1, "problem_id": "mtbench/32", "output_tokens": 335, "seconds": 5.720755360031035}
{"method": "relay", "repeat": 1, "problem_id": "mtbench/32", "output_tokens": 335, "seconds": 4.329459304979537}
{"method": "ar", "repeat": 1, "problem_id": "mtbench/32", "output_tokens": 335, "seconds": 30.02639623399591}
{"method": "source", "repeat": 1, "problem_id": "mtbench/33", "output_tokens": 399, "seconds": 10.529371319978964}
{"method": "relay", "repeat": 1, "problem_id": "mtbench/33", "output_tokens": 399, "seconds": 7.838260107964743}
{"method": "ar", "repeat": 1, "problem_id": "mtbench/33", "output_tokens": 402, "seconds": 36.01705129200127}
{"method": "native", "repeat": 1, "problem_id": "mtbench/33", "output_tokens": 399, "seconds": 7.719624932971783}
{"method": "relay", "repeat": 1, "problem_id": "mtbench/34", "output_tokens": 419, "seconds": 6.782047700020485}
{"method": "ar", "repeat": 1, "problem_id": "mtbench/34", "output_tokens": 394, "seconds": 35.35930011200253}
{"method": "native", "repeat": 1, "problem_id": "mtbench/34", "output_tokens": 419, "seconds": 6.015327400993556}
{"method": "source", "repeat": 1, "problem_id": "mtbench/34", "output_tokens": 419, "seconds": 9.018999905034434}
{"method": "ar", "repeat": 1, "problem_id": "mtbench/35", "output_tokens": 250, "seconds": 22.347864198032767}
{"method": "native", "repeat": 1, "problem_id": "mtbench/35", "output_tokens": 251, "seconds": 3.169039462984074}
{"method": "source", "repeat": 1, "problem_id": "mtbench/35", "output_tokens": 251, "seconds": 4.783204174949788}
{"method": "relay", "repeat": 1, "problem_id": "mtbench/35", "output_tokens": 251, "seconds": 3.4080222490010783}
{"method": "native", "repeat": 1, "problem_id": "mtbench/36", "output_tokens": 319, "seconds": 4.8103110999800265}
{"method": "source", "repeat": 1, "problem_id": "mtbench/36", "output_tokens": 319, "seconds": 6.464088484994136}
{"method": "relay", "repeat": 1, "problem_id": "mtbench/36", "output_tokens": 319, "seconds": 5.206139576039277}
{"method": "ar", "repeat": 1, "problem_id": "mtbench/36", "output_tokens": 319, "seconds": 28.52953142800834}
{"method": "source", "repeat": 1, "problem_id": "mtbench/37", "output_tokens": 322, "seconds": 5.4423735800082795}
{"method": "relay", "repeat": 1, "problem_id": "mtbench/37", "output_tokens": 322, "seconds": 3.8655570070259273}
{"method": "ar", "repeat": 1, "problem_id": "mtbench/37", "output_tokens": 312, "seconds": 27.902088610979263}
{"method": "native", "repeat": 1, "problem_id": "mtbench/37", "output_tokens": 322, "seconds": 3.652783981000539}
{"method": "relay", "repeat": 1, "problem_id": "mtbench/38", "output_tokens": 175, "seconds": 2.6085056210285984}
{"method": "ar", "repeat": 1, "problem_id": "mtbench/38", "output_tokens": 175, "seconds": 15.654482543992344}
{"method": "native", "repeat": 1, "problem_id": "mtbench/38", "output_tokens": 175, "seconds": 2.5998177920118906}
{"method": "source", "repeat": 1, "problem_id": "mtbench/38", "output_tokens": 175, "seconds": 3.6263671460328624}
{"method": "ar", "repeat": 1, "problem_id": "mtbench/39", "output_tokens": 201, "seconds": 17.959853891050443}
{"method": "native", "repeat": 1, "problem_id": "mtbench/39", "output_tokens": 201, "seconds": 2.1044181549805216}
{"method": "source", "repeat": 1, "problem_id": "mtbench/39", "output_tokens": 201, "seconds": 2.309093837044202}
{"method": "relay", "repeat": 1, "problem_id": "mtbench/39", "output_tokens": 201, "seconds": 1.9691619889927097}
