{
  "ar": {
    "tps": 11.16323864615935,
    "exact_ar": 4,
    "device_joules_per_token": 3.6679648493907253,
    "peak_allocated_GiB": 25.962225437164307
  },
  "native": {
    "tps": 50.48948118160617,
    "exact_ar": 3,
    "device_joules_per_token": 0.837778624537841,
    "peak_allocated_GiB": 26.048396110534668
  },
  "source": {
    "tps": 36.31426195335564,
    "exact_ar": 3,
    "device_joules_per_token": 1.143521802143538,
    "peak_allocated_GiB": 26.032337188720703
  },
  "relay": {
    "tps": 44.69324917873611,
    "exact_ar": 3,
    "device_joules_per_token": 0.9422030410864385,
    "peak_allocated_GiB": 26.069113731384277
  }
}
