Loading weights:   0%|          | 0/399 [00:00<?, ?it/s]Loading weights: 100%|██████████| 399/399 [00:00<00:00, 13000.39it/s]
Loading weights:   0%|          | 0/58 [00:00<?, ?it/s]Loading weights: 100%|██████████| 58/58 [00:00<00:00, 11874.34it/s]
W0908 14:59:08.309000 1984567 torch/_dynamo/convert_frame.py:1358] [0/32] torch._dynamo hit config.recompile_limit (32)
W0908 14:59:08.309000 1984567 torch/_dynamo/convert_frame.py:1358] [0/32]    function: 'inner' (/home/aryama.murthy/.venvs/factorspec-20260826/lib/python3.12/site-packages/torch/_dynamo/external_utils.py:66)
W0908 14:59:08.309000 1984567 torch/_dynamo/convert_frame.py:1358] [0/32]    last reason: 0/31: ___check_obj_id(fn, 23132235308352)                    
W0908 14:59:08.309000 1984567 torch/_dynamo/convert_frame.py:1358] [0/32] To log all recompilation reasons, use TORCH_LOGS="recompiles".
W0908 14:59:08.309000 1984567 torch/_dynamo/convert_frame.py:1358] [0/32] To diagnose recompilation issues, see https://pytorch.org/docs/main/torch.compiler_troubleshooting.html
Traceback (most recent call last):
  File "/home/aryama.murthy/native-joint-20260908-v32/run_radical.py", line 115, in <module>
    main()
  File "/home/aryama.murthy/native-joint-20260908-v32/run_radical.py", line 67, in main
    candidate, candidate_target, quantization = build_candidate(native, target, spec["quantization"], args.output, official, encode(records[0]), eos)
                                                ^^^^^^^^^^^^^^^^^^^^^^^^^^^^^^^^^^^^^^^^^^^^^^^^^^^^^^^^^^^^^^^^^^^^^^^^^^^^^^^^^^^^^^^^^^^^^^^^^^^^^
  File "/home/aryama.murthy/native-joint-20260908-v32/quantized_draft.py", line 85, in build_candidate
    compiled = official.dflash_generate(student, proxy, probe, 64, eos, 0., block_size=16, return_stats=True)
               ^^^^^^^^^^^^^^^^^^^^^^^^^^^^^^^^^^^^^^^^^^^^^^^^^^^^^^^^^^^^^^^^^^^^^^^^^^^^^^^^^^^^^^^^^^^^^^
  File "/home/aryama.murthy/.venvs/factorspec-20260826/lib/python3.12/site-packages/torch/utils/_contextlib.py", line 120, in decorate_context
    return func(*args, **kwargs)
           ^^^^^^^^^^^^^^^^^^^^^
  File "/home/aryama.murthy/factorspec/vendor/dflash/dflash/model.py", line 112, in dflash_generate
    draft_logits = target.lm_head(model(
                                  ^^^^^^
  File "/home/aryama.murthy/.venvs/factorspec-20260826/lib/python3.12/site-packages/torch/nn/modules/module.py", line 1775, in _wrapped_call_impl
    return self._call_impl(*args, **kwargs)
           ^^^^^^^^^^^^^^^^^^^^^^^^^^^^^^^^
  File "/home/aryama.murthy/.venvs/factorspec-20260826/lib/python3.12/site-packages/torch/nn/modules/module.py", line 1786, in _call_impl
    return forward_call(*args, **kwargs)
           ^^^^^^^^^^^^^^^^^^^^^^^^^^^^^
  File "/home/aryama.murthy/factorspec/vendor/dflash/dflash/model.py", line 337, in forward
    hidden_states = layer(
                    ^^^^^^
  File "/home/aryama.murthy/.venvs/factorspec-20260826/lib/python3.12/site-packages/transformers/modeling_layers.py", line 93, in __call__
    return super().__call__(*args, **kwargs)
           ^^^^^^^^^^^^^^^^^^^^^^^^^^^^^^^^^
  File "/home/aryama.murthy/.venvs/factorspec-20260826/lib/python3.12/site-packages/torch/nn/modules/module.py", line 1775, in _wrapped_call_impl
    return self._call_impl(*args, **kwargs)
           ^^^^^^^^^^^^^^^^^^^^^^^^^^^^^^^^
  File "/home/aryama.murthy/.venvs/factorspec-20260826/lib/python3.12/site-packages/torch/nn/modules/module.py", line 1786, in _call_impl
    return forward_call(*args, **kwargs)
           ^^^^^^^^^^^^^^^^^^^^^^^^^^^^^
  File "/home/aryama.murthy/factorspec/vendor/dflash/dflash/model.py", line 282, in forward
    hidden_states = self.self_attn(
                    ^^^^^^^^^^^^^^^
  File "/home/aryama.murthy/.venvs/factorspec-20260826/lib/python3.12/site-packages/torch/nn/modules/module.py", line 1775, in _wrapped_call_impl
    return self._call_impl(*args, **kwargs)
           ^^^^^^^^^^^^^^^^^^^^^^^^^^^^^^^^
  File "/home/aryama.murthy/.venvs/factorspec-20260826/lib/python3.12/site-packages/torch/nn/modules/module.py", line 1786, in _call_impl
    return forward_call(*args, **kwargs)
           ^^^^^^^^^^^^^^^^^^^^^^^^^^^^^
  File "/home/aryama.murthy/factorspec/vendor/dflash/dflash/model.py", line 254, in forward
    attn_output = self.o_proj(attn_output)
                  ^^^^^^^^^^^^^^^^^^^^^^^^
  File "/home/aryama.murthy/.venvs/factorspec-20260826/lib/python3.12/site-packages/torch/nn/modules/module.py", line 1775, in _wrapped_call_impl
    return self._call_impl(*args, **kwargs)
           ^^^^^^^^^^^^^^^^^^^^^^^^^^^^^^^^
  File "/home/aryama.murthy/.venvs/factorspec-20260826/lib/python3.12/site-packages/torch/nn/modules/module.py", line 1786, in _call_impl
    return forward_call(*args, **kwargs)
           ^^^^^^^^^^^^^^^^^^^^^^^^^^^^^
  File "/home/aryama.murthy/.venvs/factorspec-20260826/lib/python3.12/site-packages/torch/_dynamo/eval_frame.py", line 832, in compile_wrapper
    return fn(*args, **kwargs)
           ^^^^^^^^^^^^^^^^^^^
  File "/home/aryama.murthy/.venvs/factorspec-20260826/lib/python3.12/site-packages/torch/_dynamo/convert_frame.py", line 1875, in __call__
    result = self._torchdynamo_orig_backend(
             ^^^^^^^^^^^^^^^^^^^^^^^^^^^^^^^
  File "/home/aryama.murthy/.venvs/factorspec-20260826/lib/python3.12/site-packages/torch/_dynamo/convert_frame.py", line 688, in __call__
    result = _compile(
             ^^^^^^^^^
  File "/home/aryama.murthy/.venvs/factorspec-20260826/lib/python3.12/site-packages/torch/_dynamo/convert_frame.py", line 1375, in _compile
    raise FailOnRecompileLimitHit(
torch._dynamo.exc.FailOnRecompileLimitHit: recompile_limit reached with fullgraph=True. Excessive recompilations can degrade performance due to the compilation overhead of each recompilation. To monitor recompilations, enable TORCH_LOGS=recompiles. If recompilations are expected, consider increasing torch._dynamo.config.cache_size_limit to an appropriate value.
