{
  "benchmarks": {
    "humaneval": {
      "native_ar": {
        "base_pass_at_1": 0.8719512195121951,
        "base_passed": 143,
        "plus_pass_at_1": 0.8170731707317073,
        "plus_passed": 134,
        "result_file": "humaneval-native_ar-sanitized-full.eval_results.json",
        "samples": 164
      },
      "relay_eagle3": {
        "base_pass_at_1": 0.8719512195121951,
        "base_passed": 143,
        "plus_pass_at_1": 0.8170731707317073,
        "plus_passed": 134,
        "result_file": "humaneval-relay_eagle3-sanitized-full.eval_results.json",
        "samples": 164
      },
      "source_reuse_eagle3": {
        "base_pass_at_1": 0.8719512195121951,
        "base_passed": 143,
        "plus_pass_at_1": 0.8170731707317073,
        "plus_passed": 134,
        "result_file": "humaneval-source_reuse_eagle3-sanitized-full.eval_results.json",
        "samples": 164
      }
    },
    "mbpp": {
      "native_ar": {
        "base_pass_at_1": 0.8941798941798942,
        "base_passed": 338,
        "plus_pass_at_1": 0.7486772486772487,
        "plus_passed": 283,
        "result_file": "mbpp-native_ar-sanitized-full.eval_results.json",
        "samples": 378
      },
      "relay_eagle3": {
        "base_pass_at_1": 0.8994708994708994,
        "base_passed": 340,
        "plus_pass_at_1": 0.753968253968254,
        "plus_passed": 285,
        "result_file": "mbpp-relay_eagle3-sanitized-full.eval_results.json",
        "samples": 378
      },
      "source_reuse_eagle3": {
        "base_pass_at_1": 0.8994708994708994,
        "base_passed": 340,
        "plus_pass_at_1": 0.753968253968254,
        "plus_passed": 285,
        "result_file": "mbpp-source_reuse_eagle3-sanitized-full.eval_results.json",
        "samples": 378
      }
    }
  },
  "evalplus_revision": "26d6d00bb1fd0fa37f39c99d5290da67891d1c5e",
  "paired_quality": {
    "humaneval": {
      "native_ar": {
        "base": {
          "accuracy_delta": 0.0,
          "accuracy_delta_ci95": [
            -0.024390243902439025,
            0.024390243902439025
          ],
          "bootstrap_samples": 10000,
          "bootstrap_seed": 1729,
          "candidate_accuracy": 0.8719512195121951,
          "candidate_only_passes": 2,
          "paired_tasks": 164,
          "reference_accuracy": 0.8719512195121951,
          "reference_only_passes": 2
        },
        "plus": {
          "accuracy_delta": 0.0,
          "accuracy_delta_ci95": [
            -0.024390243902439025,
            0.024390243902439025
          ],
          "bootstrap_samples": 10000,
          "bootstrap_seed": 1729,
          "candidate_accuracy": 0.8170731707317073,
          "candidate_only_passes": 2,
          "paired_tasks": 164,
          "reference_accuracy": 0.8170731707317073,
          "reference_only_passes": 2
        }
      },
      "relay_eagle3": {
        "base": {
          "accuracy_delta": 0.0,
          "accuracy_delta_ci95": [
            0.0,
            0.0
          ],
          "bootstrap_samples": 10000,
          "bootstrap_seed": 1729,
          "candidate_accuracy": 0.8719512195121951,
          "candidate_only_passes": 0,
          "paired_tasks": 164,
          "reference_accuracy": 0.8719512195121951,
          "reference_only_passes": 0
        },
        "plus": {
          "accuracy_delta": 0.0,
          "accuracy_delta_ci95": [
            0.0,
            0.0
          ],
          "bootstrap_samples": 10000,
          "bootstrap_seed": 1729,
          "candidate_accuracy": 0.8170731707317073,
          "candidate_only_passes": 0,
          "paired_tasks": 164,
          "reference_accuracy": 0.8170731707317073,
          "reference_only_passes": 0
        }
      }
    },
    "mbpp": {
      "native_ar": {
        "base": {
          "accuracy_delta": -0.005291005291005291,
          "accuracy_delta_ci95": [
            -0.023809523809523808,
            0.013227513227513227
          ],
          "bootstrap_samples": 10000,
          "bootstrap_seed": 1729,
          "candidate_accuracy": 0.8941798941798942,
          "candidate_only_passes": 5,
          "paired_tasks": 378,
          "reference_accuracy": 0.8994708994708994,
          "reference_only_passes": 7
        },
        "plus": {
          "accuracy_delta": -0.005291005291005291,
          "accuracy_delta_ci95": [
            -0.021164021164021163,
            0.010582010582010581
          ],
          "bootstrap_samples": 10000,
          "bootstrap_seed": 1729,
          "candidate_accuracy": 0.7486772486772487,
          "candidate_only_passes": 4,
          "paired_tasks": 378,
          "reference_accuracy": 0.753968253968254,
          "reference_only_passes": 6
        }
      },
      "relay_eagle3": {
        "base": {
          "accuracy_delta": 0.0,
          "accuracy_delta_ci95": [
            0.0,
            0.0
          ],
          "bootstrap_samples": 10000,
          "bootstrap_seed": 1729,
          "candidate_accuracy": 0.8994708994708994,
          "candidate_only_passes": 0,
          "paired_tasks": 378,
          "reference_accuracy": 0.8994708994708994,
          "reference_only_passes": 0
        },
        "plus": {
          "accuracy_delta": 0.0,
          "accuracy_delta_ci95": [
            0.0,
            0.0
          ],
          "bootstrap_samples": 10000,
          "bootstrap_seed": 1729,
          "candidate_accuracy": 0.753968253968254,
          "candidate_only_passes": 0,
          "paired_tasks": 378,
          "reference_accuracy": 0.753968253968254,
          "reference_only_passes": 0
        }
      }
    }
  },
  "reference_method": "source_reuse_eagle3",
  "scorer": "EvalPlus base and plus tests"
}
