[rank0]: Traceback (most recent call last):
[rank0]:   File "/home/aryama.murthy/relayspec-family-campaign-20260906/scripts/train_relay.py", line 1134, in <module>
[rank0]:     main()
[rank0]:   File "/home/aryama.murthy/relayspec-family-campaign-20260906/scripts/train_relay.py", line 150, in main
[rank0]:     draft_class = import_official_eagle3(
[rank0]:                   ^^^^^^^^^^^^^^^^^^^^^^^
[rank0]:   File "/home/aryama.murthy/relayspec-family-campaign-20260906/src/relayspec/eagle3.py", line 47, in import_official_eagle3
[rank0]:     evaluator = importlib.import_module("deepspec.eval.base_evaluator")
[rank0]:                 ^^^^^^^^^^^^^^^^^^^^^^^^^^^^^^^^^^^^^^^^^^^^^^^^^^^^^^^
[rank0]:   File "/home/aryama.murthy/.local/share/uv/python/cpython-3.12.13-linux-x86_64-gnu/lib/python3.12/importlib/__init__.py", line 90, in import_module
[rank0]:     return _bootstrap._gcd_import(name[level:], package, level)
[rank0]:            ^^^^^^^^^^^^^^^^^^^^^^^^^^^^^^^^^^^^^^^^^^^^^^^^^^^^
[rank0]:   File "<frozen importlib._bootstrap>", line 1387, in _gcd_import
[rank0]:   File "<frozen importlib._bootstrap>", line 1360, in _find_and_load
[rank0]:   File "<frozen importlib._bootstrap>", line 1310, in _find_and_load_unlocked
[rank0]:   File "<frozen importlib._bootstrap>", line 488, in _call_with_frames_removed
[rank0]:   File "<frozen importlib._bootstrap>", line 1387, in _gcd_import
[rank0]:   File "<frozen importlib._bootstrap>", line 1360, in _find_and_load
[rank0]:   File "<frozen importlib._bootstrap>", line 1331, in _find_and_load_unlocked
[rank0]:   File "<frozen importlib._bootstrap>", line 935, in _load_unlocked
[rank0]:   File "<frozen importlib._bootstrap_external>", line 999, in exec_module
[rank0]:   File "<frozen importlib._bootstrap>", line 488, in _call_with_frames_removed
[rank0]:   File "/home/aryama.murthy/relayspec/vendor/deepspec/deepspec/eval/__init__.py", line 2, in <module>
[rank0]:     from .dspark import Gemma4DSparkEvaluator, Qwen3DSparkEvaluator
[rank0]:   File "/home/aryama.murthy/relayspec/vendor/deepspec/deepspec/eval/dspark/__init__.py", line 1, in <module>
[rank0]:     from .evaluator import Gemma4DSparkEvaluator, Qwen3DSparkEvaluator
[rank0]:   File "/home/aryama.murthy/relayspec/vendor/deepspec/deepspec/eval/dspark/evaluator.py", line 17, in <module>
[rank0]:     from deepspec.eval.dspark.draft_ops import (
[rank0]:   File "/home/aryama.murthy/relayspec/vendor/deepspec/deepspec/eval/dspark/draft_ops.py", line 10, in <module>
[rank0]:     from deepspec.modeling.dspark.gemma4 import Gemma4DSparkModel
[rank0]:   File "/home/aryama.murthy/relayspec/vendor/deepspec/deepspec/modeling/__init__.py", line 1, in <module>
[rank0]:     from .dspark import (
[rank0]:   File "/home/aryama.murthy/relayspec/vendor/deepspec/deepspec/modeling/dspark/__init__.py", line 2, in <module>
[rank0]:     from .gemma4 import Gemma4DSparkModel
[rank0]:   File "/home/aryama.murthy/relayspec/vendor/deepspec/deepspec/modeling/dspark/gemma4/__init__.py", line 2, in <module>
[rank0]:     from .modeling import Gemma4DSparkModel
[rank0]:   File "/home/aryama.murthy/relayspec/vendor/deepspec/deepspec/modeling/dspark/gemma4/modeling.py", line 10, in <module>
[rank0]:     from transformers.models.gemma4.configuration_gemma4 import Gemma4TextConfig
[rank0]: ModuleNotFoundError: No module named 'transformers.models.gemma4'
[rank2]: Traceback (most recent call last):
[rank2]:   File "/home/aryama.murthy/relayspec-family-campaign-20260906/scripts/train_relay.py", line 1134, in <module>
[rank2]:     main()
[rank2]:   File "/home/aryama.murthy/relayspec-family-campaign-20260906/scripts/train_relay.py", line 150, in main
[rank2]:     draft_class = import_official_eagle3(
[rank2]:                   ^^^^^^^^^^^^^^^^^^^^^^^
[rank2]:   File "/home/aryama.murthy/relayspec-family-campaign-20260906/src/relayspec/eagle3.py", line 47, in import_official_eagle3
[rank2]:     evaluator = importlib.import_module("deepspec.eval.base_evaluator")
[rank2]:                 ^^^^^^^^^^^^^^^^^^^^^^^^^^^^^^^^^^^^^^^^^^^^^^^^^^^^^^^
[rank2]:   File "/home/aryama.murthy/.local/share/uv/python/cpython-3.12.13-linux-x86_64-gnu/lib/python3.12/importlib/__init__.py", line 90, in import_module
[rank2]:     return _bootstrap._gcd_import(name[level:], package, level)
[rank2]:            ^^^^^^^^^^^^^^^^^^^^^^^^^^^^^^^^^^^^^^^^^^^^^^^^^^^^
[rank2]:   File "<frozen importlib._bootstrap>", line 1387, in _gcd_import
[rank2]:   File "<frozen importlib._bootstrap>", line 1360, in _find_and_load
[rank2]:   File "<frozen importlib._bootstrap>", line 1310, in _find_and_load_unlocked
[rank2]:   File "<frozen importlib._bootstrap>", line 488, in _call_with_frames_removed
[rank2]:   File "<frozen importlib._bootstrap>", line 1387, in _gcd_import
[rank2]:   File "<frozen importlib._bootstrap>", line 1360, in _find_and_load
[rank2]:   File "<frozen importlib._bootstrap>", line 1331, in _find_and_load_unlocked
[rank2]:   File "<frozen importlib._bootstrap>", line 935, in _load_unlocked
[rank2]:   File "<frozen importlib._bootstrap_external>", line 999, in exec_module
[rank2]:   File "<frozen importlib._bootstrap>", line 488, in _call_with_frames_removed
[rank2]:   File "/home/aryama.murthy/relayspec/vendor/deepspec/deepspec/eval/__init__.py", line 2, in <module>
[rank2]:     from .dspark import Gemma4DSparkEvaluator, Qwen3DSparkEvaluator
[rank2]:   File "/home/aryama.murthy/relayspec/vendor/deepspec/deepspec/eval/dspark/__init__.py", line 1, in <module>
[rank2]:     from .evaluator import Gemma4DSparkEvaluator, Qwen3DSparkEvaluator
[rank2]:   File "/home/aryama.murthy/relayspec/vendor/deepspec/deepspec/eval/dspark/evaluator.py", line 17, in <module>
[rank2]:     from deepspec.eval.dspark.draft_ops import (
[rank2]:   File "/home/aryama.murthy/relayspec/vendor/deepspec/deepspec/eval/dspark/draft_ops.py", line 10, in <module>
[rank2]:     from deepspec.modeling.dspark.gemma4 import Gemma4DSparkModel
[rank2]:   File "/home/aryama.murthy/relayspec/vendor/deepspec/deepspec/modeling/__init__.py", line 1, in <module>
[rank2]:     from .dspark import (
[rank2]:   File "/home/aryama.murthy/relayspec/vendor/deepspec/deepspec/modeling/dspark/__init__.py", line 2, in <module>
[rank2]:     from .gemma4 import Gemma4DSparkModel
[rank2]:   File "/home/aryama.murthy/relayspec/vendor/deepspec/deepspec/modeling/dspark/gemma4/__init__.py", line 2, in <module>
[rank2]:     from .modeling import Gemma4DSparkModel
[rank2]:   File "/home/aryama.murthy/relayspec/vendor/deepspec/deepspec/modeling/dspark/gemma4/modeling.py", line 10, in <module>
[rank2]:     from transformers.models.gemma4.configuration_gemma4 import Gemma4TextConfig
[rank2]: ModuleNotFoundError: No module named 'transformers.models.gemma4'
[rank1]: Traceback (most recent call last):
[rank1]:   File "/home/aryama.murthy/relayspec-family-campaign-20260906/scripts/train_relay.py", line 1134, in <module>
[rank1]:     main()
[rank1]:   File "/home/aryama.murthy/relayspec-family-campaign-20260906/scripts/train_relay.py", line 150, in main
[rank1]:     draft_class = import_official_eagle3(
[rank1]:                   ^^^^^^^^^^^^^^^^^^^^^^^
[rank1]:   File "/home/aryama.murthy/relayspec-family-campaign-20260906/src/relayspec/eagle3.py", line 47, in import_official_eagle3
[rank1]:     evaluator = importlib.import_module("deepspec.eval.base_evaluator")
[rank1]:                 ^^^^^^^^^^^^^^^^^^^^^^^^^^^^^^^^^^^^^^^^^^^^^^^^^^^^^^^
[rank1]:   File "/home/aryama.murthy/.local/share/uv/python/cpython-3.12.13-linux-x86_64-gnu/lib/python3.12/importlib/__init__.py", line 90, in import_module
[rank1]:     return _bootstrap._gcd_import(name[level:], package, level)
[rank1]:            ^^^^^^^^^^^^^^^^^^^^^^^^^^^^^^^^^^^^^^^^^^^^^^^^^^^^
[rank1]:   File "<frozen importlib._bootstrap>", line 1387, in _gcd_import
[rank1]:   File "<frozen importlib._bootstrap>", line 1360, in _find_and_load
[rank1]:   File "<frozen importlib._bootstrap>", line 1310, in _find_and_load_unlocked
[rank1]:   File "<frozen importlib._bootstrap>", line 488, in _call_with_frames_removed
[rank1]:   File "<frozen importlib._bootstrap>", line 1387, in _gcd_import
[rank1]:   File "<frozen importlib._bootstrap>", line 1360, in _find_and_load
[rank1]:   File "<frozen importlib._bootstrap>", line 1331, in _find_and_load_unlocked
[rank1]:   File "<frozen importlib._bootstrap>", line 935, in _load_unlocked
[rank1]:   File "<frozen importlib._bootstrap_external>", line 999, in exec_module
[rank1]:   File "<frozen importlib._bootstrap>", line 488, in _call_with_frames_removed
[rank1]:   File "/home/aryama.murthy/relayspec/vendor/deepspec/deepspec/eval/__init__.py", line 2, in <module>
[rank1]:     from .dspark import Gemma4DSparkEvaluator, Qwen3DSparkEvaluator
[rank1]:   File "/home/aryama.murthy/relayspec/vendor/deepspec/deepspec/eval/dspark/__init__.py", line 1, in <module>
[rank1]:     from .evaluator import Gemma4DSparkEvaluator, Qwen3DSparkEvaluator
[rank1]:   File "/home/aryama.murthy/relayspec/vendor/deepspec/deepspec/eval/dspark/evaluator.py", line 17, in <module>
[rank1]:     from deepspec.eval.dspark.draft_ops import (
[rank1]:   File "/home/aryama.murthy/relayspec/vendor/deepspec/deepspec/eval/dspark/draft_ops.py", line 10, in <module>
[rank1]:     from deepspec.modeling.dspark.gemma4 import Gemma4DSparkModel
[rank1]:   File "/home/aryama.murthy/relayspec/vendor/deepspec/deepspec/modeling/__init__.py", line 1, in <module>
[rank1]:     from .dspark import (
[rank1]:   File "/home/aryama.murthy/relayspec/vendor/deepspec/deepspec/modeling/dspark/__init__.py", line 2, in <module>
[rank1]:     from .gemma4 import Gemma4DSparkModel
[rank1]:   File "/home/aryama.murthy/relayspec/vendor/deepspec/deepspec/modeling/dspark/gemma4/__init__.py", line 2, in <module>
[rank1]:     from .modeling import Gemma4DSparkModel
[rank1]:   File "/home/aryama.murthy/relayspec/vendor/deepspec/deepspec/modeling/dspark/gemma4/modeling.py", line 10, in <module>
[rank1]:     from transformers.models.gemma4.configuration_gemma4 import Gemma4TextConfig
[rank1]: ModuleNotFoundError: No module named 'transformers.models.gemma4'
[rank3]: Traceback (most recent call last):
[rank3]:   File "/home/aryama.murthy/relayspec-family-campaign-20260906/scripts/train_relay.py", line 1134, in <module>
[rank3]:     main()
[rank3]:   File "/home/aryama.murthy/relayspec-family-campaign-20260906/scripts/train_relay.py", line 150, in main
[rank3]:     draft_class = import_official_eagle3(
[rank3]:                   ^^^^^^^^^^^^^^^^^^^^^^^
[rank3]:   File "/home/aryama.murthy/relayspec-family-campaign-20260906/src/relayspec/eagle3.py", line 47, in import_official_eagle3
[rank3]:     evaluator = importlib.import_module("deepspec.eval.base_evaluator")
[rank3]:                 ^^^^^^^^^^^^^^^^^^^^^^^^^^^^^^^^^^^^^^^^^^^^^^^^^^^^^^^
[rank3]:   File "/home/aryama.murthy/.local/share/uv/python/cpython-3.12.13-linux-x86_64-gnu/lib/python3.12/importlib/__init__.py", line 90, in import_module
[rank3]:     return _bootstrap._gcd_import(name[level:], package, level)
[rank3]:            ^^^^^^^^^^^^^^^^^^^^^^^^^^^^^^^^^^^^^^^^^^^^^^^^^^^^
[rank3]:   File "<frozen importlib._bootstrap>", line 1387, in _gcd_import
[rank3]:   File "<frozen importlib._bootstrap>", line 1360, in _find_and_load
[rank3]:   File "<frozen importlib._bootstrap>", line 1310, in _find_and_load_unlocked
[rank3]:   File "<frozen importlib._bootstrap>", line 488, in _call_with_frames_removed
[rank3]:   File "<frozen importlib._bootstrap>", line 1387, in _gcd_import
[rank3]:   File "<frozen importlib._bootstrap>", line 1360, in _find_and_load
[rank3]:   File "<frozen importlib._bootstrap>", line 1331, in _find_and_load_unlocked
[rank3]:   File "<frozen importlib._bootstrap>", line 935, in _load_unlocked
[rank3]:   File "<frozen importlib._bootstrap_external>", line 999, in exec_module
[rank3]:   File "<frozen importlib._bootstrap>", line 488, in _call_with_frames_removed
[rank3]:   File "/home/aryama.murthy/relayspec/vendor/deepspec/deepspec/eval/__init__.py", line 2, in <module>
[rank3]:     from .dspark import Gemma4DSparkEvaluator, Qwen3DSparkEvaluator
[rank3]:   File "/home/aryama.murthy/relayspec/vendor/deepspec/deepspec/eval/dspark/__init__.py", line 1, in <module>
[rank3]:     from .evaluator import Gemma4DSparkEvaluator, Qwen3DSparkEvaluator
[rank3]:   File "/home/aryama.murthy/relayspec/vendor/deepspec/deepspec/eval/dspark/evaluator.py", line 17, in <module>
[rank3]:     from deepspec.eval.dspark.draft_ops import (
[rank3]:   File "/home/aryama.murthy/relayspec/vendor/deepspec/deepspec/eval/dspark/draft_ops.py", line 10, in <module>
[rank3]:     from deepspec.modeling.dspark.gemma4 import Gemma4DSparkModel
[rank3]:   File "/home/aryama.murthy/relayspec/vendor/deepspec/deepspec/modeling/__init__.py", line 1, in <module>
[rank3]:     from .dspark import (
[rank3]:   File "/home/aryama.murthy/relayspec/vendor/deepspec/deepspec/modeling/dspark/__init__.py", line 2, in <module>
[rank3]:     from .gemma4 import Gemma4DSparkModel
[rank3]:   File "/home/aryama.murthy/relayspec/vendor/deepspec/deepspec/modeling/dspark/gemma4/__init__.py", line 2, in <module>
[rank3]:     from .modeling import Gemma4DSparkModel
[rank3]:   File "/home/aryama.murthy/relayspec/vendor/deepspec/deepspec/modeling/dspark/gemma4/modeling.py", line 10, in <module>
[rank3]:     from transformers.models.gemma4.configuration_gemma4 import Gemma4TextConfig
[rank3]: ModuleNotFoundError: No module named 'transformers.models.gemma4'
[rank0]:[W906 00:50:00.143018358 ProcessGroupNCCL.cpp:1524] Warning: WARNING: destroy_process_group() was not called before program exit, which can leak resources. For more info, please see https://pytorch.org/docs/stable/distributed.html#shutdown (function operator())
W0906 00:50:01.724000 1742008 torch/distributed/elastic/multiprocessing/api.py:908] Sending process 1742028 closing signal SIGTERM
W0906 00:50:01.725000 1742008 torch/distributed/elastic/multiprocessing/api.py:908] Sending process 1742029 closing signal SIGTERM
W0906 00:50:01.726000 1742008 torch/distributed/elastic/multiprocessing/api.py:908] Sending process 1742031 closing signal SIGTERM
E0906 00:50:01.848000 1742008 torch/distributed/elastic/multiprocessing/api.py:882] failed (exitcode: 1) local_rank: 2 (pid: 1742030) of binary: /home/aryama.murthy/.venvs/factorspec-20260826/bin/python
Traceback (most recent call last):
  File "<frozen runpy>", line 198, in _run_module_as_main
  File "<frozen runpy>", line 88, in _run_code
  File "/home/aryama.murthy/.venvs/factorspec-20260826/lib/python3.12/site-packages/torch/distributed/run.py", line 940, in <module>
    main()
  File "/home/aryama.murthy/.venvs/factorspec-20260826/lib/python3.12/site-packages/torch/distributed/elastic/multiprocessing/errors/__init__.py", line 357, in wrapper
    return f(*args, **kwargs)
           ^^^^^^^^^^^^^^^^^^
  File "/home/aryama.murthy/.venvs/factorspec-20260826/lib/python3.12/site-packages/torch/distributed/run.py", line 936, in main
    run(args)
  File "/home/aryama.murthy/.venvs/factorspec-20260826/lib/python3.12/site-packages/torch/distributed/run.py", line 927, in run
    elastic_launch(
  File "/home/aryama.murthy/.venvs/factorspec-20260826/lib/python3.12/site-packages/torch/distributed/launcher/api.py", line 156, in __call__
    return launch_agent(self._config, self._entrypoint, list(args))
           ^^^^^^^^^^^^^^^^^^^^^^^^^^^^^^^^^^^^^^^^^^^^^^^^^^^^^^^^
  File "/home/aryama.murthy/.venvs/factorspec-20260826/lib/python3.12/site-packages/torch/distributed/launcher/api.py", line 293, in launch_agent
    raise ChildFailedError(
torch.distributed.elastic.multiprocessing.errors.ChildFailedError: 
============================================================
scripts/train_relay.py FAILED
------------------------------------------------------------
Failures:
  <NO_OTHER_FAILURES>
------------------------------------------------------------
Root Cause (first observed failure):
[0]:
  time      : 2026-09-06_00:50:01
  host      : node07.local
  rank      : 2 (local_rank: 2)
  exitcode  : 1 (pid: 1742030)
  error_file: <N/A>
  traceback : To enable traceback see: https://pytorch.org/docs/stable/elastic/errors.html
============================================================
Traceback (most recent call last):
  File "/home/aryama.murthy/relayspec-family-campaign-20260906/scripts/run_cached_fit_pilot.py", line 174, in <module>
    main()
  File "/home/aryama.murthy/relayspec-family-campaign-20260906/scripts/run_cached_fit_pilot.py", line 64, in main
    run([*launcher, "scripts/train_relay.py", "--config", str(config_path)], os.environ)
  File "/home/aryama.murthy/relayspec-family-campaign-20260906/scripts/run_cached_fit_pilot.py", line 16, in run
    subprocess.run(command, env=env, check=True)
  File "/home/aryama.murthy/.local/share/uv/python/cpython-3.12.13-linux-x86_64-gnu/lib/python3.12/subprocess.py", line 571, in run
    raise CalledProcessError(retcode, process.args,
subprocess.CalledProcessError: Command '['/home/aryama.murthy/.venvs/factorspec-20260826/bin/python', '-m', 'torch.distributed.run', '--standalone', '--nproc_per_node=4', 'scripts/train_relay.py', '--config', '/home/aryama.murthy/relayspec-family-campaign-20260906/outputs/rs-eagle-cache-pilot-27748/cache-config.yaml']' returned non-zero exit status 1.
