Loading weights:   0%|          | 0/399 [00:00<?, ?it/s]Loading weights: 100%|██████████| 399/399 [00:00<00:00, 6814.92it/s]
Loading weights:   0%|          | 0/58 [00:00<?, ?it/s]Loading weights: 100%|██████████| 58/58 [00:00<00:00, 11614.69it/s]
/home/aryama.murthy/native-joint-deps/torchao0150/torchao/quantization/quant_api.py:1208: UserWarning: Config Deprecation: version 1 of Int4WeightOnlyConfig is deprecated and will no longer be supported in a future release, please use version 2, see https://github.com/pytorch/ao/issues/2948 for more details
  warnings.warn(
/home/aryama.murthy/native-joint-deps/torchao0150/torchao/dtypes/uintx/tensor_core_tiled_layout.py:241: UserWarning: Models quantized with version 1 of Int4WeightOnlyConfig is deprecated and will no longer be supported in a future release, please upgrade torchao and quantize again, or download a newer torchao checkpoint, see https://github.com/pytorch/ao/issues/2948 for more details
  warnings.warn(
/home/aryama.murthy/native-joint-deps/torchao0150/torchao/dtypes/uintx/tensor_core_tiled_layout.py:241: UserWarning: Models quantized with version 1 of Int4WeightOnlyConfig is deprecated and will no longer be supported in a future release, please upgrade torchao and quantize again, or download a newer torchao checkpoint, see https://github.com/pytorch/ao/issues/2948 for more details
  warnings.warn(
/home/aryama.murthy/native-joint-deps/torchao0150/torchao/dtypes/uintx/tensor_core_tiled_layout.py:241: UserWarning: Models quantized with version 1 of Int4WeightOnlyConfig is deprecated and will no longer be supported in a future release, please upgrade torchao and quantize again, or download a newer torchao checkpoint, see https://github.com/pytorch/ao/issues/2948 for more details
  warnings.warn(
/home/aryama.murthy/native-joint-deps/torchao0150/torchao/dtypes/uintx/tensor_core_tiled_layout.py:241: UserWarning: Models quantized with version 1 of Int4WeightOnlyConfig is deprecated and will no longer be supported in a future release, please upgrade torchao and quantize again, or download a newer torchao checkpoint, see https://github.com/pytorch/ao/issues/2948 for more details
  warnings.warn(
/home/aryama.murthy/native-joint-deps/torchao0150/torchao/dtypes/uintx/tensor_core_tiled_layout.py:241: UserWarning: Models quantized with version 1 of Int4WeightOnlyConfig is deprecated and will no longer be supported in a future release, please upgrade torchao and quantize again, or download a newer torchao checkpoint, see https://github.com/pytorch/ao/issues/2948 for more details
  warnings.warn(
/home/aryama.murthy/native-joint-deps/torchao0150/torchao/dtypes/uintx/tensor_core_tiled_layout.py:241: UserWarning: Models quantized with version 1 of Int4WeightOnlyConfig is deprecated and will no longer be supported in a future release, please upgrade torchao and quantize again, or download a newer torchao checkpoint, see https://github.com/pytorch/ao/issues/2948 for more details
  warnings.warn(
/home/aryama.murthy/native-joint-deps/torchao0150/torchao/dtypes/uintx/tensor_core_tiled_layout.py:241: UserWarning: Models quantized with version 1 of Int4WeightOnlyConfig is deprecated and will no longer be supported in a future release, please upgrade torchao and quantize again, or download a newer torchao checkpoint, see https://github.com/pytorch/ao/issues/2948 for more details
  warnings.warn(
/home/aryama.murthy/native-joint-deps/torchao0150/torchao/dtypes/uintx/tensor_core_tiled_layout.py:241: UserWarning: Models quantized with version 1 of Int4WeightOnlyConfig is deprecated and will no longer be supported in a future release, please upgrade torchao and quantize again, or download a newer torchao checkpoint, see https://github.com/pytorch/ao/issues/2948 for more details
  warnings.warn(
/home/aryama.murthy/native-joint-deps/torchao0150/torchao/dtypes/uintx/tensor_core_tiled_layout.py:241: UserWarning: Models quantized with version 1 of Int4WeightOnlyConfig is deprecated and will no longer be supported in a future release, please upgrade torchao and quantize again, or download a newer torchao checkpoint, see https://github.com/pytorch/ao/issues/2948 for more details
  warnings.warn(
/home/aryama.murthy/native-joint-deps/torchao0150/torchao/dtypes/uintx/tensor_core_tiled_layout.py:241: UserWarning: Models quantized with version 1 of Int4WeightOnlyConfig is deprecated and will no longer be supported in a future release, please upgrade torchao and quantize again, or download a newer torchao checkpoint, see https://github.com/pytorch/ao/issues/2948 for more details
  warnings.warn(
/home/aryama.murthy/native-joint-deps/torchao0150/torchao/dtypes/uintx/tensor_core_tiled_layout.py:241: UserWarning: Models quantized with version 1 of Int4WeightOnlyConfig is deprecated and will no longer be supported in a future release, please upgrade torchao and quantize again, or download a newer torchao checkpoint, see https://github.com/pytorch/ao/issues/2948 for more details
  warnings.warn(
/home/aryama.murthy/native-joint-deps/torchao0150/torchao/dtypes/uintx/tensor_core_tiled_layout.py:241: UserWarning: Models quantized with version 1 of Int4WeightOnlyConfig is deprecated and will no longer be supported in a future release, please upgrade torchao and quantize again, or download a newer torchao checkpoint, see https://github.com/pytorch/ao/issues/2948 for more details
  warnings.warn(
/home/aryama.murthy/native-joint-deps/torchao0150/torchao/dtypes/uintx/tensor_core_tiled_layout.py:241: UserWarning: Models quantized with version 1 of Int4WeightOnlyConfig is deprecated and will no longer be supported in a future release, please upgrade torchao and quantize again, or download a newer torchao checkpoint, see https://github.com/pytorch/ao/issues/2948 for more details
  warnings.warn(
/home/aryama.murthy/native-joint-deps/torchao0150/torchao/dtypes/uintx/tensor_core_tiled_layout.py:241: UserWarning: Models quantized with version 1 of Int4WeightOnlyConfig is deprecated and will no longer be supported in a future release, please upgrade torchao and quantize again, or download a newer torchao checkpoint, see https://github.com/pytorch/ao/issues/2948 for more details
  warnings.warn(
/home/aryama.murthy/native-joint-deps/torchao0150/torchao/dtypes/uintx/tensor_core_tiled_layout.py:241: UserWarning: Models quantized with version 1 of Int4WeightOnlyConfig is deprecated and will no longer be supported in a future release, please upgrade torchao and quantize again, or download a newer torchao checkpoint, see https://github.com/pytorch/ao/issues/2948 for more details
  warnings.warn(
/home/aryama.murthy/native-joint-deps/torchao0150/torchao/dtypes/uintx/tensor_core_tiled_layout.py:241: UserWarning: Models quantized with version 1 of Int4WeightOnlyConfig is deprecated and will no longer be supported in a future release, please upgrade torchao and quantize again, or download a newer torchao checkpoint, see https://github.com/pytorch/ao/issues/2948 for more details
  warnings.warn(
/home/aryama.murthy/native-joint-deps/torchao0150/torchao/dtypes/uintx/tensor_core_tiled_layout.py:241: UserWarning: Models quantized with version 1 of Int4WeightOnlyConfig is deprecated and will no longer be supported in a future release, please upgrade torchao and quantize again, or download a newer torchao checkpoint, see https://github.com/pytorch/ao/issues/2948 for more details
  warnings.warn(
/home/aryama.murthy/native-joint-deps/torchao0150/torchao/dtypes/uintx/tensor_core_tiled_layout.py:241: UserWarning: Models quantized with version 1 of Int4WeightOnlyConfig is deprecated and will no longer be supported in a future release, please upgrade torchao and quantize again, or download a newer torchao checkpoint, see https://github.com/pytorch/ao/issues/2948 for more details
  warnings.warn(
/home/aryama.murthy/native-joint-deps/torchao0150/torchao/dtypes/uintx/tensor_core_tiled_layout.py:241: UserWarning: Models quantized with version 1 of Int4WeightOnlyConfig is deprecated and will no longer be supported in a future release, please upgrade torchao and quantize again, or download a newer torchao checkpoint, see https://github.com/pytorch/ao/issues/2948 for more details
  warnings.warn(
/home/aryama.murthy/native-joint-deps/torchao0150/torchao/dtypes/uintx/tensor_core_tiled_layout.py:241: UserWarning: Models quantized with version 1 of Int4WeightOnlyConfig is deprecated and will no longer be supported in a future release, please upgrade torchao and quantize again, or download a newer torchao checkpoint, see https://github.com/pytorch/ao/issues/2948 for more details
  warnings.warn(
/home/aryama.murthy/native-joint-deps/torchao0150/torchao/dtypes/uintx/tensor_core_tiled_layout.py:241: UserWarning: Models quantized with version 1 of Int4WeightOnlyConfig is deprecated and will no longer be supported in a future release, please upgrade torchao and quantize again, or download a newer torchao checkpoint, see https://github.com/pytorch/ao/issues/2948 for more details
  warnings.warn(
/home/aryama.murthy/native-joint-deps/torchao0150/torchao/dtypes/uintx/tensor_core_tiled_layout.py:241: UserWarning: Models quantized with version 1 of Int4WeightOnlyConfig is deprecated and will no longer be supported in a future release, please upgrade torchao and quantize again, or download a newer torchao checkpoint, see https://github.com/pytorch/ao/issues/2948 for more details
  warnings.warn(
/home/aryama.murthy/native-joint-deps/torchao0150/torchao/dtypes/uintx/tensor_core_tiled_layout.py:241: UserWarning: Models quantized with version 1 of Int4WeightOnlyConfig is deprecated and will no longer be supported in a future release, please upgrade torchao and quantize again, or download a newer torchao checkpoint, see https://github.com/pytorch/ao/issues/2948 for more details
  warnings.warn(
/home/aryama.murthy/native-joint-deps/torchao0150/torchao/dtypes/uintx/tensor_core_tiled_layout.py:241: UserWarning: Models quantized with version 1 of Int4WeightOnlyConfig is deprecated and will no longer be supported in a future release, please upgrade torchao and quantize again, or download a newer torchao checkpoint, see https://github.com/pytorch/ao/issues/2948 for more details
  warnings.warn(
/home/aryama.murthy/native-joint-deps/torchao0150/torchao/dtypes/uintx/tensor_core_tiled_layout.py:241: UserWarning: Models quantized with version 1 of Int4WeightOnlyConfig is deprecated and will no longer be supported in a future release, please upgrade torchao and quantize again, or download a newer torchao checkpoint, see https://github.com/pytorch/ao/issues/2948 for more details
  warnings.warn(
/home/aryama.murthy/native-joint-deps/torchao0150/torchao/dtypes/uintx/tensor_core_tiled_layout.py:241: UserWarning: Models quantized with version 1 of Int4WeightOnlyConfig is deprecated and will no longer be supported in a future release, please upgrade torchao and quantize again, or download a newer torchao checkpoint, see https://github.com/pytorch/ao/issues/2948 for more details
  warnings.warn(
/home/aryama.murthy/native-joint-deps/torchao0150/torchao/dtypes/uintx/tensor_core_tiled_layout.py:241: UserWarning: Models quantized with version 1 of Int4WeightOnlyConfig is deprecated and will no longer be supported in a future release, please upgrade torchao and quantize again, or download a newer torchao checkpoint, see https://github.com/pytorch/ao/issues/2948 for more details
  warnings.warn(
/home/aryama.murthy/native-joint-deps/torchao0150/torchao/dtypes/uintx/tensor_core_tiled_layout.py:241: UserWarning: Models quantized with version 1 of Int4WeightOnlyConfig is deprecated and will no longer be supported in a future release, please upgrade torchao and quantize again, or download a newer torchao checkpoint, see https://github.com/pytorch/ao/issues/2948 for more details
  warnings.warn(
/home/aryama.murthy/native-joint-deps/torchao0150/torchao/dtypes/uintx/tensor_core_tiled_layout.py:241: UserWarning: Models quantized with version 1 of Int4WeightOnlyConfig is deprecated and will no longer be supported in a future release, please upgrade torchao and quantize again, or download a newer torchao checkpoint, see https://github.com/pytorch/ao/issues/2948 for more details
  warnings.warn(
/home/aryama.murthy/native-joint-deps/torchao0150/torchao/dtypes/uintx/tensor_core_tiled_layout.py:241: UserWarning: Models quantized with version 1 of Int4WeightOnlyConfig is deprecated and will no longer be supported in a future release, please upgrade torchao and quantize again, or download a newer torchao checkpoint, see https://github.com/pytorch/ao/issues/2948 for more details
  warnings.warn(
/home/aryama.murthy/native-joint-deps/torchao0150/torchao/dtypes/uintx/tensor_core_tiled_layout.py:241: UserWarning: Models quantized with version 1 of Int4WeightOnlyConfig is deprecated and will no longer be supported in a future release, please upgrade torchao and quantize again, or download a newer torchao checkpoint, see https://github.com/pytorch/ao/issues/2948 for more details
  warnings.warn(
{"status": "pass", "variant": {"name": "compiled_int4_draft_and_head", "kind": "fixed", "block_size": 16, "quantization": {"group_size": 128, "quantize_head": true, "precision": "int4", "compile_linears": true, "package_path": "/home/aryama.murthy/native-joint-deps/torchao0150"}}, "summary": {"native": {"tps": 121.03378096762206, "exact_native": 16, "requests": 8, "timed_generations": 16, "progress": 4.520282186948854}, "candidate": {"tps": 105.98679970579403, "exact_native": 16, "requests": 8, "timed_generations": 16, "progress": 4.51056338028169}}, "native_ratio": 0.8756794909525856, "elapsed_seconds": 90.64275574870408}
