Loading weights:   0%|          | 0/399 [00:00<?, ?it/s]Loading weights: 100%|██████████| 399/399 [00:00<00:00, 9528.98it/s]
Loading weights:   0%|          | 0/58 [00:00<?, ?it/s]Loading weights: 100%|██████████| 58/58 [00:00<00:00, 10188.45it/s]
/home/aryama.murthy/native-joint-deps/torchao0150/torchao/quantization/quant_api.py:1208: UserWarning: Config Deprecation: version 1 of Int4WeightOnlyConfig is deprecated and will no longer be supported in a future release, please use version 2, see https://github.com/pytorch/ao/issues/2948 for more details
  warnings.warn(
/home/aryama.murthy/native-joint-deps/torchao0150/torchao/dtypes/uintx/tensor_core_tiled_layout.py:241: UserWarning: Models quantized with version 1 of Int4WeightOnlyConfig is deprecated and will no longer be supported in a future release, please upgrade torchao and quantize again, or download a newer torchao checkpoint, see https://github.com/pytorch/ao/issues/2948 for more details
  warnings.warn(
/home/aryama.murthy/native-joint-deps/torchao0150/torchao/dtypes/uintx/tensor_core_tiled_layout.py:241: UserWarning: Models quantized with version 1 of Int4WeightOnlyConfig is deprecated and will no longer be supported in a future release, please upgrade torchao and quantize again, or download a newer torchao checkpoint, see https://github.com/pytorch/ao/issues/2948 for more details
  warnings.warn(
/home/aryama.murthy/native-joint-deps/torchao0150/torchao/dtypes/uintx/tensor_core_tiled_layout.py:241: UserWarning: Models quantized with version 1 of Int4WeightOnlyConfig is deprecated and will no longer be supported in a future release, please upgrade torchao and quantize again, or download a newer torchao checkpoint, see https://github.com/pytorch/ao/issues/2948 for more details
  warnings.warn(
/home/aryama.murthy/native-joint-deps/torchao0150/torchao/dtypes/uintx/tensor_core_tiled_layout.py:241: UserWarning: Models quantized with version 1 of Int4WeightOnlyConfig is deprecated and will no longer be supported in a future release, please upgrade torchao and quantize again, or download a newer torchao checkpoint, see https://github.com/pytorch/ao/issues/2948 for more details
  warnings.warn(
/home/aryama.murthy/native-joint-deps/torchao0150/torchao/dtypes/uintx/tensor_core_tiled_layout.py:241: UserWarning: Models quantized with version 1 of Int4WeightOnlyConfig is deprecated and will no longer be supported in a future release, please upgrade torchao and quantize again, or download a newer torchao checkpoint, see https://github.com/pytorch/ao/issues/2948 for more details
  warnings.warn(
/home/aryama.murthy/native-joint-deps/torchao0150/torchao/dtypes/uintx/tensor_core_tiled_layout.py:241: UserWarning: Models quantized with version 1 of Int4WeightOnlyConfig is deprecated and will no longer be supported in a future release, please upgrade torchao and quantize again, or download a newer torchao checkpoint, see https://github.com/pytorch/ao/issues/2948 for more details
  warnings.warn(
/home/aryama.murthy/native-joint-deps/torchao0150/torchao/dtypes/uintx/tensor_core_tiled_layout.py:241: UserWarning: Models quantized with version 1 of Int4WeightOnlyConfig is deprecated and will no longer be supported in a future release, please upgrade torchao and quantize again, or download a newer torchao checkpoint, see https://github.com/pytorch/ao/issues/2948 for more details
  warnings.warn(
/home/aryama.murthy/native-joint-deps/torchao0150/torchao/dtypes/uintx/tensor_core_tiled_layout.py:241: UserWarning: Models quantized with version 1 of Int4WeightOnlyConfig is deprecated and will no longer be supported in a future release, please upgrade torchao and quantize again, or download a newer torchao checkpoint, see https://github.com/pytorch/ao/issues/2948 for more details
  warnings.warn(
/home/aryama.murthy/native-joint-deps/torchao0150/torchao/dtypes/uintx/tensor_core_tiled_layout.py:241: UserWarning: Models quantized with version 1 of Int4WeightOnlyConfig is deprecated and will no longer be supported in a future release, please upgrade torchao and quantize again, or download a newer torchao checkpoint, see https://github.com/pytorch/ao/issues/2948 for more details
  warnings.warn(
/home/aryama.murthy/native-joint-deps/torchao0150/torchao/dtypes/uintx/tensor_core_tiled_layout.py:241: UserWarning: Models quantized with version 1 of Int4WeightOnlyConfig is deprecated and will no longer be supported in a future release, please upgrade torchao and quantize again, or download a newer torchao checkpoint, see https://github.com/pytorch/ao/issues/2948 for more details
  warnings.warn(
/home/aryama.murthy/native-joint-deps/torchao0150/torchao/dtypes/uintx/tensor_core_tiled_layout.py:241: UserWarning: Models quantized with version 1 of Int4WeightOnlyConfig is deprecated and will no longer be supported in a future release, please upgrade torchao and quantize again, or download a newer torchao checkpoint, see https://github.com/pytorch/ao/issues/2948 for more details
  warnings.warn(
/home/aryama.murthy/native-joint-deps/torchao0150/torchao/dtypes/uintx/tensor_core_tiled_layout.py:241: UserWarning: Models quantized with version 1 of Int4WeightOnlyConfig is deprecated and will no longer be supported in a future release, please upgrade torchao and quantize again, or download a newer torchao checkpoint, see https://github.com/pytorch/ao/issues/2948 for more details
  warnings.warn(
/home/aryama.murthy/native-joint-deps/torchao0150/torchao/dtypes/uintx/tensor_core_tiled_layout.py:241: UserWarning: Models quantized with version 1 of Int4WeightOnlyConfig is deprecated and will no longer be supported in a future release, please upgrade torchao and quantize again, or download a newer torchao checkpoint, see https://github.com/pytorch/ao/issues/2948 for more details
  warnings.warn(
/home/aryama.murthy/native-joint-deps/torchao0150/torchao/dtypes/uintx/tensor_core_tiled_layout.py:241: UserWarning: Models quantized with version 1 of Int4WeightOnlyConfig is deprecated and will no longer be supported in a future release, please upgrade torchao and quantize again, or download a newer torchao checkpoint, see https://github.com/pytorch/ao/issues/2948 for more details
  warnings.warn(
/home/aryama.murthy/native-joint-deps/torchao0150/torchao/dtypes/uintx/tensor_core_tiled_layout.py:241: UserWarning: Models quantized with version 1 of Int4WeightOnlyConfig is deprecated and will no longer be supported in a future release, please upgrade torchao and quantize again, or download a newer torchao checkpoint, see https://github.com/pytorch/ao/issues/2948 for more details
  warnings.warn(
/home/aryama.murthy/native-joint-deps/torchao0150/torchao/dtypes/uintx/tensor_core_tiled_layout.py:241: UserWarning: Models quantized with version 1 of Int4WeightOnlyConfig is deprecated and will no longer be supported in a future release, please upgrade torchao and quantize again, or download a newer torchao checkpoint, see https://github.com/pytorch/ao/issues/2948 for more details
  warnings.warn(
/home/aryama.murthy/native-joint-deps/torchao0150/torchao/dtypes/uintx/tensor_core_tiled_layout.py:241: UserWarning: Models quantized with version 1 of Int4WeightOnlyConfig is deprecated and will no longer be supported in a future release, please upgrade torchao and quantize again, or download a newer torchao checkpoint, see https://github.com/pytorch/ao/issues/2948 for more details
  warnings.warn(
/home/aryama.murthy/native-joint-deps/torchao0150/torchao/dtypes/uintx/tensor_core_tiled_layout.py:241: UserWarning: Models quantized with version 1 of Int4WeightOnlyConfig is deprecated and will no longer be supported in a future release, please upgrade torchao and quantize again, or download a newer torchao checkpoint, see https://github.com/pytorch/ao/issues/2948 for more details
  warnings.warn(
/home/aryama.murthy/native-joint-deps/torchao0150/torchao/dtypes/uintx/tensor_core_tiled_layout.py:241: UserWarning: Models quantized with version 1 of Int4WeightOnlyConfig is deprecated and will no longer be supported in a future release, please upgrade torchao and quantize again, or download a newer torchao checkpoint, see https://github.com/pytorch/ao/issues/2948 for more details
  warnings.warn(
/home/aryama.murthy/native-joint-deps/torchao0150/torchao/dtypes/uintx/tensor_core_tiled_layout.py:241: UserWarning: Models quantized with version 1 of Int4WeightOnlyConfig is deprecated and will no longer be supported in a future release, please upgrade torchao and quantize again, or download a newer torchao checkpoint, see https://github.com/pytorch/ao/issues/2948 for more details
  warnings.warn(
/home/aryama.murthy/native-joint-deps/torchao0150/torchao/dtypes/uintx/tensor_core_tiled_layout.py:241: UserWarning: Models quantized with version 1 of Int4WeightOnlyConfig is deprecated and will no longer be supported in a future release, please upgrade torchao and quantize again, or download a newer torchao checkpoint, see https://github.com/pytorch/ao/issues/2948 for more details
  warnings.warn(
/home/aryama.murthy/native-joint-deps/torchao0150/torchao/dtypes/uintx/tensor_core_tiled_layout.py:241: UserWarning: Models quantized with version 1 of Int4WeightOnlyConfig is deprecated and will no longer be supported in a future release, please upgrade torchao and quantize again, or download a newer torchao checkpoint, see https://github.com/pytorch/ao/issues/2948 for more details
  warnings.warn(
/home/aryama.murthy/native-joint-deps/torchao0150/torchao/dtypes/uintx/tensor_core_tiled_layout.py:241: UserWarning: Models quantized with version 1 of Int4WeightOnlyConfig is deprecated and will no longer be supported in a future release, please upgrade torchao and quantize again, or download a newer torchao checkpoint, see https://github.com/pytorch/ao/issues/2948 for more details
  warnings.warn(
/home/aryama.murthy/native-joint-deps/torchao0150/torchao/dtypes/uintx/tensor_core_tiled_layout.py:241: UserWarning: Models quantized with version 1 of Int4WeightOnlyConfig is deprecated and will no longer be supported in a future release, please upgrade torchao and quantize again, or download a newer torchao checkpoint, see https://github.com/pytorch/ao/issues/2948 for more details
  warnings.warn(
/home/aryama.murthy/native-joint-deps/torchao0150/torchao/dtypes/uintx/tensor_core_tiled_layout.py:241: UserWarning: Models quantized with version 1 of Int4WeightOnlyConfig is deprecated and will no longer be supported in a future release, please upgrade torchao and quantize again, or download a newer torchao checkpoint, see https://github.com/pytorch/ao/issues/2948 for more details
  warnings.warn(
/home/aryama.murthy/native-joint-deps/torchao0150/torchao/dtypes/uintx/tensor_core_tiled_layout.py:241: UserWarning: Models quantized with version 1 of Int4WeightOnlyConfig is deprecated and will no longer be supported in a future release, please upgrade torchao and quantize again, or download a newer torchao checkpoint, see https://github.com/pytorch/ao/issues/2948 for more details
  warnings.warn(
/home/aryama.murthy/native-joint-deps/torchao0150/torchao/dtypes/uintx/tensor_core_tiled_layout.py:241: UserWarning: Models quantized with version 1 of Int4WeightOnlyConfig is deprecated and will no longer be supported in a future release, please upgrade torchao and quantize again, or download a newer torchao checkpoint, see https://github.com/pytorch/ao/issues/2948 for more details
  warnings.warn(
{"status": "pass", "variant": {"name": "compiled_int4_draft_only", "kind": "fixed", "block_size": 16, "quantization": {"group_size": 128, "quantize_head": false, "precision": "int4", "compile_linears": true, "package_path": "/home/aryama.murthy/native-joint-deps/torchao0150"}}, "summary": {"native": {"tps": 121.27025062782334, "exact_native": 16, "requests": 8, "timed_generations": 16, "progress": 4.520282186948854}, "candidate": {"tps": 100.5302935372737, "exact_native": 16, "requests": 8, "timed_generations": 16, "progress": 4.522045855379189}}, "native_ratio": 0.8289773709283387, "elapsed_seconds": 93.13579209614545}
