Loading weights:   0%|          | 0/399 [00:00<?, ?it/s]Loading weights: 100%|██████████| 399/399 [00:00<00:00, 5130.42it/s]
Loading weights:   0%|          | 0/58 [00:00<?, ?it/s]Loading weights: 100%|██████████| 58/58 [00:00<00:00, 9541.86it/s]
{"event": "loaded", "elapsed": 5.9108148366212845}
{"event": "cache_split", "elapsed": 16.696055604610592, "split": "train", "records": 128}
{"event": "cache_split", "elapsed": 18.08049017097801, "split": "validation", "records": 16}
{"event": "decode", "elapsed": 48.81988434679806, "stage": "before", "summary": {"native": {"tps": 184.24003609599802, "progress": 6.864661654135339, "exact_native": 8, "requests": 8, "capped": 0, "native_ratio": 1.0}, "duplicate": {"tps": 183.69426722967492, "progress": 6.864661654135339, "exact_native": 8, "requests": 8, "capped": 0, "native_ratio": 0.9970377292694476}, "student": {"tps": 174.07475771600974, "progress": 6.464539007092198, "exact_native": 8, "requests": 8, "capped": 0, "native_ratio": 0.9448258988904471}}}
{"event": "optimizer", "elapsed": 48.82429520878941, "native_parameters": 1048626432, "student_parameters": 998294784, "trainable_parameters": 998294784}
{"event": "validation", "elapsed": 49.24509130604565, "step": 0, "loss": 2.197765781544149, "kl": 2.197765781544149, "data_ce": 2.8998173461295664, "token_agreement": 0.3916666847653687, "teacher_forced_prefix_matches": 3.9375}
{"event": "validation", "elapsed": 65.29132238589227, "step": 64, "loss": 1.9573197737336159, "kl": 1.9573197737336159, "data_ce": 2.550036456435919, "token_agreement": 0.4083333625458181, "teacher_forced_prefix_matches": 3.9375}
{"event": "validation", "elapsed": 81.18722011893988, "step": 128, "loss": 1.9220129898749292, "kl": 1.9220129898749292, "data_ce": 2.4549824856221676, "token_agreement": 0.4333333605900407, "teacher_forced_prefix_matches": 4.0625}
{"event": "validation", "elapsed": 97.04583282768726, "step": 192, "loss": 1.830472234170884, "kl": 1.830472234170884, "data_ce": 2.337574086152017, "token_agreement": 0.4375000246800482, "teacher_forced_prefix_matches": 4.5}
{"event": "validation", "elapsed": 113.05088998004794, "step": 256, "loss": 1.7597510148771107, "kl": 1.7597510148771107, "data_ce": 2.268110671080649, "token_agreement": 0.4208333594724536, "teacher_forced_prefix_matches": 3.5625}
{"event": "validation", "elapsed": 129.01470502000302, "step": 320, "loss": 1.7184708267450333, "kl": 1.7184708267450333, "data_ce": 2.192586477380246, "token_agreement": 0.45833336655050516, "teacher_forced_prefix_matches": 3.5625}
{"event": "validation", "elapsed": 144.9208379527554, "step": 384, "loss": 1.6934927315451205, "kl": 1.6934927315451205, "data_ce": 2.1759262341074646, "token_agreement": 0.4541666959412396, "teacher_forced_prefix_matches": 4.25}
{"event": "validation", "elapsed": 161.00477273575962, "step": 448, "loss": 1.6513351027388126, "kl": 1.6513351027388126, "data_ce": 2.144588290946558, "token_agreement": 0.4666666961275041, "teacher_forced_prefix_matches": 4.8125}
{"event": "validation", "elapsed": 176.3872030810453, "step": 512, "loss": 1.6285445946268737, "kl": 1.6285445946268737, "data_ce": 2.1366642713546753, "token_agreement": 0.46666669053956866, "teacher_forced_prefix_matches": 4.5625}
{"event": "decode", "elapsed": 213.94486623583362, "stage": "after", "summary": {"native": {"tps": 177.90772326080074, "progress": 6.864661654135339, "exact_native": 8, "requests": 8, "capped": 0, "native_ratio": 1.0}, "duplicate": {"tps": 178.64923909062375, "progress": 6.864661654135339, "exact_native": 8, "requests": 8, "capped": 0, "native_ratio": 1.0041679799855345}, "student": {"tps": 151.61276554711623, "progress": 5.802547770700637, "exact_native": 8, "requests": 8, "capped": 0, "native_ratio": 0.8521988970926356}}}
Traceback (most recent call last):
  File "/home/aryama.murthy/native-joint-20260908-v3/run_lane.py", line 252, in <module>
    main()
  File "/home/aryama.murthy/native-joint-20260908-v3/run_lane.py", line 244, in main
    raise RuntimeError("Saved checkpoint failed decode reproduction")
RuntimeError: Saved checkpoint failed decode reproduction
