
*****************************************
Setting OMP_NUM_THREADS environment variable for each process to be 1 in default, to avoid your system being overloaded, please further tune the variable for optimal performance in your application as needed. 
*****************************************
[rank3]: Traceback (most recent call last):
[rank3]:   File "/home/aryama.murthy/relayspec/scripts/benchmark_eagle3.py", line 464, in <module>
[rank3]:     main()
[rank3]:   File "/home/aryama.murthy/relayspec/scripts/benchmark_eagle3.py", line 148, in main
[rank3]:     api = import_official_eagle3(
[rank3]:           ^^^^^^^^^^^^^^^^^^^^^^^
[rank3]:   File "/home/aryama.murthy/relayspec/src/relayspec/eagle3.py", line 47, in import_official_eagle3
[rank3]:     evaluator = importlib.import_module("deepspec.eval.base_evaluator")
[rank3]:                 ^^^^^^^^^^^^^^^^^^^^^^^^^^^^^^^^^^^^^^^^^^^^^^^^^^^^^^^
[rank3]:   File "/home/aryama.murthy/.local/share/uv/python/cpython-3.12.13-linux-x86_64-gnu/lib/python3.12/importlib/__init__.py", line 90, in import_module
[rank3]:     return _bootstrap._gcd_import(name[level:], package, level)
[rank3]:            ^^^^^^^^^^^^^^^^^^^^^^^^^^^^^^^^^^^^^^^^^^^^^^^^^^^^
[rank3]:   File "<frozen importlib._bootstrap>", line 1387, in _gcd_import
[rank3]:   File "<frozen importlib._bootstrap>", line 1360, in _find_and_load
[rank3]:   File "<frozen importlib._bootstrap>", line 1310, in _find_and_load_unlocked
[rank3]:   File "<frozen importlib._bootstrap>", line 488, in _call_with_frames_removed
[rank3]:   File "<frozen importlib._bootstrap>", line 1387, in _gcd_import
[rank3]:   File "<frozen importlib._bootstrap>", line 1360, in _find_and_load
[rank3]:   File "<frozen importlib._bootstrap>", line 1331, in _find_and_load_unlocked
[rank3]:   File "<frozen importlib._bootstrap>", line 935, in _load_unlocked
[rank3]:   File "<frozen importlib._bootstrap_external>", line 999, in exec_module
[rank3]:   File "<frozen importlib._bootstrap>", line 488, in _call_with_frames_removed
[rank3]:   File "/home/aryama.murthy/relayspec/vendor/deepspec/deepspec/eval/__init__.py", line 2, in <module>
[rank3]:     from .dspark import Gemma4DSparkEvaluator, Qwen3DSparkEvaluator
[rank3]:   File "/home/aryama.murthy/relayspec/vendor/deepspec/deepspec/eval/dspark/__init__.py", line 1, in <module>
[rank3]:     from .evaluator import Gemma4DSparkEvaluator, Qwen3DSparkEvaluator
[rank3]:   File "/home/aryama.murthy/relayspec/vendor/deepspec/deepspec/eval/dspark/evaluator.py", line 17, in <module>
[rank3]:     from deepspec.eval.dspark.draft_ops import (
[rank3]:   File "/home/aryama.murthy/relayspec/vendor/deepspec/deepspec/eval/dspark/draft_ops.py", line 10, in <module>
[rank3]:     from deepspec.modeling.dspark.gemma4 import Gemma4DSparkModel
[rank3]:   File "/home/aryama.murthy/relayspec/vendor/deepspec/deepspec/modeling/__init__.py", line 1, in <module>
[rank3]:     from .dspark import (
[rank3]:   File "/home/aryama.murthy/relayspec/vendor/deepspec/deepspec/modeling/dspark/__init__.py", line 2, in <module>
[rank3]:     from .gemma4 import Gemma4DSparkModel
[rank3]:   File "/home/aryama.murthy/relayspec/vendor/deepspec/deepspec/modeling/dspark/gemma4/__init__.py", line 2, in <module>
[rank3]:     from .modeling import Gemma4DSparkModel
[rank3]:   File "/home/aryama.murthy/relayspec/vendor/deepspec/deepspec/modeling/dspark/gemma4/modeling.py", line 10, in <module>
[rank3]:     from transformers.models.gemma4.configuration_gemma4 import Gemma4TextConfig
[rank3]: ModuleNotFoundError: No module named 'transformers.models.gemma4'
[rank1]: Traceback (most recent call last):
[rank1]:   File "/home/aryama.murthy/relayspec/scripts/benchmark_eagle3.py", line 464, in <module>
[rank1]:     main()
[rank1]:   File "/home/aryama.murthy/relayspec/scripts/benchmark_eagle3.py", line 148, in main
[rank1]:     api = import_official_eagle3(
[rank1]:           ^^^^^^^^^^^^^^^^^^^^^^^
[rank1]:   File "/home/aryama.murthy/relayspec/src/relayspec/eagle3.py", line 47, in import_official_eagle3
[rank1]:     evaluator = importlib.import_module("deepspec.eval.base_evaluator")
[rank1]:                 ^^^^^^^^^^^^^^^^^^^^^^^^^^^^^^^^^^^^^^^^^^^^^^^^^^^^^^^
[rank1]:   File "/home/aryama.murthy/.local/share/uv/python/cpython-3.12.13-linux-x86_64-gnu/lib/python3.12/importlib/__init__.py", line 90, in import_module
[rank1]:     return _bootstrap._gcd_import(name[level:], package, level)
[rank1]:            ^^^^^^^^^^^^^^^^^^^^^^^^^^^^^^^^^^^^^^^^^^^^^^^^^^^^
[rank1]:   File "<frozen importlib._bootstrap>", line 1387, in _gcd_import
[rank1]:   File "<frozen importlib._bootstrap>", line 1360, in _find_and_load
[rank1]:   File "<frozen importlib._bootstrap>", line 1310, in _find_and_load_unlocked
[rank1]:   File "<frozen importlib._bootstrap>", line 488, in _call_with_frames_removed
[rank1]:   File "<frozen importlib._bootstrap>", line 1387, in _gcd_import
[rank1]:   File "<frozen importlib._bootstrap>", line 1360, in _find_and_load
[rank1]:   File "<frozen importlib._bootstrap>", line 1331, in _find_and_load_unlocked
[rank1]:   File "<frozen importlib._bootstrap>", line 935, in _load_unlocked
[rank1]:   File "<frozen importlib._bootstrap_external>", line 999, in exec_module
[rank1]:   File "<frozen importlib._bootstrap>", line 488, in _call_with_frames_removed
[rank1]:   File "/home/aryama.murthy/relayspec/vendor/deepspec/deepspec/eval/__init__.py", line 2, in <module>
[rank1]:     from .dspark import Gemma4DSparkEvaluator, Qwen3DSparkEvaluator
[rank1]:   File "/home/aryama.murthy/relayspec/vendor/deepspec/deepspec/eval/dspark/__init__.py", line 1, in <module>
[rank1]:     from .evaluator import Gemma4DSparkEvaluator, Qwen3DSparkEvaluator
[rank1]:   File "/home/aryama.murthy/relayspec/vendor/deepspec/deepspec/eval/dspark/evaluator.py", line 17, in <module>
[rank1]:     from deepspec.eval.dspark.draft_ops import (
[rank1]:   File "/home/aryama.murthy/relayspec/vendor/deepspec/deepspec/eval/dspark/draft_ops.py", line 10, in <module>
[rank1]:     from deepspec.modeling.dspark.gemma4 import Gemma4DSparkModel
[rank1]:   File "/home/aryama.murthy/relayspec/vendor/deepspec/deepspec/modeling/__init__.py", line 1, in <module>
[rank1]:     from .dspark import (
[rank1]:   File "/home/aryama.murthy/relayspec/vendor/deepspec/deepspec/modeling/dspark/__init__.py", line 2, in <module>
[rank1]:     from .gemma4 import Gemma4DSparkModel
[rank1]:   File "/home/aryama.murthy/relayspec/vendor/deepspec/deepspec/modeling/dspark/gemma4/__init__.py", line 2, in <module>
[rank1]:     from .modeling import Gemma4DSparkModel
[rank1]:   File "/home/aryama.murthy/relayspec/vendor/deepspec/deepspec/modeling/dspark/gemma4/modeling.py", line 10, in <module>
[rank1]:     from transformers.models.gemma4.configuration_gemma4 import Gemma4TextConfig
[rank1]: ModuleNotFoundError: No module named 'transformers.models.gemma4'
[rank0]: Traceback (most recent call last):
[rank0]:   File "/home/aryama.murthy/relayspec/scripts/benchmark_eagle3.py", line 464, in <module>
[rank0]:     main()
[rank0]:   File "/home/aryama.murthy/relayspec/scripts/benchmark_eagle3.py", line 148, in main
[rank0]:     api = import_official_eagle3(
[rank0]:           ^^^^^^^^^^^^^^^^^^^^^^^
[rank0]:   File "/home/aryama.murthy/relayspec/src/relayspec/eagle3.py", line 47, in import_official_eagle3
[rank0]:     evaluator = importlib.import_module("deepspec.eval.base_evaluator")
[rank0]:                 ^^^^^^^^^^^^^^^^^^^^^^^^^^^^^^^^^^^^^^^^^^^^^^^^^^^^^^^
[rank0]:   File "/home/aryama.murthy/.local/share/uv/python/cpython-3.12.13-linux-x86_64-gnu/lib/python3.12/importlib/__init__.py", line 90, in import_module
[rank0]:     return _bootstrap._gcd_import(name[level:], package, level)
[rank0]:            ^^^^^^^^^^^^^^^^^^^^^^^^^^^^^^^^^^^^^^^^^^^^^^^^^^^^
[rank0]:   File "<frozen importlib._bootstrap>", line 1387, in _gcd_import
[rank0]:   File "<frozen importlib._bootstrap>", line 1360, in _find_and_load
[rank0]:   File "<frozen importlib._bootstrap>", line 1310, in _find_and_load_unlocked
[rank0]:   File "<frozen importlib._bootstrap>", line 488, in _call_with_frames_removed
[rank0]:   File "<frozen importlib._bootstrap>", line 1387, in _gcd_import
[rank0]:   File "<frozen importlib._bootstrap>", line 1360, in _find_and_load
[rank0]:   File "<frozen importlib._bootstrap>", line 1331, in _find_and_load_unlocked
[rank0]:   File "<frozen importlib._bootstrap>", line 935, in _load_unlocked
[rank0]:   File "<frozen importlib._bootstrap_external>", line 999, in exec_module
[rank0]:   File "<frozen importlib._bootstrap>", line 488, in _call_with_frames_removed
[rank0]:   File "/home/aryama.murthy/relayspec/vendor/deepspec/deepspec/eval/__init__.py", line 2, in <module>
[rank0]:     from .dspark import Gemma4DSparkEvaluator, Qwen3DSparkEvaluator
[rank0]:   File "/home/aryama.murthy/relayspec/vendor/deepspec/deepspec/eval/dspark/__init__.py", line 1, in <module>
[rank0]:     from .evaluator import Gemma4DSparkEvaluator, Qwen3DSparkEvaluator
[rank0]:   File "/home/aryama.murthy/relayspec/vendor/deepspec/deepspec/eval/dspark/evaluator.py", line 17, in <module>
[rank0]:     from deepspec.eval.dspark.draft_ops import (
[rank0]:   File "/home/aryama.murthy/relayspec/vendor/deepspec/deepspec/eval/dspark/draft_ops.py", line 10, in <module>
[rank0]:     from deepspec.modeling.dspark.gemma4 import Gemma4DSparkModel
[rank0]:   File "/home/aryama.murthy/relayspec/vendor/deepspec/deepspec/modeling/__init__.py", line 1, in <module>
[rank0]:     from .dspark import (
[rank0]:   File "/home/aryama.murthy/relayspec/vendor/deepspec/deepspec/modeling/dspark/__init__.py", line 2, in <module>
[rank0]:     from .gemma4 import Gemma4DSparkModel
[rank0]:   File "/home/aryama.murthy/relayspec/vendor/deepspec/deepspec/modeling/dspark/gemma4/__init__.py", line 2, in <module>
[rank0]:     from .modeling import Gemma4DSparkModel
[rank0]:   File "/home/aryama.murthy/relayspec/vendor/deepspec/deepspec/modeling/dspark/gemma4/modeling.py", line 10, in <module>
[rank0]:     from transformers.models.gemma4.configuration_gemma4 import Gemma4TextConfig
[rank0]: ModuleNotFoundError: No module named 'transformers.models.gemma4'
[rank2]: Traceback (most recent call last):
[rank2]:   File "/home/aryama.murthy/relayspec/scripts/benchmark_eagle3.py", line 464, in <module>
[rank2]:     main()
[rank2]:   File "/home/aryama.murthy/relayspec/scripts/benchmark_eagle3.py", line 148, in main
[rank2]:     api = import_official_eagle3(
[rank2]:           ^^^^^^^^^^^^^^^^^^^^^^^
[rank2]:   File "/home/aryama.murthy/relayspec/src/relayspec/eagle3.py", line 47, in import_official_eagle3
[rank2]:     evaluator = importlib.import_module("deepspec.eval.base_evaluator")
[rank2]:                 ^^^^^^^^^^^^^^^^^^^^^^^^^^^^^^^^^^^^^^^^^^^^^^^^^^^^^^^
[rank2]:   File "/home/aryama.murthy/.local/share/uv/python/cpython-3.12.13-linux-x86_64-gnu/lib/python3.12/importlib/__init__.py", line 90, in import_module
[rank2]:     return _bootstrap._gcd_import(name[level:], package, level)
[rank2]:            ^^^^^^^^^^^^^^^^^^^^^^^^^^^^^^^^^^^^^^^^^^^^^^^^^^^^
[rank2]:   File "<frozen importlib._bootstrap>", line 1387, in _gcd_import
[rank2]:   File "<frozen importlib._bootstrap>", line 1360, in _find_and_load
[rank2]:   File "<frozen importlib._bootstrap>", line 1310, in _find_and_load_unlocked
[rank2]:   File "<frozen importlib._bootstrap>", line 488, in _call_with_frames_removed
[rank2]:   File "<frozen importlib._bootstrap>", line 1387, in _gcd_import
[rank2]:   File "<frozen importlib._bootstrap>", line 1360, in _find_and_load
[rank2]:   File "<frozen importlib._bootstrap>", line 1331, in _find_and_load_unlocked
[rank2]:   File "<frozen importlib._bootstrap>", line 935, in _load_unlocked
[rank2]:   File "<frozen importlib._bootstrap_external>", line 999, in exec_module
[rank2]:   File "<frozen importlib._bootstrap>", line 488, in _call_with_frames_removed
[rank2]:   File "/home/aryama.murthy/relayspec/vendor/deepspec/deepspec/eval/__init__.py", line 2, in <module>
[rank2]:     from .dspark import Gemma4DSparkEvaluator, Qwen3DSparkEvaluator
[rank2]:   File "/home/aryama.murthy/relayspec/vendor/deepspec/deepspec/eval/dspark/__init__.py", line 1, in <module>
[rank2]:     from .evaluator import Gemma4DSparkEvaluator, Qwen3DSparkEvaluator
[rank2]:   File "/home/aryama.murthy/relayspec/vendor/deepspec/deepspec/eval/dspark/evaluator.py", line 17, in <module>
[rank2]:     from deepspec.eval.dspark.draft_ops import (
[rank2]:   File "/home/aryama.murthy/relayspec/vendor/deepspec/deepspec/eval/dspark/draft_ops.py", line 10, in <module>
[rank2]:     from deepspec.modeling.dspark.gemma4 import Gemma4DSparkModel
[rank2]:   File "/home/aryama.murthy/relayspec/vendor/deepspec/deepspec/modeling/__init__.py", line 1, in <module>
[rank2]:     from .dspark import (
[rank2]:   File "/home/aryama.murthy/relayspec/vendor/deepspec/deepspec/modeling/dspark/__init__.py", line 2, in <module>
[rank2]:     from .gemma4 import Gemma4DSparkModel
[rank2]:   File "/home/aryama.murthy/relayspec/vendor/deepspec/deepspec/modeling/dspark/gemma4/__init__.py", line 2, in <module>
[rank2]:     from .modeling import Gemma4DSparkModel
[rank2]:   File "/home/aryama.murthy/relayspec/vendor/deepspec/deepspec/modeling/dspark/gemma4/modeling.py", line 10, in <module>
[rank2]:     from transformers.models.gemma4.configuration_gemma4 import Gemma4TextConfig
[rank2]: ModuleNotFoundError: No module named 'transformers.models.gemma4'
[rank0]:[W828 10:19:28.580332154 ProcessGroupNCCL.cpp:1524] Warning: WARNING: destroy_process_group() was not called before program exit, which can leak resources. For more info, please see https://pytorch.org/docs/stable/distributed.html#shutdown (function operator())
W0828 10:19:29.234000 2519220 torch/distributed/elastic/multiprocessing/api.py:908] Sending process 2519353 closing signal SIGTERM
W0828 10:19:29.235000 2519220 torch/distributed/elastic/multiprocessing/api.py:908] Sending process 2519354 closing signal SIGTERM
W0828 10:19:29.235000 2519220 torch/distributed/elastic/multiprocessing/api.py:908] Sending process 2519355 closing signal SIGTERM
E0828 10:19:29.431000 2519220 torch/distributed/elastic/multiprocessing/api.py:882] failed (exitcode: 1) local_rank: 0 (pid: 2519352) of binary: /home/aryama.murthy/.venvs/factorspec-20260826/bin/python
Traceback (most recent call last):
  File "<frozen runpy>", line 198, in _run_module_as_main
  File "<frozen runpy>", line 88, in _run_code
  File "/home/aryama.murthy/.venvs/factorspec-20260826/lib/python3.12/site-packages/torch/distributed/run.py", line 940, in <module>
    main()
  File "/home/aryama.murthy/.venvs/factorspec-20260826/lib/python3.12/site-packages/torch/distributed/elastic/multiprocessing/errors/__init__.py", line 357, in wrapper
    return f(*args, **kwargs)
           ^^^^^^^^^^^^^^^^^^
  File "/home/aryama.murthy/.venvs/factorspec-20260826/lib/python3.12/site-packages/torch/distributed/run.py", line 936, in main
    run(args)
  File "/home/aryama.murthy/.venvs/factorspec-20260826/lib/python3.12/site-packages/torch/distributed/run.py", line 927, in run
    elastic_launch(
  File "/home/aryama.murthy/.venvs/factorspec-20260826/lib/python3.12/site-packages/torch/distributed/launcher/api.py", line 156, in __call__
    return launch_agent(self._config, self._entrypoint, list(args))
           ^^^^^^^^^^^^^^^^^^^^^^^^^^^^^^^^^^^^^^^^^^^^^^^^^^^^^^^^
  File "/home/aryama.murthy/.venvs/factorspec-20260826/lib/python3.12/site-packages/torch/distributed/launcher/api.py", line 293, in launch_agent
    raise ChildFailedError(
torch.distributed.elastic.multiprocessing.errors.ChildFailedError: 
============================================================
scripts/benchmark_eagle3.py FAILED
------------------------------------------------------------
Failures:
  <NO_OTHER_FAILURES>
------------------------------------------------------------
Root Cause (first observed failure):
[0]:
  time      : 2026-08-28_10:19:29
  host      : node01.local
  rank      : 0 (local_rank: 0)
  exitcode  : 1 (pid: 2519352)
  error_file: <N/A>
  traceback : To enable traceback see: https://pytorch.org/docs/stable/elastic/errors.html
============================================================
