{
  "benchmarks": {
    "humaneval": {
      "native_ar": {
        "base_pass_at_1": 0.8719512195121951,
        "base_passed": 143,
        "plus_pass_at_1": 0.8109756097560976,
        "plus_passed": 133,
        "result_file": "humaneval-native_ar-sanitized-full.eval_results.json",
        "samples": 164
      },
      "relay_eagle3": {
        "base_pass_at_1": 0.8597560975609756,
        "base_passed": 141,
        "plus_pass_at_1": 0.8109756097560976,
        "plus_passed": 133,
        "result_file": "humaneval-relay_eagle3-sanitized-full.eval_results.json",
        "samples": 164
      },
      "source_reuse_eagle3": {
        "base_pass_at_1": 0.8597560975609756,
        "base_passed": 141,
        "plus_pass_at_1": 0.8109756097560976,
        "plus_passed": 133,
        "result_file": "humaneval-source_reuse_eagle3-sanitized-full.eval_results.json",
        "samples": 164
      }
    },
    "mbpp": {
      "native_ar": {
        "base_pass_at_1": 0.8412698412698413,
        "base_passed": 318,
        "plus_pass_at_1": 0.7301587301587301,
        "plus_passed": 276,
        "result_file": "mbpp-native_ar-sanitized-full.eval_results.json",
        "samples": 378
      },
      "relay_eagle3": {
        "base_pass_at_1": 0.8306878306878307,
        "base_passed": 314,
        "plus_pass_at_1": 0.7195767195767195,
        "plus_passed": 272,
        "result_file": "mbpp-relay_eagle3-sanitized-full.eval_results.json",
        "samples": 378
      },
      "source_reuse_eagle3": {
        "base_pass_at_1": 0.8306878306878307,
        "base_passed": 314,
        "plus_pass_at_1": 0.7195767195767195,
        "plus_passed": 272,
        "result_file": "mbpp-source_reuse_eagle3-sanitized-full.eval_results.json",
        "samples": 378
      }
    }
  },
  "evalplus_revision": "26d6d00bb1fd0fa37f39c99d5290da67891d1c5e",
  "paired_quality": {
    "humaneval": {
      "native_ar": {
        "base": {
          "accuracy_delta": 0.012195121951219513,
          "accuracy_delta_ci95": [
            -0.012195121951219513,
            0.036585365853658534
          ],
          "bootstrap_samples": 10000,
          "bootstrap_seed": 1729,
          "candidate_accuracy": 0.8719512195121951,
          "candidate_only_passes": 3,
          "paired_tasks": 164,
          "reference_accuracy": 0.8597560975609756,
          "reference_only_passes": 1
        },
        "plus": {
          "accuracy_delta": 0.0,
          "accuracy_delta_ci95": [
            -0.03048780487804878,
            0.03048780487804878
          ],
          "bootstrap_samples": 10000,
          "bootstrap_seed": 1729,
          "candidate_accuracy": 0.8109756097560976,
          "candidate_only_passes": 3,
          "paired_tasks": 164,
          "reference_accuracy": 0.8109756097560976,
          "reference_only_passes": 3
        }
      },
      "relay_eagle3": {
        "base": {
          "accuracy_delta": 0.0,
          "accuracy_delta_ci95": [
            0.0,
            0.0
          ],
          "bootstrap_samples": 10000,
          "bootstrap_seed": 1729,
          "candidate_accuracy": 0.8597560975609756,
          "candidate_only_passes": 0,
          "paired_tasks": 164,
          "reference_accuracy": 0.8597560975609756,
          "reference_only_passes": 0
        },
        "plus": {
          "accuracy_delta": 0.0,
          "accuracy_delta_ci95": [
            0.0,
            0.0
          ],
          "bootstrap_samples": 10000,
          "bootstrap_seed": 1729,
          "candidate_accuracy": 0.8109756097560976,
          "candidate_only_passes": 0,
          "paired_tasks": 164,
          "reference_accuracy": 0.8109756097560976,
          "reference_only_passes": 0
        }
      }
    },
    "mbpp": {
      "native_ar": {
        "base": {
          "accuracy_delta": 0.010582010582010581,
          "accuracy_delta_ci95": [
            -0.007936507936507936,
            0.0291005291005291
          ],
          "bootstrap_samples": 10000,
          "bootstrap_seed": 1729,
          "candidate_accuracy": 0.8412698412698413,
          "candidate_only_passes": 9,
          "paired_tasks": 378,
          "reference_accuracy": 0.8306878306878307,
          "reference_only_passes": 5
        },
        "plus": {
          "accuracy_delta": 0.010582010582010581,
          "accuracy_delta_ci95": [
            -0.005291005291005291,
            0.026455026455026454
          ],
          "bootstrap_samples": 10000,
          "bootstrap_seed": 1729,
          "candidate_accuracy": 0.7301587301587301,
          "candidate_only_passes": 7,
          "paired_tasks": 378,
          "reference_accuracy": 0.7195767195767195,
          "reference_only_passes": 3
        }
      },
      "relay_eagle3": {
        "base": {
          "accuracy_delta": 0.0,
          "accuracy_delta_ci95": [
            0.0,
            0.0
          ],
          "bootstrap_samples": 10000,
          "bootstrap_seed": 1729,
          "candidate_accuracy": 0.8306878306878307,
          "candidate_only_passes": 0,
          "paired_tasks": 378,
          "reference_accuracy": 0.8306878306878307,
          "reference_only_passes": 0
        },
        "plus": {
          "accuracy_delta": 0.0,
          "accuracy_delta_ci95": [
            0.0,
            0.0
          ],
          "bootstrap_samples": 10000,
          "bootstrap_seed": 1729,
          "candidate_accuracy": 0.7195767195767195,
          "candidate_only_passes": 0,
          "paired_tasks": 378,
          "reference_accuracy": 0.7195767195767195,
          "reference_only_passes": 0
        }
      }
    }
  },
  "reference_method": "source_reuse_eagle3",
  "scorer": "EvalPlus base and plus tests"
}
