Loading weights:   0%|          | 0/399 [00:00<?, ?it/s]Loading weights: 100%|██████████| 399/399 [00:00<00:00, 7828.20it/s]
Loading weights:   0%|          | 0/58 [00:00<?, ?it/s]Loading weights: 100%|██████████| 58/58 [00:00<00:00, 10387.70it/s]
/home/aryama.murthy/native-joint-deps/torchao0150/torchao/quantization/quant_api.py:2525: SyntaxWarning: invalid escape sequence '\.'
  * regex for parameter names, must start with `re:`, e.g. `re:language\.layers\..+\.q_proj.weight`.
/home/aryama.murthy/native-joint-deps/torchao0150/torchao/quantization/quant_api.py:1208: UserWarning: Config Deprecation: version 1 of Int4WeightOnlyConfig is deprecated and will no longer be supported in a future release, please use version 2, see https://github.com/pytorch/ao/issues/2948 for more details
  warnings.warn(
/home/aryama.murthy/native-joint-deps/torchao0150/torchao/dtypes/uintx/tensor_core_tiled_layout.py:241: UserWarning: Models quantized with version 1 of Int4WeightOnlyConfig is deprecated and will no longer be supported in a future release, please upgrade torchao and quantize again, or download a newer torchao checkpoint, see https://github.com/pytorch/ao/issues/2948 for more details
  warnings.warn(
Traceback (most recent call last):
  File "/home/aryama.murthy/native-joint-20260908-v30/run_radical.py", line 115, in <module>
    main()
  File "/home/aryama.murthy/native-joint-20260908-v30/run_radical.py", line 67, in main
    candidate, candidate_target, quantization = build_candidate(native, target, spec["quantization"], args.output, official, encode(records[0]), eos)
                                                ^^^^^^^^^^^^^^^^^^^^^^^^^^^^^^^^^^^^^^^^^^^^^^^^^^^^^^^^^^^^^^^^^^^^^^^^^^^^^^^^^^^^^^^^^^^^^^^^^^^^^
  File "/home/aryama.murthy/native-joint-20260908-v30/quantized_draft.py", line 61, in build_candidate
    restored.load_state_dict(saved["student"], assign=True)
  File "/home/aryama.murthy/.venvs/factorspec-20260826/lib/python3.12/site-packages/torch/nn/modules/module.py", line 2629, in load_state_dict
    raise RuntimeError(
RuntimeError: Error(s) in loading state_dict for DFlashDraftModel:
	While copying the parameter named "layers.0.self_attn.q_proj.weight", whose dimensions in the model are torch.Size([4096, 4096]) and whose dimensions in the checkpoint are torch.Size([4096, 4096]), an exception occurred : ('Attempted to set the storage of a tensor on device "cuda:0" to a storage on different device "cuda".  This is no longer allowed; the devices must match.',).
	While copying the parameter named "layers.0.self_attn.k_proj.weight", whose dimensions in the model are torch.Size([1024, 4096]) and whose dimensions in the checkpoint are torch.Size([1024, 4096]), an exception occurred : ('Attempted to set the storage of a tensor on device "cuda:0" to a storage on different device "cuda".  This is no longer allowed; the devices must match.',).
	While copying the parameter named "layers.0.self_attn.v_proj.weight", whose dimensions in the model are torch.Size([1024, 4096]) and whose dimensions in the checkpoint are torch.Size([1024, 4096]), an exception occurred : ('Attempted to set the storage of a tensor on device "cuda:0" to a storage on different device "cuda".  This is no longer allowed; the devices must match.',).
	While copying the parameter named "layers.0.self_attn.o_proj.weight", whose dimensions in the model are torch.Size([4096, 4096]) and whose dimensions in the checkpoint are torch.Size([4096, 4096]), an exception occurred : ('Attempted to set the storage of a tensor on device "cuda:0" to a storage on different device "cuda".  This is no longer allowed; the devices must match.',).
	While copying the parameter named "layers.0.mlp.gate_proj.weight", whose dimensions in the model are torch.Size([12288, 4096]) and whose dimensions in the checkpoint are torch.Size([12288, 4096]), an exception occurred : ('Attempted to set the storage of a tensor on device "cuda:0" to a storage on different device "cuda".  This is no longer allowed; the devices must match.',).
	While copying the parameter named "layers.0.mlp.up_proj.weight", whose dimensions in the model are torch.Size([12288, 4096]) and whose dimensions in the checkpoint are torch.Size([12288, 4096]), an exception occurred : ('Attempted to set the storage of a tensor on device "cuda:0" to a storage on different device "cuda".  This is no longer allowed; the devices must match.',).
	While copying the parameter named "layers.0.mlp.down_proj.weight", whose dimensions in the model are torch.Size([4096, 12288]) and whose dimensions in the checkpoint are torch.Size([4096, 12288]), an exception occurred : ('Attempted to set the storage of a tensor on device "cuda:0" to a storage on different device "cuda".  This is no longer allowed; the devices must match.',).
	While copying the parameter named "layers.1.self_attn.q_proj.weight", whose dimensions in the model are torch.Size([4096, 4096]) and whose dimensions in the checkpoint are torch.Size([4096, 4096]), an exception occurred : ('Attempted to set the storage of a tensor on device "cuda:0" to a storage on different device "cuda".  This is no longer allowed; the devices must match.',).
	While copying the parameter named "layers.1.self_attn.k_proj.weight", whose dimensions in the model are torch.Size([1024, 4096]) and whose dimensions in the checkpoint are torch.Size([1024, 4096]), an exception occurred : ('Attempted to set the storage of a tensor on device "cuda:0" to a storage on different device "cuda".  This is no longer allowed; the devices must match.',).
	While copying the parameter named "layers.1.self_attn.v_proj.weight", whose dimensions in the model are torch.Size([1024, 4096]) and whose dimensions in the checkpoint are torch.Size([1024, 4096]), an exception occurred : ('Attempted to set the storage of a tensor on device "cuda:0" to a storage on different device "cuda".  This is no longer allowed; the devices must match.',).
	While copying the parameter named "layers.1.self_attn.o_proj.weight", whose dimensions in the model are torch.Size([4096, 4096]) and whose dimensions in the checkpoint are torch.Size([4096, 4096]), an exception occurred : ('Attempted to set the storage of a tensor on device "cuda:0" to a storage on different device "cuda".  This is no longer allowed; the devices must match.',).
	While copying the parameter named "layers.1.mlp.gate_proj.weight", whose dimensions in the model are torch.Size([12288, 4096]) and whose dimensions in the checkpoint are torch.Size([12288, 4096]), an exception occurred : ('Attempted to set the storage of a tensor on device "cuda:0" to a storage on different device "cuda".  This is no longer allowed; the devices must match.',).
	While copying the parameter named "layers.1.mlp.up_proj.weight", whose dimensions in the model are torch.Size([12288, 4096]) and whose dimensions in the checkpoint are torch.Size([12288, 4096]), an exception occurred : ('Attempted to set the storage of a tensor on device "cuda:0" to a storage on different device "cuda".  This is no longer allowed; the devices must match.',).
	While copying the parameter named "layers.1.mlp.down_proj.weight", whose dimensions in the model are torch.Size([4096, 12288]) and whose dimensions in the checkpoint are torch.Size([4096, 12288]), an exception occurred : ('Attempted to set the storage of a tensor on device "cuda:0" to a storage on different device "cuda".  This is no longer allowed; the devices must match.',).
	While copying the parameter named "layers.2.self_attn.q_proj.weight", whose dimensions in the model are torch.Size([4096, 4096]) and whose dimensions in the checkpoint are torch.Size([4096, 4096]), an exception occurred : ('Attempted to set the storage of a tensor on device "cuda:0" to a storage on different device "cuda".  This is no longer allowed; the devices must match.',).
	While copying the parameter named "layers.2.self_attn.k_proj.weight", whose dimensions in the model are torch.Size([1024, 4096]) and whose dimensions in the checkpoint are torch.Size([1024, 4096]), an exception occurred : ('Attempted to set the storage of a tensor on device "cuda:0" to a storage on different device "cuda".  This is no longer allowed; the devices must match.',).
	While copying the parameter named "layers.2.self_attn.v_proj.weight", whose dimensions in the model are torch.Size([1024, 4096]) and whose dimensions in the checkpoint are torch.Size([1024, 4096]), an exception occurred : ('Attempted to set the storage of a tensor on device "cuda:0" to a storage on different device "cuda".  This is no longer allowed; the devices must match.',).
	While copying the parameter named "layers.2.self_attn.o_proj.weight", whose dimensions in the model are torch.Size([4096, 4096]) and whose dimensions in the checkpoint are torch.Size([4096, 4096]), an exception occurred : ('Attempted to set the storage of a tensor on device "cuda:0" to a storage on different device "cuda".  This is no longer allowed; the devices must match.',).
	While copying the parameter named "layers.2.mlp.gate_proj.weight", whose dimensions in the model are torch.Size([12288, 4096]) and whose dimensions in the checkpoint are torch.Size([12288, 4096]), an exception occurred : ('Attempted to set the storage of a tensor on device "cuda:0" to a storage on different device "cuda".  This is no longer allowed; the devices must match.',).
	While copying the parameter named "layers.2.mlp.up_proj.weight", whose dimensions in the model are torch.Size([12288, 4096]) and whose dimensions in the checkpoint are torch.Size([12288, 4096]), an exception occurred : ('Attempted to set the storage of a tensor on device "cuda:0" to a storage on different device "cuda".  This is no longer allowed; the devices must match.',).
	While copying the parameter named "layers.2.mlp.down_proj.weight", whose dimensions in the model are torch.Size([4096, 12288]) and whose dimensions in the checkpoint are torch.Size([4096, 12288]), an exception occurred : ('Attempted to set the storage of a tensor on device "cuda:0" to a storage on different device "cuda".  This is no longer allowed; the devices must match.',).
	While copying the parameter named "layers.3.self_attn.q_proj.weight", whose dimensions in the model are torch.Size([4096, 4096]) and whose dimensions in the checkpoint are torch.Size([4096, 4096]), an exception occurred : ('Attempted to set the storage of a tensor on device "cuda:0" to a storage on different device "cuda".  This is no longer allowed; the devices must match.',).
	While copying the parameter named "layers.3.self_attn.k_proj.weight", whose dimensions in the model are torch.Size([1024, 4096]) and whose dimensions in the checkpoint are torch.Size([1024, 4096]), an exception occurred : ('Attempted to set the storage of a tensor on device "cuda:0" to a storage on different device "cuda".  This is no longer allowed; the devices must match.',).
	While copying the parameter named "layers.3.self_attn.v_proj.weight", whose dimensions in the model are torch.Size([1024, 4096]) and whose dimensions in the checkpoint are torch.Size([1024, 4096]), an exception occurred : ('Attempted to set the storage of a tensor on device "cuda:0" to a storage on different device "cuda".  This is no longer allowed; the devices must match.',).
	While copying the parameter named "layers.3.self_attn.o_proj.weight", whose dimensions in the model are torch.Size([4096, 4096]) and whose dimensions in the checkpoint are torch.Size([4096, 4096]), an exception occurred : ('Attempted to set the storage of a tensor on device "cuda:0" to a storage on different device "cuda".  This is no longer allowed; the devices must match.',).
	While copying the parameter named "layers.3.mlp.gate_proj.weight", whose dimensions in the model are torch.Size([12288, 4096]) and whose dimensions in the checkpoint are torch.Size([12288, 4096]), an exception occurred : ('Attempted to set the storage of a tensor on device "cuda:0" to a storage on different device "cuda".  This is no longer allowed; the devices must match.',).
	While copying the parameter named "layers.3.mlp.up_proj.weight", whose dimensions in the model are torch.Size([12288, 4096]) and whose dimensions in the checkpoint are torch.Size([12288, 4096]), an exception occurred : ('Attempted to set the storage of a tensor on device "cuda:0" to a storage on different device "cuda".  This is no longer allowed; the devices must match.',).
	While copying the parameter named "layers.3.mlp.down_proj.weight", whose dimensions in the model are torch.Size([4096, 12288]) and whose dimensions in the checkpoint are torch.Size([4096, 12288]), an exception occurred : ('Attempted to set the storage of a tensor on device "cuda:0" to a storage on different device "cuda".  This is no longer allowed; the devices must match.',).
	While copying the parameter named "layers.4.self_attn.q_proj.weight", whose dimensions in the model are torch.Size([4096, 4096]) and whose dimensions in the checkpoint are torch.Size([4096, 4096]), an exception occurred : ('Attempted to set the storage of a tensor on device "cuda:0" to a storage on different device "cuda".  This is no longer allowed; the devices must match.',).
	While copying the parameter named "layers.4.self_attn.k_proj.weight", whose dimensions in the model are torch.Size([1024, 4096]) and whose dimensions in the checkpoint are torch.Size([1024, 4096]), an exception occurred : ('Attempted to set the storage of a tensor on device "cuda:0" to a storage on different device "cuda".  This is no longer allowed; the devices must match.',).
	While copying the parameter named "layers.4.self_attn.v_proj.weight", whose dimensions in the model are torch.Size([1024, 4096]) and whose dimensions in the checkpoint are torch.Size([1024, 4096]), an exception occurred : ('Attempted to set the storage of a tensor on device "cuda:0" to a storage on different device "cuda".  This is no longer allowed; the devices must match.',).
	While copying the parameter named "layers.4.self_attn.o_proj.weight", whose dimensions in the model are torch.Size([4096, 4096]) and whose dimensions in the checkpoint are torch.Size([4096, 4096]), an exception occurred : ('Attempted to set the storage of a tensor on device "cuda:0" to a storage on different device "cuda".  This is no longer allowed; the devices must match.',).
	While copying the parameter named "layers.4.mlp.gate_proj.weight", whose dimensions in the model are torch.Size([12288, 4096]) and whose dimensions in the checkpoint are torch.Size([12288, 4096]), an exception occurred : ('Attempted to set the storage of a tensor on device "cuda:0" to a storage on different device "cuda".  This is no longer allowed; the devices must match.',).
	While copying the parameter named "layers.4.mlp.up_proj.weight", whose dimensions in the model are torch.Size([12288, 4096]) and whose dimensions in the checkpoint are torch.Size([12288, 4096]), an exception occurred : ('Attempted to set the storage of a tensor on device "cuda:0" to a storage on different device "cuda".  This is no longer allowed; the devices must match.',).
	While copying the parameter named "layers.4.mlp.down_proj.weight", whose dimensions in the model are torch.Size([4096, 12288]) and whose dimensions in the checkpoint are torch.Size([4096, 12288]), an exception occurred : ('Attempted to set the storage of a tensor on device "cuda:0" to a storage on different device "cuda".  This is no longer allowed; the devices must match.',).
	While copying the parameter named "fc.weight", whose dimensions in the model are torch.Size([4096, 20480]) and whose dimensions in the checkpoint are torch.Size([4096, 20480]), an exception occurred : ('Attempted to set the storage of a tensor on device "cuda:0" to a storage on different device "cuda".  This is no longer allowed; the devices must match.',).
